Archive member included because of file (symbol)

/Users/keith/pebble-dev/PebbleSDK-2.0-BETA7/Pebble/lib/libpebble.a(tmpW5b3swpebble.o)
                              src/morpheuz.c.22.o (accel_data_service_unsubscribe)
/Users/keith/pebble-dev/PebbleSDK-2.0-BETA7/arm-cs-tools/bin/../lib/gcc/arm-none-eabi/4.7.2/thumb2/libgcc.a(_arm_addsubdf3.o)
                              src/memoryandcalc.c.22.o (__aeabi_ui2d)
/Users/keith/pebble-dev/PebbleSDK-2.0-BETA7/arm-cs-tools/bin/../lib/gcc/arm-none-eabi/4.7.2/thumb2/libgcc.a(_arm_muldivdf3.o)
                              src/main.c.22.o (__aeabi_dmul)
/Users/keith/pebble-dev/PebbleSDK-2.0-BETA7/arm-cs-tools/bin/../lib/gcc/arm-none-eabi/4.7.2/thumb2/libgcc.a(_arm_fixdfsi.o)
                              src/memoryandcalc.c.22.o (__aeabi_d2iz)
/Users/keith/pebble-dev/PebbleSDK-2.0-BETA7/arm-cs-tools/bin/../lib/gcc/arm-none-eabi/4.7.2/thumb2/libgcc.a(_arm_fixunsdfsi.o)
                              src/main.c.22.o (__aeabi_d2uiz)
/Users/keith/pebble-dev/PebbleSDK-2.0-BETA7/arm-cs-tools/bin/../lib/gcc/arm-none-eabi/4.7.2/../../../../arm-none-eabi/lib/thumb2/libc.a(lib_a-memcmp.o)
                              src/memoryandcalc.c.22.o (memcmp)

Discarded input sections

 .text          0x0000000000000000        0x0 /Users/keith/pebble-dev/PebbleSDK-2.0-BETA7/arm-cs-tools/bin/../lib/gcc/arm-none-eabi/4.7.2/thumb2/crti.o
 .bss           0x0000000000000000        0x0 /Users/keith/pebble-dev/PebbleSDK-2.0-BETA7/arm-cs-tools/bin/../lib/gcc/arm-none-eabi/4.7.2/thumb2/crti.o
 .init          0x0000000000000000        0x4 /Users/keith/pebble-dev/PebbleSDK-2.0-BETA7/arm-cs-tools/bin/../lib/gcc/arm-none-eabi/4.7.2/thumb2/crti.o
 .fini          0x0000000000000000        0x4 /Users/keith/pebble-dev/PebbleSDK-2.0-BETA7/arm-cs-tools/bin/../lib/gcc/arm-none-eabi/4.7.2/thumb2/crti.o
 .text          0x0000000000000000       0xc8 /Users/keith/pebble-dev/PebbleSDK-2.0-BETA7/arm-cs-tools/bin/../lib/gcc/arm-none-eabi/4.7.2/thumb2/crtbegin.o
 .bss           0x0000000000000000       0x1c /Users/keith/pebble-dev/PebbleSDK-2.0-BETA7/arm-cs-tools/bin/../lib/gcc/arm-none-eabi/4.7.2/thumb2/crtbegin.o
 .init_array    0x0000000000000000        0x4 /Users/keith/pebble-dev/PebbleSDK-2.0-BETA7/arm-cs-tools/bin/../lib/gcc/arm-none-eabi/4.7.2/thumb2/crtbegin.o
 .fini_array    0x0000000000000000        0x4 /Users/keith/pebble-dev/PebbleSDK-2.0-BETA7/arm-cs-tools/bin/../lib/gcc/arm-none-eabi/4.7.2/thumb2/crtbegin.o
 .eh_frame      0x0000000000000000        0x0 /Users/keith/pebble-dev/PebbleSDK-2.0-BETA7/arm-cs-tools/bin/../lib/gcc/arm-none-eabi/4.7.2/thumb2/crtbegin.o
 .jcr           0x0000000000000000        0x0 /Users/keith/pebble-dev/PebbleSDK-2.0-BETA7/arm-cs-tools/bin/../lib/gcc/arm-none-eabi/4.7.2/thumb2/crtbegin.o
 .tm_clone_table
                0x0000000000000000        0x0 /Users/keith/pebble-dev/PebbleSDK-2.0-BETA7/arm-cs-tools/bin/../lib/gcc/arm-none-eabi/4.7.2/thumb2/crtbegin.o
 .text          0x0000000000000000        0x0 src/alarm.c.22.o
 .bss           0x0000000000000000        0x0 src/alarm.c.22.o
 .text          0x0000000000000000        0x0 src/main.c.22.o
 .bss           0x0000000000000000        0x0 src/main.c.22.o
 .text          0x0000000000000000        0x0 src/memoryandcalc.c.22.o
 .bss           0x0000000000000000        0x0 src/memoryandcalc.c.22.o
 .text          0x0000000000000000        0x0 src/morpheuz.c.22.o
 .bss           0x0000000000000000        0x0 src/morpheuz.c.22.o
 .text          0x0000000000000000        0x0 src/powernap.c.22.o
 .bss           0x0000000000000000        0x0 src/powernap.c.22.o
 .text          0x0000000000000000        0x0 appinfo.auto.c.22.o
 .bss           0x0000000000000000        0x0 appinfo.auto.c.22.o
 .bss           0x0000000000000000        0x0 /Users/keith/pebble-dev/PebbleSDK-2.0-BETA7/Pebble/lib/libpebble.a(tmpW5b3swpebble.o)
 .text.accel_data_service_subscribe__deprecated
                0x0000000000000000        0xc /Users/keith/pebble-dev/PebbleSDK-2.0-BETA7/Pebble/lib/libpebble.a(tmpW5b3swpebble.o)
 .text.accel_service_peek
                0x0000000000000000        0xc /Users/keith/pebble-dev/PebbleSDK-2.0-BETA7/Pebble/lib/libpebble.a(tmpW5b3swpebble.o)
 .text.accel_service_set_samples_per_update
                0x0000000000000000        0xc /Users/keith/pebble-dev/PebbleSDK-2.0-BETA7/Pebble/lib/libpebble.a(tmpW5b3swpebble.o)
 .text.accel_tap_service_subscribe
                0x0000000000000000        0xc /Users/keith/pebble-dev/PebbleSDK-2.0-BETA7/Pebble/lib/libpebble.a(tmpW5b3swpebble.o)
 .text.accel_tap_service_unsubscribe
                0x0000000000000000        0xc /Users/keith/pebble-dev/PebbleSDK-2.0-BETA7/Pebble/lib/libpebble.a(tmpW5b3swpebble.o)
 .text.action_bar_layer_add_to_window
                0x0000000000000000        0xc /Users/keith/pebble-dev/PebbleSDK-2.0-BETA7/Pebble/lib/libpebble.a(tmpW5b3swpebble.o)
 .text.action_bar_layer_clear_icon
                0x0000000000000000        0xc /Users/keith/pebble-dev/PebbleSDK-2.0-BETA7/Pebble/lib/libpebble.a(tmpW5b3swpebble.o)
 .text.action_bar_layer_create
                0x0000000000000000        0xc /Users/keith/pebble-dev/PebbleSDK-2.0-BETA7/Pebble/lib/libpebble.a(tmpW5b3swpebble.o)
 .text.action_bar_layer_destroy
                0x0000000000000000        0xc /Users/keith/pebble-dev/PebbleSDK-2.0-BETA7/Pebble/lib/libpebble.a(tmpW5b3swpebble.o)
 .text.action_bar_layer_get_layer
                0x0000000000000000        0xc /Users/keith/pebble-dev/PebbleSDK-2.0-BETA7/Pebble/lib/libpebble.a(tmpW5b3swpebble.o)
 .text.action_bar_layer_remove_from_window
                0x0000000000000000        0xc /Users/keith/pebble-dev/PebbleSDK-2.0-BETA7/Pebble/lib/libpebble.a(tmpW5b3swpebble.o)
 .text.action_bar_layer_set_background_color
                0x0000000000000000        0xc /Users/keith/pebble-dev/PebbleSDK-2.0-BETA7/Pebble/lib/libpebble.a(tmpW5b3swpebble.o)
 .text.action_bar_layer_set_click_config_provider
                0x0000000000000000        0xc /Users/keith/pebble-dev/PebbleSDK-2.0-BETA7/Pebble/lib/libpebble.a(tmpW5b3swpebble.o)
 .text.action_bar_layer_set_context
                0x0000000000000000        0xc /Users/keith/pebble-dev/PebbleSDK-2.0-BETA7/Pebble/lib/libpebble.a(tmpW5b3swpebble.o)
 .text.action_bar_layer_set_icon
                0x0000000000000000        0xc /Users/keith/pebble-dev/PebbleSDK-2.0-BETA7/Pebble/lib/libpebble.a(tmpW5b3swpebble.o)
 .text.animation_create
                0x0000000000000000        0xc /Users/keith/pebble-dev/PebbleSDK-2.0-BETA7/Pebble/lib/libpebble.a(tmpW5b3swpebble.o)
 .text.animation_destroy
                0x0000000000000000        0xc /Users/keith/pebble-dev/PebbleSDK-2.0-BETA7/Pebble/lib/libpebble.a(tmpW5b3swpebble.o)
 .text.animation_get_context
                0x0000000000000000        0xc /Users/keith/pebble-dev/PebbleSDK-2.0-BETA7/Pebble/lib/libpebble.a(tmpW5b3swpebble.o)
 .text.animation_is_scheduled
                0x0000000000000000        0xc /Users/keith/pebble-dev/PebbleSDK-2.0-BETA7/Pebble/lib/libpebble.a(tmpW5b3swpebble.o)
 .text.animation_schedule
                0x0000000000000000        0xc /Users/keith/pebble-dev/PebbleSDK-2.0-BETA7/Pebble/lib/libpebble.a(tmpW5b3swpebble.o)
 .text.animation_set_curve
                0x0000000000000000        0xc /Users/keith/pebble-dev/PebbleSDK-2.0-BETA7/Pebble/lib/libpebble.a(tmpW5b3swpebble.o)
 .text.animation_set_delay
                0x0000000000000000        0xc /Users/keith/pebble-dev/PebbleSDK-2.0-BETA7/Pebble/lib/libpebble.a(tmpW5b3swpebble.o)
 .text.animation_set_duration
                0x0000000000000000        0xc /Users/keith/pebble-dev/PebbleSDK-2.0-BETA7/Pebble/lib/libpebble.a(tmpW5b3swpebble.o)
 .text.animation_set_handlers
                0x0000000000000000        0xc /Users/keith/pebble-dev/PebbleSDK-2.0-BETA7/Pebble/lib/libpebble.a(tmpW5b3swpebble.o)
 .text.animation_set_implementation
                0x0000000000000000        0xc /Users/keith/pebble-dev/PebbleSDK-2.0-BETA7/Pebble/lib/libpebble.a(tmpW5b3swpebble.o)
 .text.animation_unschedule
                0x0000000000000000        0xc /Users/keith/pebble-dev/PebbleSDK-2.0-BETA7/Pebble/lib/libpebble.a(tmpW5b3swpebble.o)
 .text.animation_unschedule_all
                0x0000000000000000        0xc /Users/keith/pebble-dev/PebbleSDK-2.0-BETA7/Pebble/lib/libpebble.a(tmpW5b3swpebble.o)
 .text.app_comm_get_sniff_interval
                0x0000000000000000        0xc /Users/keith/pebble-dev/PebbleSDK-2.0-BETA7/Pebble/lib/libpebble.a(tmpW5b3swpebble.o)
 .text.app_comm_set_sniff_interval
                0x0000000000000000        0xc /Users/keith/pebble-dev/PebbleSDK-2.0-BETA7/Pebble/lib/libpebble.a(tmpW5b3swpebble.o)
 .text.app_message_deregister_callbacks
                0x0000000000000000        0xc /Users/keith/pebble-dev/PebbleSDK-2.0-BETA7/Pebble/lib/libpebble.a(tmpW5b3swpebble.o)
 .text.app_sync_deinit
                0x0000000000000000        0xc /Users/keith/pebble-dev/PebbleSDK-2.0-BETA7/Pebble/lib/libpebble.a(tmpW5b3swpebble.o)
 .text.app_sync_get
                0x0000000000000000        0xc /Users/keith/pebble-dev/PebbleSDK-2.0-BETA7/Pebble/lib/libpebble.a(tmpW5b3swpebble.o)
 .text.app_sync_init
                0x0000000000000000        0xc /Users/keith/pebble-dev/PebbleSDK-2.0-BETA7/Pebble/lib/libpebble.a(tmpW5b3swpebble.o)
 .text.app_sync_set
                0x0000000000000000        0xc /Users/keith/pebble-dev/PebbleSDK-2.0-BETA7/Pebble/lib/libpebble.a(tmpW5b3swpebble.o)
 .text.atan2_lookup
                0x0000000000000000        0xc /Users/keith/pebble-dev/PebbleSDK-2.0-BETA7/Pebble/lib/libpebble.a(tmpW5b3swpebble.o)
 .text.atoi     0x0000000000000000        0xc /Users/keith/pebble-dev/PebbleSDK-2.0-BETA7/Pebble/lib/libpebble.a(tmpW5b3swpebble.o)
 .text.atol     0x0000000000000000        0xc /Users/keith/pebble-dev/PebbleSDK-2.0-BETA7/Pebble/lib/libpebble.a(tmpW5b3swpebble.o)
 .text.bitmap_layer_set_alignment
                0x0000000000000000        0xc /Users/keith/pebble-dev/PebbleSDK-2.0-BETA7/Pebble/lib/libpebble.a(tmpW5b3swpebble.o)
 .text.bitmap_layer_set_background_color
                0x0000000000000000        0xc /Users/keith/pebble-dev/PebbleSDK-2.0-BETA7/Pebble/lib/libpebble.a(tmpW5b3swpebble.o)
 .text.bitmap_layer_set_compositing_mode
                0x0000000000000000        0xc /Users/keith/pebble-dev/PebbleSDK-2.0-BETA7/Pebble/lib/libpebble.a(tmpW5b3swpebble.o)
 .text.click_number_of_clicks_counted
                0x0000000000000000        0xc /Users/keith/pebble-dev/PebbleSDK-2.0-BETA7/Pebble/lib/libpebble.a(tmpW5b3swpebble.o)
 .text.click_recognizer_get_button_id
                0x0000000000000000        0xc /Users/keith/pebble-dev/PebbleSDK-2.0-BETA7/Pebble/lib/libpebble.a(tmpW5b3swpebble.o)
 .text.clock_is_24h_style
                0x0000000000000000        0xc /Users/keith/pebble-dev/PebbleSDK-2.0-BETA7/Pebble/lib/libpebble.a(tmpW5b3swpebble.o)
 .text.cos_lookup
                0x0000000000000000        0xc /Users/keith/pebble-dev/PebbleSDK-2.0-BETA7/Pebble/lib/libpebble.a(tmpW5b3swpebble.o)
 .text.data_logging_create
                0x0000000000000000        0xc /Users/keith/pebble-dev/PebbleSDK-2.0-BETA7/Pebble/lib/libpebble.a(tmpW5b3swpebble.o)
 .text.data_logging_finish
                0x0000000000000000        0xc /Users/keith/pebble-dev/PebbleSDK-2.0-BETA7/Pebble/lib/libpebble.a(tmpW5b3swpebble.o)
 .text.data_logging_log
                0x0000000000000000        0xc /Users/keith/pebble-dev/PebbleSDK-2.0-BETA7/Pebble/lib/libpebble.a(tmpW5b3swpebble.o)
 .text.dict_calc_buffer_size
                0x0000000000000000        0xc /Users/keith/pebble-dev/PebbleSDK-2.0-BETA7/Pebble/lib/libpebble.a(tmpW5b3swpebble.o)
 .text.dict_merge
                0x0000000000000000        0xc /Users/keith/pebble-dev/PebbleSDK-2.0-BETA7/Pebble/lib/libpebble.a(tmpW5b3swpebble.o)
 .text.dict_read_begin_from_buffer
                0x0000000000000000        0xc /Users/keith/pebble-dev/PebbleSDK-2.0-BETA7/Pebble/lib/libpebble.a(tmpW5b3swpebble.o)
 .text.dict_read_first
                0x0000000000000000        0xc /Users/keith/pebble-dev/PebbleSDK-2.0-BETA7/Pebble/lib/libpebble.a(tmpW5b3swpebble.o)
 .text.dict_read_next
                0x0000000000000000        0xc /Users/keith/pebble-dev/PebbleSDK-2.0-BETA7/Pebble/lib/libpebble.a(tmpW5b3swpebble.o)
 .text.dict_serialize_tuplets
                0x0000000000000000        0xc /Users/keith/pebble-dev/PebbleSDK-2.0-BETA7/Pebble/lib/libpebble.a(tmpW5b3swpebble.o)
 .text.dict_serialize_tuplets_to_buffer__deprecated
                0x0000000000000000        0xc /Users/keith/pebble-dev/PebbleSDK-2.0-BETA7/Pebble/lib/libpebble.a(tmpW5b3swpebble.o)
 .text.dict_serialize_tuplets_to_buffer_with_iter
                0x0000000000000000        0xc /Users/keith/pebble-dev/PebbleSDK-2.0-BETA7/Pebble/lib/libpebble.a(tmpW5b3swpebble.o)
 .text.dict_write_begin
                0x0000000000000000        0xc /Users/keith/pebble-dev/PebbleSDK-2.0-BETA7/Pebble/lib/libpebble.a(tmpW5b3swpebble.o)
 .text.dict_write_cstring
                0x0000000000000000        0xc /Users/keith/pebble-dev/PebbleSDK-2.0-BETA7/Pebble/lib/libpebble.a(tmpW5b3swpebble.o)
 .text.dict_write_data
                0x0000000000000000        0xc /Users/keith/pebble-dev/PebbleSDK-2.0-BETA7/Pebble/lib/libpebble.a(tmpW5b3swpebble.o)
 .text.dict_write_int
                0x0000000000000000        0xc /Users/keith/pebble-dev/PebbleSDK-2.0-BETA7/Pebble/lib/libpebble.a(tmpW5b3swpebble.o)
 .text.dict_write_int16
                0x0000000000000000        0xc /Users/keith/pebble-dev/PebbleSDK-2.0-BETA7/Pebble/lib/libpebble.a(tmpW5b3swpebble.o)
 .text.dict_write_int32
                0x0000000000000000        0xc /Users/keith/pebble-dev/PebbleSDK-2.0-BETA7/Pebble/lib/libpebble.a(tmpW5b3swpebble.o)
 .text.dict_write_int8
                0x0000000000000000        0xc /Users/keith/pebble-dev/PebbleSDK-2.0-BETA7/Pebble/lib/libpebble.a(tmpW5b3swpebble.o)
 .text.dict_write_uint16
                0x0000000000000000        0xc /Users/keith/pebble-dev/PebbleSDK-2.0-BETA7/Pebble/lib/libpebble.a(tmpW5b3swpebble.o)
 .text.dict_write_uint32
                0x0000000000000000        0xc /Users/keith/pebble-dev/PebbleSDK-2.0-BETA7/Pebble/lib/libpebble.a(tmpW5b3swpebble.o)
 .text.dict_write_uint8
                0x0000000000000000        0xc /Users/keith/pebble-dev/PebbleSDK-2.0-BETA7/Pebble/lib/libpebble.a(tmpW5b3swpebble.o)
 .text.free     0x0000000000000000        0xc /Users/keith/pebble-dev/PebbleSDK-2.0-BETA7/Pebble/lib/libpebble.a(tmpW5b3swpebble.o)
 .text.gbitmap_create_as_sub_bitmap
                0x0000000000000000        0xc /Users/keith/pebble-dev/PebbleSDK-2.0-BETA7/Pebble/lib/libpebble.a(tmpW5b3swpebble.o)
 .text.gbitmap_create_with_data
                0x0000000000000000        0xc /Users/keith/pebble-dev/PebbleSDK-2.0-BETA7/Pebble/lib/libpebble.a(tmpW5b3swpebble.o)
 .text.gmtime   0x0000000000000000        0xc /Users/keith/pebble-dev/PebbleSDK-2.0-BETA7/Pebble/lib/libpebble.a(tmpW5b3swpebble.o)
 .text.gpath_create
                0x0000000000000000        0xc /Users/keith/pebble-dev/PebbleSDK-2.0-BETA7/Pebble/lib/libpebble.a(tmpW5b3swpebble.o)
 .text.gpath_destroy
                0x0000000000000000        0xc /Users/keith/pebble-dev/PebbleSDK-2.0-BETA7/Pebble/lib/libpebble.a(tmpW5b3swpebble.o)
 .text.gpath_draw_filled
                0x0000000000000000        0xc /Users/keith/pebble-dev/PebbleSDK-2.0-BETA7/Pebble/lib/libpebble.a(tmpW5b3swpebble.o)
 .text.gpath_draw_outline
                0x0000000000000000        0xc /Users/keith/pebble-dev/PebbleSDK-2.0-BETA7/Pebble/lib/libpebble.a(tmpW5b3swpebble.o)
 .text.gpath_move_to
                0x0000000000000000        0xc /Users/keith/pebble-dev/PebbleSDK-2.0-BETA7/Pebble/lib/libpebble.a(tmpW5b3swpebble.o)
 .text.gpath_rotate_to
                0x0000000000000000        0xc /Users/keith/pebble-dev/PebbleSDK-2.0-BETA7/Pebble/lib/libpebble.a(tmpW5b3swpebble.o)
 .text.gpoint_equal
                0x0000000000000000        0xc /Users/keith/pebble-dev/PebbleSDK-2.0-BETA7/Pebble/lib/libpebble.a(tmpW5b3swpebble.o)
 .text.graphics_context_set_text_color
                0x0000000000000000        0xc /Users/keith/pebble-dev/PebbleSDK-2.0-BETA7/Pebble/lib/libpebble.a(tmpW5b3swpebble.o)
 .text.graphics_draw_circle
                0x0000000000000000        0xc /Users/keith/pebble-dev/PebbleSDK-2.0-BETA7/Pebble/lib/libpebble.a(tmpW5b3swpebble.o)
 .text.graphics_draw_line
                0x0000000000000000        0xc /Users/keith/pebble-dev/PebbleSDK-2.0-BETA7/Pebble/lib/libpebble.a(tmpW5b3swpebble.o)
 .text.graphics_draw_pixel
                0x0000000000000000        0xc /Users/keith/pebble-dev/PebbleSDK-2.0-BETA7/Pebble/lib/libpebble.a(tmpW5b3swpebble.o)
 .text.graphics_draw_rect
                0x0000000000000000        0xc /Users/keith/pebble-dev/PebbleSDK-2.0-BETA7/Pebble/lib/libpebble.a(tmpW5b3swpebble.o)
 .text.graphics_draw_round_rect
                0x0000000000000000        0xc /Users/keith/pebble-dev/PebbleSDK-2.0-BETA7/Pebble/lib/libpebble.a(tmpW5b3swpebble.o)
 .text.graphics_fill_circle
                0x0000000000000000        0xc /Users/keith/pebble-dev/PebbleSDK-2.0-BETA7/Pebble/lib/libpebble.a(tmpW5b3swpebble.o)
 .text.graphics_text_layout_get_max_used_size
                0x0000000000000000        0xc /Users/keith/pebble-dev/PebbleSDK-2.0-BETA7/Pebble/lib/libpebble.a(tmpW5b3swpebble.o)
 .text.grect_align
                0x0000000000000000        0xc /Users/keith/pebble-dev/PebbleSDK-2.0-BETA7/Pebble/lib/libpebble.a(tmpW5b3swpebble.o)
 .text.grect_center_point
                0x0000000000000000        0xc /Users/keith/pebble-dev/PebbleSDK-2.0-BETA7/Pebble/lib/libpebble.a(tmpW5b3swpebble.o)
 .text.grect_clip
                0x0000000000000000        0xc /Users/keith/pebble-dev/PebbleSDK-2.0-BETA7/Pebble/lib/libpebble.a(tmpW5b3swpebble.o)
 .text.grect_contains_point
                0x0000000000000000        0xc /Users/keith/pebble-dev/PebbleSDK-2.0-BETA7/Pebble/lib/libpebble.a(tmpW5b3swpebble.o)
 .text.grect_crop
                0x0000000000000000        0xc /Users/keith/pebble-dev/PebbleSDK-2.0-BETA7/Pebble/lib/libpebble.a(tmpW5b3swpebble.o)
 .text.grect_equal
                0x0000000000000000        0xc /Users/keith/pebble-dev/PebbleSDK-2.0-BETA7/Pebble/lib/libpebble.a(tmpW5b3swpebble.o)
 .text.grect_is_empty
                0x0000000000000000        0xc /Users/keith/pebble-dev/PebbleSDK-2.0-BETA7/Pebble/lib/libpebble.a(tmpW5b3swpebble.o)
 .text.grect_standardize
                0x0000000000000000        0xc /Users/keith/pebble-dev/PebbleSDK-2.0-BETA7/Pebble/lib/libpebble.a(tmpW5b3swpebble.o)
 .text.gsize_equal
                0x0000000000000000        0xc /Users/keith/pebble-dev/PebbleSDK-2.0-BETA7/Pebble/lib/libpebble.a(tmpW5b3swpebble.o)
 .text.layer_create_with_data
                0x0000000000000000        0xc /Users/keith/pebble-dev/PebbleSDK-2.0-BETA7/Pebble/lib/libpebble.a(tmpW5b3swpebble.o)
 .text.layer_get_clips
                0x0000000000000000        0xc /Users/keith/pebble-dev/PebbleSDK-2.0-BETA7/Pebble/lib/libpebble.a(tmpW5b3swpebble.o)
 .text.layer_get_data
                0x0000000000000000        0xc /Users/keith/pebble-dev/PebbleSDK-2.0-BETA7/Pebble/lib/libpebble.a(tmpW5b3swpebble.o)
 .text.layer_get_frame
                0x0000000000000000        0xc /Users/keith/pebble-dev/PebbleSDK-2.0-BETA7/Pebble/lib/libpebble.a(tmpW5b3swpebble.o)
 .text.layer_get_hidden
                0x0000000000000000        0xc /Users/keith/pebble-dev/PebbleSDK-2.0-BETA7/Pebble/lib/libpebble.a(tmpW5b3swpebble.o)
 .text.layer_get_window
                0x0000000000000000        0xc /Users/keith/pebble-dev/PebbleSDK-2.0-BETA7/Pebble/lib/libpebble.a(tmpW5b3swpebble.o)
 .text.layer_insert_above_sibling
                0x0000000000000000        0xc /Users/keith/pebble-dev/PebbleSDK-2.0-BETA7/Pebble/lib/libpebble.a(tmpW5b3swpebble.o)
 .text.layer_insert_below_sibling
                0x0000000000000000        0xc /Users/keith/pebble-dev/PebbleSDK-2.0-BETA7/Pebble/lib/libpebble.a(tmpW5b3swpebble.o)
 .text.layer_remove_child_layers
                0x0000000000000000        0xc /Users/keith/pebble-dev/PebbleSDK-2.0-BETA7/Pebble/lib/libpebble.a(tmpW5b3swpebble.o)
 .text.layer_remove_from_parent
                0x0000000000000000        0xc /Users/keith/pebble-dev/PebbleSDK-2.0-BETA7/Pebble/lib/libpebble.a(tmpW5b3swpebble.o)
 .text.layer_set_bounds
                0x0000000000000000        0xc /Users/keith/pebble-dev/PebbleSDK-2.0-BETA7/Pebble/lib/libpebble.a(tmpW5b3swpebble.o)
 .text.layer_set_clips
                0x0000000000000000        0xc /Users/keith/pebble-dev/PebbleSDK-2.0-BETA7/Pebble/lib/libpebble.a(tmpW5b3swpebble.o)
 .text.layer_set_frame
                0x0000000000000000        0xc /Users/keith/pebble-dev/PebbleSDK-2.0-BETA7/Pebble/lib/libpebble.a(tmpW5b3swpebble.o)
 .text.light_enable
                0x0000000000000000        0xc /Users/keith/pebble-dev/PebbleSDK-2.0-BETA7/Pebble/lib/libpebble.a(tmpW5b3swpebble.o)
 .text.malloc   0x0000000000000000        0xc /Users/keith/pebble-dev/PebbleSDK-2.0-BETA7/Pebble/lib/libpebble.a(tmpW5b3swpebble.o)
 .text.memmove  0x0000000000000000        0xc /Users/keith/pebble-dev/PebbleSDK-2.0-BETA7/Pebble/lib/libpebble.a(tmpW5b3swpebble.o)
 .text.menu_cell_basic_draw
                0x0000000000000000        0xc /Users/keith/pebble-dev/PebbleSDK-2.0-BETA7/Pebble/lib/libpebble.a(tmpW5b3swpebble.o)
 .text.menu_cell_basic_header_draw
                0x0000000000000000        0xc /Users/keith/pebble-dev/PebbleSDK-2.0-BETA7/Pebble/lib/libpebble.a(tmpW5b3swpebble.o)
 .text.menu_cell_title_draw
                0x0000000000000000        0xc /Users/keith/pebble-dev/PebbleSDK-2.0-BETA7/Pebble/lib/libpebble.a(tmpW5b3swpebble.o)
 .text.menu_index_compare
                0x0000000000000000        0xc /Users/keith/pebble-dev/PebbleSDK-2.0-BETA7/Pebble/lib/libpebble.a(tmpW5b3swpebble.o)
 .text.menu_layer_create
                0x0000000000000000        0xc /Users/keith/pebble-dev/PebbleSDK-2.0-BETA7/Pebble/lib/libpebble.a(tmpW5b3swpebble.o)
 .text.menu_layer_destroy
                0x0000000000000000        0xc /Users/keith/pebble-dev/PebbleSDK-2.0-BETA7/Pebble/lib/libpebble.a(tmpW5b3swpebble.o)
 .text.menu_layer_get_layer
                0x0000000000000000        0xc /Users/keith/pebble-dev/PebbleSDK-2.0-BETA7/Pebble/lib/libpebble.a(tmpW5b3swpebble.o)
 .text.menu_layer_get_scroll_layer
                0x0000000000000000        0xc /Users/keith/pebble-dev/PebbleSDK-2.0-BETA7/Pebble/lib/libpebble.a(tmpW5b3swpebble.o)
 .text.menu_layer_get_selected_index
                0x0000000000000000        0xc /Users/keith/pebble-dev/PebbleSDK-2.0-BETA7/Pebble/lib/libpebble.a(tmpW5b3swpebble.o)
 .text.menu_layer_reload_data
                0x0000000000000000        0xc /Users/keith/pebble-dev/PebbleSDK-2.0-BETA7/Pebble/lib/libpebble.a(tmpW5b3swpebble.o)
 .text.menu_layer_set_callbacks
                0x0000000000000000        0xc /Users/keith/pebble-dev/PebbleSDK-2.0-BETA7/Pebble/lib/libpebble.a(tmpW5b3swpebble.o)
 .text.menu_layer_set_click_config_onto_window
                0x0000000000000000        0xc /Users/keith/pebble-dev/PebbleSDK-2.0-BETA7/Pebble/lib/libpebble.a(tmpW5b3swpebble.o)
 .text.menu_layer_set_selected_index
                0x0000000000000000        0xc /Users/keith/pebble-dev/PebbleSDK-2.0-BETA7/Pebble/lib/libpebble.a(tmpW5b3swpebble.o)
 .text.menu_layer_set_selected_next
                0x0000000000000000        0xc /Users/keith/pebble-dev/PebbleSDK-2.0-BETA7/Pebble/lib/libpebble.a(tmpW5b3swpebble.o)
 .text.number_window_create
                0x0000000000000000        0xc /Users/keith/pebble-dev/PebbleSDK-2.0-BETA7/Pebble/lib/libpebble.a(tmpW5b3swpebble.o)
 .text.number_window_destroy
                0x0000000000000000        0xc /Users/keith/pebble-dev/PebbleSDK-2.0-BETA7/Pebble/lib/libpebble.a(tmpW5b3swpebble.o)
 .text.number_window_get_value
                0x0000000000000000        0xc /Users/keith/pebble-dev/PebbleSDK-2.0-BETA7/Pebble/lib/libpebble.a(tmpW5b3swpebble.o)
 .text.number_window_set_label
                0x0000000000000000        0xc /Users/keith/pebble-dev/PebbleSDK-2.0-BETA7/Pebble/lib/libpebble.a(tmpW5b3swpebble.o)
 .text.number_window_set_max
                0x0000000000000000        0xc /Users/keith/pebble-dev/PebbleSDK-2.0-BETA7/Pebble/lib/libpebble.a(tmpW5b3swpebble.o)
 .text.number_window_set_min
                0x0000000000000000        0xc /Users/keith/pebble-dev/PebbleSDK-2.0-BETA7/Pebble/lib/libpebble.a(tmpW5b3swpebble.o)
 .text.number_window_set_step_size
                0x0000000000000000        0xc /Users/keith/pebble-dev/PebbleSDK-2.0-BETA7/Pebble/lib/libpebble.a(tmpW5b3swpebble.o)
 .text.number_window_set_value
                0x0000000000000000        0xc /Users/keith/pebble-dev/PebbleSDK-2.0-BETA7/Pebble/lib/libpebble.a(tmpW5b3swpebble.o)
 .text.persist_delete
                0x0000000000000000        0xc /Users/keith/pebble-dev/PebbleSDK-2.0-BETA7/Pebble/lib/libpebble.a(tmpW5b3swpebble.o)
 .text.persist_get_size
                0x0000000000000000        0xc /Users/keith/pebble-dev/PebbleSDK-2.0-BETA7/Pebble/lib/libpebble.a(tmpW5b3swpebble.o)
 .text.persist_read_bool
                0x0000000000000000        0xc /Users/keith/pebble-dev/PebbleSDK-2.0-BETA7/Pebble/lib/libpebble.a(tmpW5b3swpebble.o)
 .text.persist_read_data__deprecated
                0x0000000000000000        0xc /Users/keith/pebble-dev/PebbleSDK-2.0-BETA7/Pebble/lib/libpebble.a(tmpW5b3swpebble.o)
 .text.persist_read_int
                0x0000000000000000        0xc /Users/keith/pebble-dev/PebbleSDK-2.0-BETA7/Pebble/lib/libpebble.a(tmpW5b3swpebble.o)
 .text.persist_read_string__deprecated
                0x0000000000000000        0xc /Users/keith/pebble-dev/PebbleSDK-2.0-BETA7/Pebble/lib/libpebble.a(tmpW5b3swpebble.o)
 .text.persist_write_bool
                0x0000000000000000        0xc /Users/keith/pebble-dev/PebbleSDK-2.0-BETA7/Pebble/lib/libpebble.a(tmpW5b3swpebble.o)
 .text.persist_write_data__deprecated
                0x0000000000000000        0xc /Users/keith/pebble-dev/PebbleSDK-2.0-BETA7/Pebble/lib/libpebble.a(tmpW5b3swpebble.o)
 .text.persist_write_int
                0x0000000000000000        0xc /Users/keith/pebble-dev/PebbleSDK-2.0-BETA7/Pebble/lib/libpebble.a(tmpW5b3swpebble.o)
 .text.persist_write_string
                0x0000000000000000        0xc /Users/keith/pebble-dev/PebbleSDK-2.0-BETA7/Pebble/lib/libpebble.a(tmpW5b3swpebble.o)
 .text.property_animation_create
                0x0000000000000000        0xc /Users/keith/pebble-dev/PebbleSDK-2.0-BETA7/Pebble/lib/libpebble.a(tmpW5b3swpebble.o)
 .text.property_animation_create_layer_frame
                0x0000000000000000        0xc /Users/keith/pebble-dev/PebbleSDK-2.0-BETA7/Pebble/lib/libpebble.a(tmpW5b3swpebble.o)
 .text.property_animation_destroy
                0x0000000000000000        0xc /Users/keith/pebble-dev/PebbleSDK-2.0-BETA7/Pebble/lib/libpebble.a(tmpW5b3swpebble.o)
 .text.property_animation_update_gpoint
                0x0000000000000000        0xc /Users/keith/pebble-dev/PebbleSDK-2.0-BETA7/Pebble/lib/libpebble.a(tmpW5b3swpebble.o)
 .text.property_animation_update_grect
                0x0000000000000000        0xc /Users/keith/pebble-dev/PebbleSDK-2.0-BETA7/Pebble/lib/libpebble.a(tmpW5b3swpebble.o)
 .text.property_animation_update_int16
                0x0000000000000000        0xc /Users/keith/pebble-dev/PebbleSDK-2.0-BETA7/Pebble/lib/libpebble.a(tmpW5b3swpebble.o)
 .text.psleep   0x0000000000000000        0xc /Users/keith/pebble-dev/PebbleSDK-2.0-BETA7/Pebble/lib/libpebble.a(tmpW5b3swpebble.o)
 .text.rand     0x0000000000000000        0xc /Users/keith/pebble-dev/PebbleSDK-2.0-BETA7/Pebble/lib/libpebble.a(tmpW5b3swpebble.o)
 .text.resource_load
                0x0000000000000000        0xc /Users/keith/pebble-dev/PebbleSDK-2.0-BETA7/Pebble/lib/libpebble.a(tmpW5b3swpebble.o)
 .text.resource_load_byte_range
                0x0000000000000000        0xc /Users/keith/pebble-dev/PebbleSDK-2.0-BETA7/Pebble/lib/libpebble.a(tmpW5b3swpebble.o)
 .text.resource_size
                0x0000000000000000        0xc /Users/keith/pebble-dev/PebbleSDK-2.0-BETA7/Pebble/lib/libpebble.a(tmpW5b3swpebble.o)
 .text.rot_bitmap_layer_create
                0x0000000000000000        0xc /Users/keith/pebble-dev/PebbleSDK-2.0-BETA7/Pebble/lib/libpebble.a(tmpW5b3swpebble.o)
 .text.rot_bitmap_layer_destroy
                0x0000000000000000        0xc /Users/keith/pebble-dev/PebbleSDK-2.0-BETA7/Pebble/lib/libpebble.a(tmpW5b3swpebble.o)
 .text.rot_bitmap_layer_increment_angle
                0x0000000000000000        0xc /Users/keith/pebble-dev/PebbleSDK-2.0-BETA7/Pebble/lib/libpebble.a(tmpW5b3swpebble.o)
 .text.rot_bitmap_layer_set_angle
                0x0000000000000000        0xc /Users/keith/pebble-dev/PebbleSDK-2.0-BETA7/Pebble/lib/libpebble.a(tmpW5b3swpebble.o)
 .text.rot_bitmap_layer_set_corner_clip_color
                0x0000000000000000        0xc /Users/keith/pebble-dev/PebbleSDK-2.0-BETA7/Pebble/lib/libpebble.a(tmpW5b3swpebble.o)
 .text.rot_bitmap_set_compositing_mode
                0x0000000000000000        0xc /Users/keith/pebble-dev/PebbleSDK-2.0-BETA7/Pebble/lib/libpebble.a(tmpW5b3swpebble.o)
 .text.rot_bitmap_set_src_ic
                0x0000000000000000        0xc /Users/keith/pebble-dev/PebbleSDK-2.0-BETA7/Pebble/lib/libpebble.a(tmpW5b3swpebble.o)
 .text.scroll_layer_add_child
                0x0000000000000000        0xc /Users/keith/pebble-dev/PebbleSDK-2.0-BETA7/Pebble/lib/libpebble.a(tmpW5b3swpebble.o)
 .text.scroll_layer_create
                0x0000000000000000        0xc /Users/keith/pebble-dev/PebbleSDK-2.0-BETA7/Pebble/lib/libpebble.a(tmpW5b3swpebble.o)
 .text.scroll_layer_destroy
                0x0000000000000000        0xc /Users/keith/pebble-dev/PebbleSDK-2.0-BETA7/Pebble/lib/libpebble.a(tmpW5b3swpebble.o)
 .text.scroll_layer_get_content_offset
                0x0000000000000000        0xc /Users/keith/pebble-dev/PebbleSDK-2.0-BETA7/Pebble/lib/libpebble.a(tmpW5b3swpebble.o)
 .text.scroll_layer_get_content_size
                0x0000000000000000        0xc /Users/keith/pebble-dev/PebbleSDK-2.0-BETA7/Pebble/lib/libpebble.a(tmpW5b3swpebble.o)
 .text.scroll_layer_get_layer
                0x0000000000000000        0xc /Users/keith/pebble-dev/PebbleSDK-2.0-BETA7/Pebble/lib/libpebble.a(tmpW5b3swpebble.o)
 .text.scroll_layer_get_shadow_hidden
                0x0000000000000000        0xc /Users/keith/pebble-dev/PebbleSDK-2.0-BETA7/Pebble/lib/libpebble.a(tmpW5b3swpebble.o)
 .text.scroll_layer_scroll_down_click_handler
                0x0000000000000000        0xc /Users/keith/pebble-dev/PebbleSDK-2.0-BETA7/Pebble/lib/libpebble.a(tmpW5b3swpebble.o)
 .text.scroll_layer_scroll_up_click_handler
                0x0000000000000000        0xc /Users/keith/pebble-dev/PebbleSDK-2.0-BETA7/Pebble/lib/libpebble.a(tmpW5b3swpebble.o)
 .text.scroll_layer_set_callbacks
                0x0000000000000000        0xc /Users/keith/pebble-dev/PebbleSDK-2.0-BETA7/Pebble/lib/libpebble.a(tmpW5b3swpebble.o)
 .text.scroll_layer_set_click_config_onto_window
                0x0000000000000000        0xc /Users/keith/pebble-dev/PebbleSDK-2.0-BETA7/Pebble/lib/libpebble.a(tmpW5b3swpebble.o)
 .text.scroll_layer_set_content_offset
                0x0000000000000000        0xc /Users/keith/pebble-dev/PebbleSDK-2.0-BETA7/Pebble/lib/libpebble.a(tmpW5b3swpebble.o)
 .text.scroll_layer_set_content_size
                0x0000000000000000        0xc /Users/keith/pebble-dev/PebbleSDK-2.0-BETA7/Pebble/lib/libpebble.a(tmpW5b3swpebble.o)
 .text.scroll_layer_set_context
                0x0000000000000000        0xc /Users/keith/pebble-dev/PebbleSDK-2.0-BETA7/Pebble/lib/libpebble.a(tmpW5b3swpebble.o)
 .text.scroll_layer_set_frame
                0x0000000000000000        0xc /Users/keith/pebble-dev/PebbleSDK-2.0-BETA7/Pebble/lib/libpebble.a(tmpW5b3swpebble.o)
 .text.scroll_layer_set_shadow_hidden
                0x0000000000000000        0xc /Users/keith/pebble-dev/PebbleSDK-2.0-BETA7/Pebble/lib/libpebble.a(tmpW5b3swpebble.o)
 .text.simple_menu_layer_create
                0x0000000000000000        0xc /Users/keith/pebble-dev/PebbleSDK-2.0-BETA7/Pebble/lib/libpebble.a(tmpW5b3swpebble.o)
 .text.simple_menu_layer_destroy
                0x0000000000000000        0xc /Users/keith/pebble-dev/PebbleSDK-2.0-BETA7/Pebble/lib/libpebble.a(tmpW5b3swpebble.o)
 .text.simple_menu_layer_get_layer
                0x0000000000000000        0xc /Users/keith/pebble-dev/PebbleSDK-2.0-BETA7/Pebble/lib/libpebble.a(tmpW5b3swpebble.o)
 .text.simple_menu_layer_get_selected_index
                0x0000000000000000        0xc /Users/keith/pebble-dev/PebbleSDK-2.0-BETA7/Pebble/lib/libpebble.a(tmpW5b3swpebble.o)
 .text.simple_menu_layer_set_selected_index
                0x0000000000000000        0xc /Users/keith/pebble-dev/PebbleSDK-2.0-BETA7/Pebble/lib/libpebble.a(tmpW5b3swpebble.o)
 .text.sin_lookup
                0x0000000000000000        0xc /Users/keith/pebble-dev/PebbleSDK-2.0-BETA7/Pebble/lib/libpebble.a(tmpW5b3swpebble.o)
 .text.srand    0x0000000000000000        0xc /Users/keith/pebble-dev/PebbleSDK-2.0-BETA7/Pebble/lib/libpebble.a(tmpW5b3swpebble.o)
 .text.strcat   0x0000000000000000        0xc /Users/keith/pebble-dev/PebbleSDK-2.0-BETA7/Pebble/lib/libpebble.a(tmpW5b3swpebble.o)
 .text.strcmp   0x0000000000000000        0xc /Users/keith/pebble-dev/PebbleSDK-2.0-BETA7/Pebble/lib/libpebble.a(tmpW5b3swpebble.o)
 .text.strcpy   0x0000000000000000        0xc /Users/keith/pebble-dev/PebbleSDK-2.0-BETA7/Pebble/lib/libpebble.a(tmpW5b3swpebble.o)
 .text.strlen   0x0000000000000000        0xc /Users/keith/pebble-dev/PebbleSDK-2.0-BETA7/Pebble/lib/libpebble.a(tmpW5b3swpebble.o)
 .text.strncat  0x0000000000000000        0xc /Users/keith/pebble-dev/PebbleSDK-2.0-BETA7/Pebble/lib/libpebble.a(tmpW5b3swpebble.o)
 .text.strncmp  0x0000000000000000        0xc /Users/keith/pebble-dev/PebbleSDK-2.0-BETA7/Pebble/lib/libpebble.a(tmpW5b3swpebble.o)
 .text.text_layer_get_content_size
                0x0000000000000000        0xc /Users/keith/pebble-dev/PebbleSDK-2.0-BETA7/Pebble/lib/libpebble.a(tmpW5b3swpebble.o)
 .text.text_layer_get_text
                0x0000000000000000        0xc /Users/keith/pebble-dev/PebbleSDK-2.0-BETA7/Pebble/lib/libpebble.a(tmpW5b3swpebble.o)
 .text.text_layer_set_overflow_mode
                0x0000000000000000        0xc /Users/keith/pebble-dev/PebbleSDK-2.0-BETA7/Pebble/lib/libpebble.a(tmpW5b3swpebble.o)
 .text.text_layer_set_size
                0x0000000000000000        0xc /Users/keith/pebble-dev/PebbleSDK-2.0-BETA7/Pebble/lib/libpebble.a(tmpW5b3swpebble.o)
 .text.time_ms  0x0000000000000000        0xc /Users/keith/pebble-dev/PebbleSDK-2.0-BETA7/Pebble/lib/libpebble.a(tmpW5b3swpebble.o)
 .text.vibes_cancel
                0x0000000000000000        0xc /Users/keith/pebble-dev/PebbleSDK-2.0-BETA7/Pebble/lib/libpebble.a(tmpW5b3swpebble.o)
 .text.vibes_enqueue_custom_pattern
                0x0000000000000000        0xc /Users/keith/pebble-dev/PebbleSDK-2.0-BETA7/Pebble/lib/libpebble.a(tmpW5b3swpebble.o)
 .text.vibes_short_pulse
                0x0000000000000000        0xc /Users/keith/pebble-dev/PebbleSDK-2.0-BETA7/Pebble/lib/libpebble.a(tmpW5b3swpebble.o)
 .text.window_get_click_config_provider
                0x0000000000000000        0xc /Users/keith/pebble-dev/PebbleSDK-2.0-BETA7/Pebble/lib/libpebble.a(tmpW5b3swpebble.o)
 .text.window_get_fullscreen
                0x0000000000000000        0xc /Users/keith/pebble-dev/PebbleSDK-2.0-BETA7/Pebble/lib/libpebble.a(tmpW5b3swpebble.o)
 .text.window_is_loaded
                0x0000000000000000        0xc /Users/keith/pebble-dev/PebbleSDK-2.0-BETA7/Pebble/lib/libpebble.a(tmpW5b3swpebble.o)
 .text.window_set_click_config_provider_with_context
                0x0000000000000000        0xc /Users/keith/pebble-dev/PebbleSDK-2.0-BETA7/Pebble/lib/libpebble.a(tmpW5b3swpebble.o)
 .text.window_set_status_bar_icon
                0x0000000000000000        0xc /Users/keith/pebble-dev/PebbleSDK-2.0-BETA7/Pebble/lib/libpebble.a(tmpW5b3swpebble.o)
 .text.window_set_window_handlers
                0x0000000000000000        0xc /Users/keith/pebble-dev/PebbleSDK-2.0-BETA7/Pebble/lib/libpebble.a(tmpW5b3swpebble.o)
 .text.window_stack_contains_window
                0x0000000000000000        0xc /Users/keith/pebble-dev/PebbleSDK-2.0-BETA7/Pebble/lib/libpebble.a(tmpW5b3swpebble.o)
 .text.window_stack_get_top_window
                0x0000000000000000        0xc /Users/keith/pebble-dev/PebbleSDK-2.0-BETA7/Pebble/lib/libpebble.a(tmpW5b3swpebble.o)
 .text.window_stack_pop
                0x0000000000000000        0xc /Users/keith/pebble-dev/PebbleSDK-2.0-BETA7/Pebble/lib/libpebble.a(tmpW5b3swpebble.o)
 .text.window_stack_pop_all
                0x0000000000000000        0xc /Users/keith/pebble-dev/PebbleSDK-2.0-BETA7/Pebble/lib/libpebble.a(tmpW5b3swpebble.o)
 .text.app_focus_service_subscribe
                0x0000000000000000        0xc /Users/keith/pebble-dev/PebbleSDK-2.0-BETA7/Pebble/lib/libpebble.a(tmpW5b3swpebble.o)
 .text.app_focus_service_unsubscribe
                0x0000000000000000        0xc /Users/keith/pebble-dev/PebbleSDK-2.0-BETA7/Pebble/lib/libpebble.a(tmpW5b3swpebble.o)
 .text.window_get_user_data
                0x0000000000000000        0xc /Users/keith/pebble-dev/PebbleSDK-2.0-BETA7/Pebble/lib/libpebble.a(tmpW5b3swpebble.o)
 .text.window_set_user_data
                0x0000000000000000        0xc /Users/keith/pebble-dev/PebbleSDK-2.0-BETA7/Pebble/lib/libpebble.a(tmpW5b3swpebble.o)
 .text.app_message_get_context
                0x0000000000000000        0xc /Users/keith/pebble-dev/PebbleSDK-2.0-BETA7/Pebble/lib/libpebble.a(tmpW5b3swpebble.o)
 .text.app_message_inbox_size_maximum
                0x0000000000000000        0xc /Users/keith/pebble-dev/PebbleSDK-2.0-BETA7/Pebble/lib/libpebble.a(tmpW5b3swpebble.o)
 .text.app_message_outbox_size_maximum
                0x0000000000000000        0xc /Users/keith/pebble-dev/PebbleSDK-2.0-BETA7/Pebble/lib/libpebble.a(tmpW5b3swpebble.o)
 .text.window_multi_click_subscribe
                0x0000000000000000        0xc /Users/keith/pebble-dev/PebbleSDK-2.0-BETA7/Pebble/lib/libpebble.a(tmpW5b3swpebble.o)
 .text.window_raw_click_subscribe
                0x0000000000000000        0xc /Users/keith/pebble-dev/PebbleSDK-2.0-BETA7/Pebble/lib/libpebble.a(tmpW5b3swpebble.o)
 .text.window_set_click_context
                0x0000000000000000        0xc /Users/keith/pebble-dev/PebbleSDK-2.0-BETA7/Pebble/lib/libpebble.a(tmpW5b3swpebble.o)
 .text.window_single_repeating_click_subscribe
                0x0000000000000000        0xc /Users/keith/pebble-dev/PebbleSDK-2.0-BETA7/Pebble/lib/libpebble.a(tmpW5b3swpebble.o)
 .text.graphics_draw_text
                0x0000000000000000        0xc /Users/keith/pebble-dev/PebbleSDK-2.0-BETA7/Pebble/lib/libpebble.a(tmpW5b3swpebble.o)
 .text.dict_serialize_tuplets_to_buffer
                0x0000000000000000        0xc /Users/keith/pebble-dev/PebbleSDK-2.0-BETA7/Pebble/lib/libpebble.a(tmpW5b3swpebble.o)
 .text.persist_read_string
                0x0000000000000000        0xc /Users/keith/pebble-dev/PebbleSDK-2.0-BETA7/Pebble/lib/libpebble.a(tmpW5b3swpebble.o)
 .text.dict_size
                0x0000000000000000        0xc /Users/keith/pebble-dev/PebbleSDK-2.0-BETA7/Pebble/lib/libpebble.a(tmpW5b3swpebble.o)
 .text.graphics_text_layout_get_content_size
                0x0000000000000000        0xc /Users/keith/pebble-dev/PebbleSDK-2.0-BETA7/Pebble/lib/libpebble.a(tmpW5b3swpebble.o)
 .text.simple_menu_layer_get_menu_layer
                0x0000000000000000        0xc /Users/keith/pebble-dev/PebbleSDK-2.0-BETA7/Pebble/lib/libpebble.a(tmpW5b3swpebble.o)
 .text.calloc   0x0000000000000000        0xc /Users/keith/pebble-dev/PebbleSDK-2.0-BETA7/Pebble/lib/libpebble.a(tmpW5b3swpebble.o)
 .text.bitmap_layer_get_bitmap
                0x0000000000000000        0xc /Users/keith/pebble-dev/PebbleSDK-2.0-BETA7/Pebble/lib/libpebble.a(tmpW5b3swpebble.o)
 .bss           0x0000000000000000        0x0 /Users/keith/pebble-dev/PebbleSDK-2.0-BETA7/arm-cs-tools/bin/../lib/gcc/arm-none-eabi/4.7.2/thumb2/libgcc.a(_arm_addsubdf3.o)
 .bss           0x0000000000000000        0x0 /Users/keith/pebble-dev/PebbleSDK-2.0-BETA7/arm-cs-tools/bin/../lib/gcc/arm-none-eabi/4.7.2/thumb2/libgcc.a(_arm_muldivdf3.o)
 .bss           0x0000000000000000        0x0 /Users/keith/pebble-dev/PebbleSDK-2.0-BETA7/arm-cs-tools/bin/../lib/gcc/arm-none-eabi/4.7.2/thumb2/libgcc.a(_arm_fixdfsi.o)
 .bss           0x0000000000000000        0x0 /Users/keith/pebble-dev/PebbleSDK-2.0-BETA7/arm-cs-tools/bin/../lib/gcc/arm-none-eabi/4.7.2/thumb2/libgcc.a(_arm_fixunsdfsi.o)
 .text          0x0000000000000000        0x0 /Users/keith/pebble-dev/PebbleSDK-2.0-BETA7/arm-cs-tools/bin/../lib/gcc/arm-none-eabi/4.7.2/../../../../arm-none-eabi/lib/thumb2/libc.a(lib_a-memcmp.o)
 .bss           0x0000000000000000        0x0 /Users/keith/pebble-dev/PebbleSDK-2.0-BETA7/arm-cs-tools/bin/../lib/gcc/arm-none-eabi/4.7.2/../../../../arm-none-eabi/lib/thumb2/libc.a(lib_a-memcmp.o)
 .text          0x0000000000000000        0x0 /Users/keith/pebble-dev/PebbleSDK-2.0-BETA7/arm-cs-tools/bin/../lib/gcc/arm-none-eabi/4.7.2/thumb2/crtend.o
 .bss           0x0000000000000000        0x0 /Users/keith/pebble-dev/PebbleSDK-2.0-BETA7/arm-cs-tools/bin/../lib/gcc/arm-none-eabi/4.7.2/thumb2/crtend.o
 .eh_frame      0x0000000000000000        0x4 /Users/keith/pebble-dev/PebbleSDK-2.0-BETA7/arm-cs-tools/bin/../lib/gcc/arm-none-eabi/4.7.2/thumb2/crtend.o
 .jcr           0x0000000000000000        0x4 /Users/keith/pebble-dev/PebbleSDK-2.0-BETA7/arm-cs-tools/bin/../lib/gcc/arm-none-eabi/4.7.2/thumb2/crtend.o
 .tm_clone_table
                0x0000000000000000        0x0 /Users/keith/pebble-dev/PebbleSDK-2.0-BETA7/arm-cs-tools/bin/../lib/gcc/arm-none-eabi/4.7.2/thumb2/crtend.o
 .text          0x0000000000000000        0x0 /Users/keith/pebble-dev/PebbleSDK-2.0-BETA7/arm-cs-tools/bin/../lib/gcc/arm-none-eabi/4.7.2/thumb2/crtn.o
 .bss           0x0000000000000000        0x0 /Users/keith/pebble-dev/PebbleSDK-2.0-BETA7/arm-cs-tools/bin/../lib/gcc/arm-none-eabi/4.7.2/thumb2/crtn.o
 .init          0x0000000000000000        0x8 /Users/keith/pebble-dev/PebbleSDK-2.0-BETA7/arm-cs-tools/bin/../lib/gcc/arm-none-eabi/4.7.2/thumb2/crtn.o
 .fini          0x0000000000000000        0x8 /Users/keith/pebble-dev/PebbleSDK-2.0-BETA7/arm-cs-tools/bin/../lib/gcc/arm-none-eabi/4.7.2/thumb2/crtn.o

Memory Configuration

Name             Origin             Length             Attributes
APP              0x0000000000000000 0x0000000000006000 xrw
*default*        0x0000000000000000 0xffffffffffffffff

Linker script and memory map

LOAD /Users/keith/pebble-dev/PebbleSDK-2.0-BETA7/arm-cs-tools/bin/../lib/gcc/arm-none-eabi/4.7.2/thumb2/crti.o
LOAD /Users/keith/pebble-dev/PebbleSDK-2.0-BETA7/arm-cs-tools/bin/../lib/gcc/arm-none-eabi/4.7.2/thumb2/crtbegin.o
LOAD src/alarm.c.22.o
LOAD src/main.c.22.o
LOAD src/memoryandcalc.c.22.o
LOAD src/morpheuz.c.22.o
LOAD src/powernap.c.22.o
LOAD appinfo.auto.c.22.o
LOAD /Users/keith/pebble-dev/PebbleSDK-2.0-BETA7/Pebble/lib/libpebble.a
START GROUP
LOAD /Users/keith/pebble-dev/PebbleSDK-2.0-BETA7/arm-cs-tools/bin/../lib/gcc/arm-none-eabi/4.7.2/thumb2/libgcc.a
LOAD /Users/keith/pebble-dev/PebbleSDK-2.0-BETA7/arm-cs-tools/bin/../lib/gcc/arm-none-eabi/4.7.2/../../../../arm-none-eabi/lib/thumb2/libc.a
END GROUP
LOAD /Users/keith/pebble-dev/PebbleSDK-2.0-BETA7/arm-cs-tools/bin/../lib/gcc/arm-none-eabi/4.7.2/thumb2/crtend.o
LOAD /Users/keith/pebble-dev/PebbleSDK-2.0-BETA7/arm-cs-tools/bin/../lib/gcc/arm-none-eabi/4.7.2/thumb2/crtn.o

.header         0x0000000000000000       0x82
 *(.pbl_header)
 .pbl_header    0x0000000000000000       0x82 appinfo.auto.c.22.o
                0x0000000000000000                __pbl_app_info

.text           0x0000000000000088     0x2e80
 *(.text)
 .text          0x0000000000000088       0x14 /Users/keith/pebble-dev/PebbleSDK-2.0-BETA7/Pebble/lib/libpebble.a(tmpW5b3swpebble.o)
 .text          0x000000000000009c      0x370 /Users/keith/pebble-dev/PebbleSDK-2.0-BETA7/arm-cs-tools/bin/../lib/gcc/arm-none-eabi/4.7.2/thumb2/libgcc.a(_arm_addsubdf3.o)
                0x000000000000009c                __aeabi_drsub
                0x00000000000000a4                __subdf3
                0x00000000000000a4                __aeabi_dsub
                0x00000000000000a8                __aeabi_dadd
                0x00000000000000a8                __adddf3
                0x0000000000000320                __aeabi_ui2d
                0x0000000000000320                __floatunsidf
                0x0000000000000340                __floatsidf
                0x0000000000000340                __aeabi_i2d
                0x0000000000000364                __extendsfdf2
                0x0000000000000364                __aeabi_f2d
                0x00000000000003a0                __aeabi_ul2d
                0x00000000000003a0                __floatundidf
                0x00000000000003b0                __aeabi_l2d
                0x00000000000003b0                __floatdidf
 .text          0x000000000000040c      0x424 /Users/keith/pebble-dev/PebbleSDK-2.0-BETA7/arm-cs-tools/bin/../lib/gcc/arm-none-eabi/4.7.2/thumb2/libgcc.a(_arm_muldivdf3.o)
                0x000000000000040c                __aeabi_dmul
                0x000000000000040c                __muldf3
                0x0000000000000660                __aeabi_ddiv
                0x0000000000000660                __divdf3
 .text          0x0000000000000830       0x50 /Users/keith/pebble-dev/PebbleSDK-2.0-BETA7/arm-cs-tools/bin/../lib/gcc/arm-none-eabi/4.7.2/thumb2/libgcc.a(_arm_fixdfsi.o)
                0x0000000000000830                __fixdfsi
                0x0000000000000830                __aeabi_d2iz
 .text          0x0000000000000880       0x40 /Users/keith/pebble-dev/PebbleSDK-2.0-BETA7/arm-cs-tools/bin/../lib/gcc/arm-none-eabi/4.7.2/thumb2/libgcc.a(_arm_fixunsdfsi.o)
                0x0000000000000880                __fixunsdfsi
                0x0000000000000880                __aeabi_d2uiz
 *(.text.*)
 .text.do_alarm
                0x00000000000008c0       0x78 src/alarm.c.22.o
 .text.fire_alarm
                0x0000000000000938       0x2c src/alarm.c.22.o
                0x0000000000000938                fire_alarm
 .text.snooze_alarm
                0x0000000000000964       0x3c src/alarm.c.22.o
                0x0000000000000964                snooze_alarm
 .text.cancel_alarm
                0x00000000000009a0       0x44 src/alarm.c.22.o
                0x00000000000009a0                cancel_alarm
 .text.init_alarm
                0x00000000000009e4       0x10 src/alarm.c.22.o
                0x00000000000009e4                init_alarm
 .text.bluetooth_state_handler
                0x00000000000009f4       0x20 src/main.c.22.o
 .text.battery_state_handler
                0x0000000000000a14       0x2c src/main.c.22.o
 .text.show_date
                0x0000000000000a40       0x40 src/main.c.22.o
 .text.handle_minute_tick
                0x0000000000000a80       0x50 src/main.c.22.o
 .text.progress_layer_update_callback
                0x0000000000000ad0       0xa0 src/main.c.22.o
 .text.line_layer_update_callback
                0x0000000000000b70       0x28 src/main.c.22.o
 .text.battery_layer_update_callback
                0x0000000000000b98       0xd4 src/main.c.22.o
 .text.hide_notice_layer
                0x0000000000000c6c       0x48 src/main.c.22.o
 .text.hide_keyboard_layer
                0x0000000000000cb4       0x6c src/main.c.22.o
 .text.set_smart_status_on_screen
                0x0000000000000d20       0xa0 src/main.c.22.o
                0x0000000000000d20                set_smart_status_on_screen
 .text.show_comms_state
                0x0000000000000dc0       0x20 src/main.c.22.o
                0x0000000000000dc0                show_comms_state
 .text.set_alarm_icon
                0x0000000000000de0       0x20 src/main.c.22.o
                0x0000000000000de0                set_alarm_icon
 .text.set_progress
                0x0000000000000e00       0x18 src/main.c.22.o
                0x0000000000000e00                set_progress
 .text.show_record
                0x0000000000000e18       0x20 src/main.c.22.o
                0x0000000000000e18                show_record
 .text.show_notice
                0x0000000000000e38      0x178 src/main.c.22.o
                0x0000000000000e38                show_notice
 .text.show_keyboard
                0x0000000000000fb0      0x1a8 src/main.c.22.o
                0x0000000000000fb0                show_keyboard
 .text.show_fatal
                0x0000000000001158       0xbc src/main.c.22.o
                0x0000000000001158                show_fatal
 .text.invert_screen
                0x0000000000001214       0x28 src/main.c.22.o
                0x0000000000001214                invert_screen
 .text.startup.main
                0x000000000000123c      0x6c4 src/main.c.22.o
                0x000000000000123c                main
 .text.save_config_data
                0x0000000000001900       0x58 src/memoryandcalc.c.22.o
                0x0000000000001900                save_config_data
 .text.save_internal_data
                0x0000000000001958       0x90 src/memoryandcalc.c.22.o
                0x0000000000001958                save_internal_data
 .text.save_internal_data_timer
                0x00000000000019e8       0x20 src/memoryandcalc.c.22.o
 .text.get_internal_data
                0x0000000000001a08        0xc src/memoryandcalc.c.22.o
                0x0000000000001a08                get_internal_data
 .text.read_config_data
                0x0000000000001a14       0x60 src/memoryandcalc.c.22.o
                0x0000000000001a14                read_config_data
 .text.get_config_data
                0x0000000000001a74        0xc src/memoryandcalc.c.22.o
                0x0000000000001a74                get_config_data
 .text.set_config_data
                0x0000000000001a80       0x60 src/memoryandcalc.c.22.o
                0x0000000000001a80                set_config_data
 .text.set_progress_based_on_persist
                0x0000000000001ae0       0x38 src/memoryandcalc.c.22.o
                0x0000000000001ae0                set_progress_based_on_persist
 .text.clear_internal_data
                0x0000000000001b18       0x2c src/memoryandcalc.c.22.o
 .text.reset_sleep_period
                0x0000000000001b44       0x54 src/memoryandcalc.c.22.o
                0x0000000000001b44                reset_sleep_period
 .text.read_internal_data
                0x0000000000001b98       0x70 src/memoryandcalc.c.22.o
                0x0000000000001b98                read_internal_data
 .text.transmit_next_data
                0x0000000000001c08       0x58 src/memoryandcalc.c.22.o
                0x0000000000001c08                transmit_next_data
 .text.server_processing
                0x0000000000001c60      0x1a4 src/memoryandcalc.c.22.o
                0x0000000000001c60                server_processing
 .text.in_dropped_handler
                0x0000000000001e04       0x20 src/morpheuz.c.22.o
 .text.out_sent_handler
                0x0000000000001e24       0x48 src/morpheuz.c.22.o
 .text.out_failed_handler
                0x0000000000001e6c       0x34 src/morpheuz.c.22.o
 .text.send_to_phone
                0x0000000000001ea0       0x44 src/morpheuz.c.22.o
 .text.store_sample
                0x0000000000001ee4       0x44 src/morpheuz.c.22.o
 .text.accel_data_handler
                0x0000000000001f28      0x138 src/morpheuz.c.22.o
 .text.send_goneoff
                0x0000000000002060       0x60 src/morpheuz.c.22.o
                0x0000000000002060                send_goneoff
 .text.send_version
                0x00000000000020c0       0x5c src/morpheuz.c.22.o
                0x00000000000020c0                send_version
 .text.set_smart_status
                0x000000000000211c       0x70 src/morpheuz.c.22.o
                0x000000000000211c                set_smart_status
 .text.in_received_handler
                0x000000000000218c      0x144 src/morpheuz.c.22.o
 .text.send_point
                0x00000000000022d0       0x14 src/morpheuz.c.22.o
                0x00000000000022d0                send_point
 .text.send_base
                0x00000000000022e4       0x10 src/morpheuz.c.22.o
                0x00000000000022e4                send_base
 .text.self_monitor
                0x00000000000022f4       0x78 src/morpheuz.c.22.o
                0x00000000000022f4                self_monitor
 .text.init_morpheuz
                0x000000000000236c      0x118 src/morpheuz.c.22.o
                0x000000000000236c                init_morpheuz
 .text.deinit_morpheuz
                0x0000000000002484        0x4 src/morpheuz.c.22.o
                0x0000000000002484                deinit_morpheuz
 .text.select_long_up_handler
                0x0000000000002488        0x2 src/powernap.c.22.o
 .text.up_long_up_handler
                0x000000000000248a        0x2 src/powernap.c.22.o
 .text.down_single_click_handler
                0x000000000000248c       0x12 src/powernap.c.22.o
 .text.select_single_click_handler
                0x000000000000249e        0x4 src/powernap.c.22.o
 .text.back_single_click_handler
                0x00000000000024a2        0x4 src/powernap.c.22.o
 .text.up_single_click_handler
                0x00000000000024a6       0x12 src/powernap.c.22.o
 .text.up_long_down_handler
                0x00000000000024b8        0x4 src/powernap.c.22.o
 .text.power_nap_reset
                0x00000000000024bc       0x10 src/powernap.c.22.o
                0x00000000000024bc                power_nap_reset
 .text.select_long_down_handler
                0x00000000000024cc       0x58 src/powernap.c.22.o
 .text.power_nap_check
                0x0000000000002524       0x24 src/powernap.c.22.o
                0x0000000000002524                power_nap_check
 .text.power_nap_countdown
                0x0000000000002548       0x50 src/powernap.c.22.o
                0x0000000000002548                power_nap_countdown
 .text.click_config_provider
                0x0000000000002598       0x74 src/powernap.c.22.o
                0x0000000000002598                click_config_provider
 .text.accel_data_service_unsubscribe
                0x000000000000260c        0xc /Users/keith/pebble-dev/PebbleSDK-2.0-BETA7/Pebble/lib/libpebble.a(tmpW5b3swpebble.o)
                0x000000000000260c                accel_data_service_unsubscribe
 .text.accel_service_set_sampling_rate
                0x0000000000002618        0xc /Users/keith/pebble-dev/PebbleSDK-2.0-BETA7/Pebble/lib/libpebble.a(tmpW5b3swpebble.o)
                0x0000000000002618                accel_service_set_sampling_rate
 .text.app_event_loop
                0x0000000000002624        0xc /Users/keith/pebble-dev/PebbleSDK-2.0-BETA7/Pebble/lib/libpebble.a(tmpW5b3swpebble.o)
                0x0000000000002624                app_event_loop
 .text.app_log  0x0000000000002630        0xc /Users/keith/pebble-dev/PebbleSDK-2.0-BETA7/Pebble/lib/libpebble.a(tmpW5b3swpebble.o)
                0x0000000000002630                app_log
 .text.app_message_open
                0x000000000000263c        0xc /Users/keith/pebble-dev/PebbleSDK-2.0-BETA7/Pebble/lib/libpebble.a(tmpW5b3swpebble.o)
                0x000000000000263c                app_message_open
 .text.app_timer_cancel
                0x0000000000002648        0xc /Users/keith/pebble-dev/PebbleSDK-2.0-BETA7/Pebble/lib/libpebble.a(tmpW5b3swpebble.o)
                0x0000000000002648                app_timer_cancel
 .text.app_timer_register
                0x0000000000002654        0xc /Users/keith/pebble-dev/PebbleSDK-2.0-BETA7/Pebble/lib/libpebble.a(tmpW5b3swpebble.o)
                0x0000000000002654                app_timer_register
 .text.app_timer_reschedule
                0x0000000000002660        0xc /Users/keith/pebble-dev/PebbleSDK-2.0-BETA7/Pebble/lib/libpebble.a(tmpW5b3swpebble.o)
                0x0000000000002660                app_timer_reschedule
 .text.battery_state_service_peek
                0x000000000000266c        0xc /Users/keith/pebble-dev/PebbleSDK-2.0-BETA7/Pebble/lib/libpebble.a(tmpW5b3swpebble.o)
                0x000000000000266c                battery_state_service_peek
 .text.battery_state_service_subscribe
                0x0000000000002678        0xc /Users/keith/pebble-dev/PebbleSDK-2.0-BETA7/Pebble/lib/libpebble.a(tmpW5b3swpebble.o)
                0x0000000000002678                battery_state_service_subscribe
 .text.battery_state_service_unsubscribe
                0x0000000000002684        0xc /Users/keith/pebble-dev/PebbleSDK-2.0-BETA7/Pebble/lib/libpebble.a(tmpW5b3swpebble.o)
                0x0000000000002684                battery_state_service_unsubscribe
 .text.bitmap_layer_create
                0x0000000000002690        0xc /Users/keith/pebble-dev/PebbleSDK-2.0-BETA7/Pebble/lib/libpebble.a(tmpW5b3swpebble.o)
                0x0000000000002690                bitmap_layer_create
 .text.bitmap_layer_destroy
                0x000000000000269c        0xc /Users/keith/pebble-dev/PebbleSDK-2.0-BETA7/Pebble/lib/libpebble.a(tmpW5b3swpebble.o)
                0x000000000000269c                bitmap_layer_destroy
 .text.bitmap_layer_get_layer
                0x00000000000026a8        0xc /Users/keith/pebble-dev/PebbleSDK-2.0-BETA7/Pebble/lib/libpebble.a(tmpW5b3swpebble.o)
                0x00000000000026a8                bitmap_layer_get_layer
 .text.bitmap_layer_set_bitmap
                0x00000000000026b4        0xc /Users/keith/pebble-dev/PebbleSDK-2.0-BETA7/Pebble/lib/libpebble.a(tmpW5b3swpebble.o)
                0x00000000000026b4                bitmap_layer_set_bitmap
 .text.bluetooth_connection_service_peek
                0x00000000000026c0        0xc /Users/keith/pebble-dev/PebbleSDK-2.0-BETA7/Pebble/lib/libpebble.a(tmpW5b3swpebble.o)
                0x00000000000026c0                bluetooth_connection_service_peek
 .text.bluetooth_connection_service_subscribe
                0x00000000000026cc        0xc /Users/keith/pebble-dev/PebbleSDK-2.0-BETA7/Pebble/lib/libpebble.a(tmpW5b3swpebble.o)
                0x00000000000026cc                bluetooth_connection_service_subscribe
 .text.bluetooth_connection_service_unsubscribe
                0x00000000000026d8        0xc /Users/keith/pebble-dev/PebbleSDK-2.0-BETA7/Pebble/lib/libpebble.a(tmpW5b3swpebble.o)
                0x00000000000026d8                bluetooth_connection_service_unsubscribe
 .text.clock_copy_time_string
                0x00000000000026e4        0xc /Users/keith/pebble-dev/PebbleSDK-2.0-BETA7/Pebble/lib/libpebble.a(tmpW5b3swpebble.o)
                0x00000000000026e4                clock_copy_time_string
 .text.dict_calc_buffer_size_from_tuplets
                0x00000000000026f0        0xc /Users/keith/pebble-dev/PebbleSDK-2.0-BETA7/Pebble/lib/libpebble.a(tmpW5b3swpebble.o)
                0x00000000000026f0                dict_calc_buffer_size_from_tuplets
 .text.dict_find
                0x00000000000026fc        0xc /Users/keith/pebble-dev/PebbleSDK-2.0-BETA7/Pebble/lib/libpebble.a(tmpW5b3swpebble.o)
                0x00000000000026fc                dict_find
 .text.dict_write_end
                0x0000000000002708        0xc /Users/keith/pebble-dev/PebbleSDK-2.0-BETA7/Pebble/lib/libpebble.a(tmpW5b3swpebble.o)
                0x0000000000002708                dict_write_end
 .text.dict_write_tuplet
                0x0000000000002714        0xc /Users/keith/pebble-dev/PebbleSDK-2.0-BETA7/Pebble/lib/libpebble.a(tmpW5b3swpebble.o)
                0x0000000000002714                dict_write_tuplet
 .text.fonts_get_system_font
                0x0000000000002720        0xc /Users/keith/pebble-dev/PebbleSDK-2.0-BETA7/Pebble/lib/libpebble.a(tmpW5b3swpebble.o)
                0x0000000000002720                fonts_get_system_font
 .text.fonts_load_custom_font
                0x000000000000272c        0xc /Users/keith/pebble-dev/PebbleSDK-2.0-BETA7/Pebble/lib/libpebble.a(tmpW5b3swpebble.o)
                0x000000000000272c                fonts_load_custom_font
 .text.fonts_unload_custom_font
                0x0000000000002738        0xc /Users/keith/pebble-dev/PebbleSDK-2.0-BETA7/Pebble/lib/libpebble.a(tmpW5b3swpebble.o)
                0x0000000000002738                fonts_unload_custom_font
 .text.gbitmap_create_with_resource
                0x0000000000002744        0xc /Users/keith/pebble-dev/PebbleSDK-2.0-BETA7/Pebble/lib/libpebble.a(tmpW5b3swpebble.o)
                0x0000000000002744                gbitmap_create_with_resource
 .text.gbitmap_destroy
                0x0000000000002750        0xc /Users/keith/pebble-dev/PebbleSDK-2.0-BETA7/Pebble/lib/libpebble.a(tmpW5b3swpebble.o)
                0x0000000000002750                gbitmap_destroy
 .text.graphics_context_set_compositing_mode
                0x000000000000275c        0xc /Users/keith/pebble-dev/PebbleSDK-2.0-BETA7/Pebble/lib/libpebble.a(tmpW5b3swpebble.o)
                0x000000000000275c                graphics_context_set_compositing_mode
 .text.graphics_context_set_fill_color
                0x0000000000002768        0xc /Users/keith/pebble-dev/PebbleSDK-2.0-BETA7/Pebble/lib/libpebble.a(tmpW5b3swpebble.o)
                0x0000000000002768                graphics_context_set_fill_color
 .text.graphics_context_set_stroke_color
                0x0000000000002774        0xc /Users/keith/pebble-dev/PebbleSDK-2.0-BETA7/Pebble/lib/libpebble.a(tmpW5b3swpebble.o)
                0x0000000000002774                graphics_context_set_stroke_color
 .text.graphics_draw_bitmap_in_rect
                0x0000000000002780        0xc /Users/keith/pebble-dev/PebbleSDK-2.0-BETA7/Pebble/lib/libpebble.a(tmpW5b3swpebble.o)
                0x0000000000002780                graphics_draw_bitmap_in_rect
 .text.graphics_fill_rect
                0x000000000000278c        0xc /Users/keith/pebble-dev/PebbleSDK-2.0-BETA7/Pebble/lib/libpebble.a(tmpW5b3swpebble.o)
                0x000000000000278c                graphics_fill_rect
 .text.inverter_layer_create
                0x0000000000002798        0xc /Users/keith/pebble-dev/PebbleSDK-2.0-BETA7/Pebble/lib/libpebble.a(tmpW5b3swpebble.o)
                0x0000000000002798                inverter_layer_create
 .text.inverter_layer_destroy
                0x00000000000027a4        0xc /Users/keith/pebble-dev/PebbleSDK-2.0-BETA7/Pebble/lib/libpebble.a(tmpW5b3swpebble.o)
                0x00000000000027a4                inverter_layer_destroy
 .text.inverter_layer_get_layer
                0x00000000000027b0        0xc /Users/keith/pebble-dev/PebbleSDK-2.0-BETA7/Pebble/lib/libpebble.a(tmpW5b3swpebble.o)
                0x00000000000027b0                inverter_layer_get_layer
 .text.layer_add_child
                0x00000000000027bc        0xc /Users/keith/pebble-dev/PebbleSDK-2.0-BETA7/Pebble/lib/libpebble.a(tmpW5b3swpebble.o)
                0x00000000000027bc                layer_add_child
 .text.layer_create
                0x00000000000027c8        0xc /Users/keith/pebble-dev/PebbleSDK-2.0-BETA7/Pebble/lib/libpebble.a(tmpW5b3swpebble.o)
                0x00000000000027c8                layer_create
 .text.layer_destroy
                0x00000000000027d4        0xc /Users/keith/pebble-dev/PebbleSDK-2.0-BETA7/Pebble/lib/libpebble.a(tmpW5b3swpebble.o)
                0x00000000000027d4                layer_destroy
 .text.layer_get_bounds
                0x00000000000027e0        0xc /Users/keith/pebble-dev/PebbleSDK-2.0-BETA7/Pebble/lib/libpebble.a(tmpW5b3swpebble.o)
                0x00000000000027e0                layer_get_bounds
 .text.layer_mark_dirty
                0x00000000000027ec        0xc /Users/keith/pebble-dev/PebbleSDK-2.0-BETA7/Pebble/lib/libpebble.a(tmpW5b3swpebble.o)
                0x00000000000027ec                layer_mark_dirty
 .text.layer_set_hidden
                0x00000000000027f8        0xc /Users/keith/pebble-dev/PebbleSDK-2.0-BETA7/Pebble/lib/libpebble.a(tmpW5b3swpebble.o)
                0x00000000000027f8                layer_set_hidden
 .text.layer_set_update_proc
                0x0000000000002804        0xc /Users/keith/pebble-dev/PebbleSDK-2.0-BETA7/Pebble/lib/libpebble.a(tmpW5b3swpebble.o)
                0x0000000000002804                layer_set_update_proc
 .text.light_enable_interaction
                0x0000000000002810        0xc /Users/keith/pebble-dev/PebbleSDK-2.0-BETA7/Pebble/lib/libpebble.a(tmpW5b3swpebble.o)
                0x0000000000002810                light_enable_interaction
 .text.localtime
                0x000000000000281c        0xc /Users/keith/pebble-dev/PebbleSDK-2.0-BETA7/Pebble/lib/libpebble.a(tmpW5b3swpebble.o)
                0x000000000000281c                localtime
 .text.memcpy   0x0000000000002828        0xc /Users/keith/pebble-dev/PebbleSDK-2.0-BETA7/Pebble/lib/libpebble.a(tmpW5b3swpebble.o)
                0x0000000000002828                memcpy
 .text.memset   0x0000000000002834        0xc /Users/keith/pebble-dev/PebbleSDK-2.0-BETA7/Pebble/lib/libpebble.a(tmpW5b3swpebble.o)
                0x0000000000002834                memset
 .text.persist_exists
                0x0000000000002840        0xc /Users/keith/pebble-dev/PebbleSDK-2.0-BETA7/Pebble/lib/libpebble.a(tmpW5b3swpebble.o)
                0x0000000000002840                persist_exists
 .text.resource_get_handle
                0x000000000000284c        0xc /Users/keith/pebble-dev/PebbleSDK-2.0-BETA7/Pebble/lib/libpebble.a(tmpW5b3swpebble.o)
                0x000000000000284c                resource_get_handle
 .text.snprintf
                0x0000000000002858        0xc /Users/keith/pebble-dev/PebbleSDK-2.0-BETA7/Pebble/lib/libpebble.a(tmpW5b3swpebble.o)
                0x0000000000002858                snprintf
 .text.strftime
                0x0000000000002864        0xc /Users/keith/pebble-dev/PebbleSDK-2.0-BETA7/Pebble/lib/libpebble.a(tmpW5b3swpebble.o)
                0x0000000000002864                strftime
 .text.strncpy  0x0000000000002870        0xc /Users/keith/pebble-dev/PebbleSDK-2.0-BETA7/Pebble/lib/libpebble.a(tmpW5b3swpebble.o)
                0x0000000000002870                strncpy
 .text.text_layer_create
                0x000000000000287c        0xc /Users/keith/pebble-dev/PebbleSDK-2.0-BETA7/Pebble/lib/libpebble.a(tmpW5b3swpebble.o)
                0x000000000000287c                text_layer_create
 .text.text_layer_destroy
                0x0000000000002888        0xc /Users/keith/pebble-dev/PebbleSDK-2.0-BETA7/Pebble/lib/libpebble.a(tmpW5b3swpebble.o)
                0x0000000000002888                text_layer_destroy
 .text.text_layer_get_layer
                0x0000000000002894        0xc /Users/keith/pebble-dev/PebbleSDK-2.0-BETA7/Pebble/lib/libpebble.a(tmpW5b3swpebble.o)
                0x0000000000002894                text_layer_get_layer
 .text.text_layer_set_background_color
                0x00000000000028a0        0xc /Users/keith/pebble-dev/PebbleSDK-2.0-BETA7/Pebble/lib/libpebble.a(tmpW5b3swpebble.o)
                0x00000000000028a0                text_layer_set_background_color
 .text.text_layer_set_font
                0x00000000000028ac        0xc /Users/keith/pebble-dev/PebbleSDK-2.0-BETA7/Pebble/lib/libpebble.a(tmpW5b3swpebble.o)
                0x00000000000028ac                text_layer_set_font
 .text.text_layer_set_text
                0x00000000000028b8        0xc /Users/keith/pebble-dev/PebbleSDK-2.0-BETA7/Pebble/lib/libpebble.a(tmpW5b3swpebble.o)
                0x00000000000028b8                text_layer_set_text
 .text.text_layer_set_text_alignment
                0x00000000000028c4        0xc /Users/keith/pebble-dev/PebbleSDK-2.0-BETA7/Pebble/lib/libpebble.a(tmpW5b3swpebble.o)
                0x00000000000028c4                text_layer_set_text_alignment
 .text.text_layer_set_text_color
                0x00000000000028d0        0xc /Users/keith/pebble-dev/PebbleSDK-2.0-BETA7/Pebble/lib/libpebble.a(tmpW5b3swpebble.o)
                0x00000000000028d0                text_layer_set_text_color
 .text.tick_timer_service_subscribe
                0x00000000000028dc        0xc /Users/keith/pebble-dev/PebbleSDK-2.0-BETA7/Pebble/lib/libpebble.a(tmpW5b3swpebble.o)
                0x00000000000028dc                tick_timer_service_subscribe
 .text.tick_timer_service_unsubscribe
                0x00000000000028e8        0xc /Users/keith/pebble-dev/PebbleSDK-2.0-BETA7/Pebble/lib/libpebble.a(tmpW5b3swpebble.o)
                0x00000000000028e8                tick_timer_service_unsubscribe
 .text.time     0x00000000000028f4        0xc /Users/keith/pebble-dev/PebbleSDK-2.0-BETA7/Pebble/lib/libpebble.a(tmpW5b3swpebble.o)
                0x00000000000028f4                time
 .text.vibes_double_pulse
                0x0000000000002900        0xc /Users/keith/pebble-dev/PebbleSDK-2.0-BETA7/Pebble/lib/libpebble.a(tmpW5b3swpebble.o)
                0x0000000000002900                vibes_double_pulse
 .text.vibes_long_pulse
                0x000000000000290c        0xc /Users/keith/pebble-dev/PebbleSDK-2.0-BETA7/Pebble/lib/libpebble.a(tmpW5b3swpebble.o)
                0x000000000000290c                vibes_long_pulse
 .text.window_create
                0x0000000000002918        0xc /Users/keith/pebble-dev/PebbleSDK-2.0-BETA7/Pebble/lib/libpebble.a(tmpW5b3swpebble.o)
                0x0000000000002918                window_create
 .text.window_destroy
                0x0000000000002924        0xc /Users/keith/pebble-dev/PebbleSDK-2.0-BETA7/Pebble/lib/libpebble.a(tmpW5b3swpebble.o)
                0x0000000000002924                window_destroy
 .text.window_get_root_layer
                0x0000000000002930        0xc /Users/keith/pebble-dev/PebbleSDK-2.0-BETA7/Pebble/lib/libpebble.a(tmpW5b3swpebble.o)
                0x0000000000002930                window_get_root_layer
 .text.window_set_background_color
                0x000000000000293c        0xc /Users/keith/pebble-dev/PebbleSDK-2.0-BETA7/Pebble/lib/libpebble.a(tmpW5b3swpebble.o)
                0x000000000000293c                window_set_background_color
 .text.window_set_click_config_provider
                0x0000000000002948        0xc /Users/keith/pebble-dev/PebbleSDK-2.0-BETA7/Pebble/lib/libpebble.a(tmpW5b3swpebble.o)
                0x0000000000002948                window_set_click_config_provider
 .text.window_set_fullscreen
                0x0000000000002954        0xc /Users/keith/pebble-dev/PebbleSDK-2.0-BETA7/Pebble/lib/libpebble.a(tmpW5b3swpebble.o)
                0x0000000000002954                window_set_fullscreen
 .text.window_stack_push
                0x0000000000002960        0xc /Users/keith/pebble-dev/PebbleSDK-2.0-BETA7/Pebble/lib/libpebble.a(tmpW5b3swpebble.o)
                0x0000000000002960                window_stack_push
 .text.window_stack_remove
                0x000000000000296c        0xc /Users/keith/pebble-dev/PebbleSDK-2.0-BETA7/Pebble/lib/libpebble.a(tmpW5b3swpebble.o)
                0x000000000000296c                window_stack_remove
 .text.app_message_outbox_begin
                0x0000000000002978        0xc /Users/keith/pebble-dev/PebbleSDK-2.0-BETA7/Pebble/lib/libpebble.a(tmpW5b3swpebble.o)
                0x0000000000002978                app_message_outbox_begin
 .text.app_message_outbox_send
                0x0000000000002984        0xc /Users/keith/pebble-dev/PebbleSDK-2.0-BETA7/Pebble/lib/libpebble.a(tmpW5b3swpebble.o)
                0x0000000000002984                app_message_outbox_send
 .text.app_message_register_inbox_dropped
                0x0000000000002990        0xc /Users/keith/pebble-dev/PebbleSDK-2.0-BETA7/Pebble/lib/libpebble.a(tmpW5b3swpebble.o)
                0x0000000000002990                app_message_register_inbox_dropped
 .text.app_message_register_inbox_received
                0x000000000000299c        0xc /Users/keith/pebble-dev/PebbleSDK-2.0-BETA7/Pebble/lib/libpebble.a(tmpW5b3swpebble.o)
                0x000000000000299c                app_message_register_inbox_received
 .text.app_message_register_outbox_failed
                0x00000000000029a8        0xc /Users/keith/pebble-dev/PebbleSDK-2.0-BETA7/Pebble/lib/libpebble.a(tmpW5b3swpebble.o)
                0x00000000000029a8                app_message_register_outbox_failed
 .text.app_message_register_outbox_sent
                0x00000000000029b4        0xc /Users/keith/pebble-dev/PebbleSDK-2.0-BETA7/Pebble/lib/libpebble.a(tmpW5b3swpebble.o)
                0x00000000000029b4                app_message_register_outbox_sent
 .text.app_message_set_context
                0x00000000000029c0        0xc /Users/keith/pebble-dev/PebbleSDK-2.0-BETA7/Pebble/lib/libpebble.a(tmpW5b3swpebble.o)
                0x00000000000029c0                app_message_set_context
 .text.window_long_click_subscribe
                0x00000000000029cc        0xc /Users/keith/pebble-dev/PebbleSDK-2.0-BETA7/Pebble/lib/libpebble.a(tmpW5b3swpebble.o)
                0x00000000000029cc                window_long_click_subscribe
 .text.window_single_click_subscribe
                0x00000000000029d8        0xc /Users/keith/pebble-dev/PebbleSDK-2.0-BETA7/Pebble/lib/libpebble.a(tmpW5b3swpebble.o)
                0x00000000000029d8                window_single_click_subscribe
 .text.persist_read_data
                0x00000000000029e4        0xc /Users/keith/pebble-dev/PebbleSDK-2.0-BETA7/Pebble/lib/libpebble.a(tmpW5b3swpebble.o)
                0x00000000000029e4                persist_read_data
 .text.persist_write_data
                0x00000000000029f0        0xc /Users/keith/pebble-dev/PebbleSDK-2.0-BETA7/Pebble/lib/libpebble.a(tmpW5b3swpebble.o)
                0x00000000000029f0                persist_write_data
 .text.accel_data_service_subscribe
                0x00000000000029fc        0xc /Users/keith/pebble-dev/PebbleSDK-2.0-BETA7/Pebble/lib/libpebble.a(tmpW5b3swpebble.o)
                0x00000000000029fc                accel_data_service_subscribe
 .text.memcmp   0x0000000000002a08       0x20 /Users/keith/pebble-dev/PebbleSDK-2.0-BETA7/arm-cs-tools/bin/../lib/gcc/arm-none-eabi/4.7.2/../../../../arm-none-eabi/lib/thumb2/libc.a(lib_a-memcmp.o)
                0x0000000000002a08                memcmp
 *(.rodata)
 .rodata        0x0000000000002a28       0x88 src/main.c.22.o
 *(.rodata*)
 .rodata.str1.1
                0x0000000000002ab0       0x35 src/alarm.c.22.o
 .rodata.alarm_pattern
                0x0000000000002ae5       0x44 src/alarm.c.22.o
 .rodata.str1.1
                0x0000000000002b29       0x6f src/main.c.22.o
 .rodata.str1.1
                0x0000000000002b98      0x18c src/memoryandcalc.c.22.o
 .rodata.str1.1
                0x0000000000002d24      0x1a6 src/morpheuz.c.22.o
                                        0x1a7 (size before relaxing)
 .rodata.str1.1
                0x0000000000002eca       0x3e src/powernap.c.22.o

.glue_7         0x0000000000002f08        0x0
 .glue_7        0x0000000000000000        0x0 linker stubs

.glue_7t        0x0000000000002f08        0x0
 .glue_7t       0x0000000000000000        0x0 linker stubs

.vfp11_veneer   0x0000000000002f08        0x0
 .vfp11_veneer  0x0000000000000000        0x0 linker stubs

.v4_bx          0x0000000000002f08        0x0
 .v4_bx         0x0000000000000000        0x0 linker stubs

.iplt           0x0000000000002f08        0x0
 .iplt          0x0000000000000000        0x0 /Users/keith/pebble-dev/PebbleSDK-2.0-BETA7/arm-cs-tools/bin/../lib/gcc/arm-none-eabi/4.7.2/thumb2/crtbegin.o

.rel.dyn        0x0000000000002f08        0x0
 .rel.iplt      0x0000000000000000        0x0 /Users/keith/pebble-dev/PebbleSDK-2.0-BETA7/arm-cs-tools/bin/../lib/gcc/arm-none-eabi/4.7.2/thumb2/crtbegin.o
 .rel.got       0x0000000000000000        0x0 /Users/keith/pebble-dev/PebbleSDK-2.0-BETA7/arm-cs-tools/bin/../lib/gcc/arm-none-eabi/4.7.2/thumb2/crtbegin.o

.data           0x0000000000002f08       0x36
 *(.data)
 .data          0x0000000000002f08        0x0 /Users/keith/pebble-dev/PebbleSDK-2.0-BETA7/arm-cs-tools/bin/../lib/gcc/arm-none-eabi/4.7.2/thumb2/crti.o
 .data          0x0000000000002f08        0x4 /Users/keith/pebble-dev/PebbleSDK-2.0-BETA7/arm-cs-tools/bin/../lib/gcc/arm-none-eabi/4.7.2/thumb2/crtbegin.o
                0x0000000000002f08                __dso_handle
 .data          0x0000000000002f0c        0x0 src/alarm.c.22.o
 .data          0x0000000000002f0c        0x0 src/main.c.22.o
 .data          0x0000000000002f0c        0x0 src/memoryandcalc.c.22.o
 .data          0x0000000000002f0c        0x0 src/morpheuz.c.22.o
 .data          0x0000000000002f0c        0x0 src/powernap.c.22.o
 .data          0x0000000000002f0c        0x0 appinfo.auto.c.22.o
 .data          0x0000000000002f0c        0x0 /Users/keith/pebble-dev/PebbleSDK-2.0-BETA7/Pebble/lib/libpebble.a(tmpW5b3swpebble.o)
 .data          0x0000000000002f0c        0x0 /Users/keith/pebble-dev/PebbleSDK-2.0-BETA7/arm-cs-tools/bin/../lib/gcc/arm-none-eabi/4.7.2/thumb2/libgcc.a(_arm_addsubdf3.o)
 .data          0x0000000000002f0c        0x0 /Users/keith/pebble-dev/PebbleSDK-2.0-BETA7/arm-cs-tools/bin/../lib/gcc/arm-none-eabi/4.7.2/thumb2/libgcc.a(_arm_muldivdf3.o)
 .data          0x0000000000002f0c        0x0 /Users/keith/pebble-dev/PebbleSDK-2.0-BETA7/arm-cs-tools/bin/../lib/gcc/arm-none-eabi/4.7.2/thumb2/libgcc.a(_arm_fixdfsi.o)
 .data          0x0000000000002f0c        0x0 /Users/keith/pebble-dev/PebbleSDK-2.0-BETA7/arm-cs-tools/bin/../lib/gcc/arm-none-eabi/4.7.2/thumb2/libgcc.a(_arm_fixunsdfsi.o)
 .data          0x0000000000002f0c        0x0 /Users/keith/pebble-dev/PebbleSDK-2.0-BETA7/arm-cs-tools/bin/../lib/gcc/arm-none-eabi/4.7.2/../../../../arm-none-eabi/lib/thumb2/libc.a(lib_a-memcmp.o)
 .data          0x0000000000002f0c        0x0 /Users/keith/pebble-dev/PebbleSDK-2.0-BETA7/arm-cs-tools/bin/../lib/gcc/arm-none-eabi/4.7.2/thumb2/crtend.o
 .data          0x0000000000002f0c        0x0 /Users/keith/pebble-dev/PebbleSDK-2.0-BETA7/arm-cs-tools/bin/../lib/gcc/arm-none-eabi/4.7.2/thumb2/crtn.o
 *(.data.*)
 .data.date_text
                0x0000000000002f0c       0x10 src/main.c.22.o
 .data.time_text.6622
                0x0000000000002f1c        0x6 src/main.c.22.o
 .data.time_text.6591
                0x0000000000002f22        0x6 src/main.c.22.o
 .data.no_record_warning
                0x0000000000002f28        0x1 src/memoryandcalc.c.22.o
 *fill*         0x0000000000002f29        0x3 
 .data.last_to  0x0000000000002f2c        0x4 src/morpheuz.c.22.o
 .data.last_from
                0x0000000000002f30        0x4 src/morpheuz.c.22.o
 .data.base_context
                0x0000000000002f34        0x2 src/morpheuz.c.22.o
 .data.clear_context
                0x0000000000002f36        0x2 src/morpheuz.c.22.o
 .data.version_context
                0x0000000000002f38        0x2 src/morpheuz.c.22.o
 .data.goneoff_context
                0x0000000000002f3a        0x2 src/morpheuz.c.22.o
 .data.point_context
                0x0000000000002f3c        0x2 src/morpheuz.c.22.o

.igot.plt       0x0000000000002f40        0x0
 .igot.plt      0x0000000000000000        0x0 /Users/keith/pebble-dev/PebbleSDK-2.0-BETA7/arm-cs-tools/bin/../lib/gcc/arm-none-eabi/4.7.2/thumb2/crtbegin.o

.got            0x0000000000002f40        0xc
 .got           0x0000000000002f40        0xc /Users/keith/pebble-dev/PebbleSDK-2.0-BETA7/arm-cs-tools/bin/../lib/gcc/arm-none-eabi/4.7.2/thumb2/crtbegin.o

.got.plt        0x0000000000002f4c        0xc
 .got.plt       0x0000000000002f4c        0xc /Users/keith/pebble-dev/PebbleSDK-2.0-BETA7/arm-cs-tools/bin/../lib/gcc/arm-none-eabi/4.7.2/thumb2/crtbegin.o
                0x0000000000002f4c                _GLOBAL_OFFSET_TABLE_

.bss            0x0000000000002f58      0x20a
 *(.bss)
 *(.bss.*)
 .bss.alarm_count
                0x0000000000002f58        0x1 src/alarm.c.22.o
 *fill*         0x0000000000002f59        0x3 
 .bss.alarm_timer
                0x0000000000002f5c        0x4 src/alarm.c.22.o
 .bss.keyboard_layer
                0x0000000000002f60        0x4 src/main.c.22.o
 .bss.notice_font
                0x0000000000002f64        0x4 src/main.c.22.o
 .bss.alarm_ring_bitmap
                0x0000000000002f68        0x4 src/main.c.22.o
 .bss.keyboard_window
                0x0000000000002f6c        0x4 src/main.c.22.o
 .bss.keyboard_showing
                0x0000000000002f70        0x1 src/main.c.22.o
 *fill*         0x0000000000002f71        0x3 
 .bss.logo_bitmap
                0x0000000000002f74        0x4 src/main.c.22.o
 .bss.alarm_bitmap
                0x0000000000002f78        0x4 src/main.c.22.o
 .bss.alarm_layer
                0x0000000000002f7c        0x4 src/main.c.22.o
 .bss.window    0x0000000000002f80        0x4 src/main.c.22.o
 .bss.text_date_layer
                0x0000000000002f84        0x4 src/main.c.22.o
 .bss.notice_bitmap
                0x0000000000002f88        0x4 src/main.c.22.o
 .bss.fatal_text
                0x0000000000002f8c        0x4 src/main.c.22.o
 .bss.comms_layer
                0x0000000000002f90        0x4 src/main.c.22.o
 .bss.comms_bitmap
                0x0000000000002f94        0x4 src/main.c.22.o
 .bss.notice_layer
                0x0000000000002f98        0x4 src/main.c.22.o
 .bss.image_progress
                0x0000000000002f9c        0x4 src/main.c.22.o
 .bss.logo_layer
                0x0000000000002fa0        0x4 src/main.c.22.o
 .bss.full_inverse_layer
                0x0000000000002fa4        0x4 src/main.c.22.o
 .bss.text_time_layer
                0x0000000000002fa8        0x4 src/main.c.22.o
 .bss.keyboard_time_font
                0x0000000000002fac        0x4 src/main.c.22.o
 .bss.keyboard_inverter
                0x0000000000002fb0        0x4 src/main.c.22.o
 .bss.version_text
                0x0000000000002fb4       0x28 src/main.c.22.o
 .bss.fatal_showing
                0x0000000000002fdc        0x1 src/main.c.22.o
 *fill*         0x0000000000002fdd        0x3 
 .bss.icon_battery
                0x0000000000002fe0        0x4 src/main.c.22.o
 .bss.keyboard_timer
                0x0000000000002fe4        0x4 src/main.c.22.o
 .bss.alarm_icon_layer
                0x0000000000002fe8        0x4 src/main.c.22.o
 .bss.fatal_window
                0x0000000000002fec        0x4 src/main.c.22.o
 .bss.progress_level
                0x0000000000002ff0        0x1 src/main.c.22.o
 *fill*         0x0000000000002ff1        0x3 
 .bss.keyboard_time_text
                0x0000000000002ff4        0x4 src/main.c.22.o
 .bss.notice_showing
                0x0000000000002ff8        0x1 src/main.c.22.o
 *fill*         0x0000000000002ff9        0x3 
 .bss.keyboard_bitmap
                0x0000000000002ffc        0x4 src/main.c.22.o
 .bss.notice_text
                0x0000000000003000        0x4 src/main.c.22.o
 .bss.battery_level
                0x0000000000003004        0x1 src/main.c.22.o
 .bss.g_show_special_text
                0x0000000000003005        0x1 src/main.c.22.o
 *fill*         0x0000000000003006        0x2 
 .bss.bluetooth_bitmap
                0x0000000000003008        0x4 src/main.c.22.o
 .bss.notice_window
                0x000000000000300c        0x4 src/main.c.22.o
 .bss.progress_layer
                0x0000000000003010        0x4 src/main.c.22.o
 .bss.notice_timer
                0x0000000000003014        0x4 src/main.c.22.o
 .bss.record_bitmap
                0x0000000000003018        0x4 src/main.c.22.o
 .bss.record_layer
                0x000000000000301c        0x4 src/main.c.22.o
 .bss.icon_battery_charge
                0x0000000000003020        0x4 src/main.c.22.o
 .bss.battery_plugged
                0x0000000000003024        0x1 src/main.c.22.o
 *fill*         0x0000000000003025        0x3 
 .bss.line_layer
                0x0000000000003028        0x4 src/main.c.22.o
 .bss.bluetooth_layer
                0x000000000000302c        0x4 src/main.c.22.o
 .bss.battery_layer
                0x0000000000003030        0x4 src/main.c.22.o
 .bss.time_font
                0x0000000000003034        0x4 src/main.c.22.o
 .bss.config_data
                0x0000000000003038       0x10 src/memoryandcalc.c.22.o
 .bss.internal_data
                0x0000000000003048       0x78 src/memoryandcalc.c.22.o
 .bss.save_config_requested
                0x00000000000030c0        0x1 src/memoryandcalc.c.22.o
                0x00000000000030c0                save_config_requested
 *fill*         0x00000000000030c1        0x3 
 .bss.orig_internal_data
                0x00000000000030c4       0x78 src/memoryandcalc.c.22.o
 .bss.last_accel
                0x000000000000313c        0x4 src/morpheuz.c.22.o
 .bss.inbound_size
                0x0000000000003140        0x4 src/morpheuz.c.22.o
 .bss.status_text.6542
                0x0000000000003144        0xf src/morpheuz.c.22.o
 *fill*         0x0000000000003153        0x1 
 .bss.outbound_size
                0x0000000000003154        0x4 src/morpheuz.c.22.o
 .bss.distress_count
                0x0000000000003158        0x1 src/morpheuz.c.22.o
 .bss.last_invert
                0x0000000000003159        0x1 src/morpheuz.c.22.o
 .bss.sample_sets
                0x000000000000315a        0x1 src/morpheuz.c.22.o
 *fill*         0x000000000000315b        0x1 
 .bss.two_minute_biggest
                0x000000000000315c        0x2 src/morpheuz.c.22.o
 .bss.power_nap_settle_count
                0x000000000000315e        0x1 src/powernap.c.22.o
 .bss.power_nap_mode
                0x000000000000315f        0x1 src/powernap.c.22.o
 .bss.power_nap_minute_count
                0x0000000000003160        0x2 src/powernap.c.22.o

DISCARD
 libc.a(*)
 libm.a(*)
 libgcc.a(*)
 *(.eh_frame)
OUTPUT(/Users/keith/morpheuz20/build/pebble-app.elf elf32-littlearm)

.ARM.attributes
                0x0000000000000000       0x27
 .ARM.attributes
                0x0000000000000000       0x19 /Users/keith/pebble-dev/PebbleSDK-2.0-BETA7/arm-cs-tools/bin/../lib/gcc/arm-none-eabi/4.7.2/thumb2/crti.o
 .ARM.attributes
                0x0000000000000019       0x29 /Users/keith/pebble-dev/PebbleSDK-2.0-BETA7/arm-cs-tools/bin/../lib/gcc/arm-none-eabi/4.7.2/thumb2/crtbegin.o
 .ARM.attributes
                0x0000000000000042       0x33 src/alarm.c.22.o
 .ARM.attributes
                0x0000000000000075       0x33 src/main.c.22.o
 .ARM.attributes
                0x00000000000000a8       0x33 src/memoryandcalc.c.22.o
 .ARM.attributes
                0x00000000000000db       0x33 src/morpheuz.c.22.o
 .ARM.attributes
                0x000000000000010e       0x33 src/powernap.c.22.o
 .ARM.attributes
                0x0000000000000141       0x33 appinfo.auto.c.22.o
 .ARM.attributes
                0x0000000000000174       0x21 /Users/keith/pebble-dev/PebbleSDK-2.0-BETA7/Pebble/lib/libpebble.a(tmpW5b3swpebble.o)
 .ARM.attributes
                0x0000000000000195       0x19 /Users/keith/pebble-dev/PebbleSDK-2.0-BETA7/arm-cs-tools/bin/../lib/gcc/arm-none-eabi/4.7.2/thumb2/libgcc.a(_arm_addsubdf3.o)
 .ARM.attributes
                0x00000000000001ae       0x19 /Users/keith/pebble-dev/PebbleSDK-2.0-BETA7/arm-cs-tools/bin/../lib/gcc/arm-none-eabi/4.7.2/thumb2/libgcc.a(_arm_muldivdf3.o)
 .ARM.attributes
                0x00000000000001c7       0x19 /Users/keith/pebble-dev/PebbleSDK-2.0-BETA7/arm-cs-tools/bin/../lib/gcc/arm-none-eabi/4.7.2/thumb2/libgcc.a(_arm_fixdfsi.o)
 .ARM.attributes
                0x00000000000001e0       0x19 /Users/keith/pebble-dev/PebbleSDK-2.0-BETA7/arm-cs-tools/bin/../lib/gcc/arm-none-eabi/4.7.2/thumb2/libgcc.a(_arm_fixunsdfsi.o)
 .ARM.attributes
                0x00000000000001f9       0x29 /Users/keith/pebble-dev/PebbleSDK-2.0-BETA7/arm-cs-tools/bin/../lib/gcc/arm-none-eabi/4.7.2/../../../../arm-none-eabi/lib/thumb2/libc.a(lib_a-memcmp.o)
 .ARM.attributes
                0x0000000000000222       0x29 /Users/keith/pebble-dev/PebbleSDK-2.0-BETA7/arm-cs-tools/bin/../lib/gcc/arm-none-eabi/4.7.2/thumb2/crtend.o
 .ARM.attributes
                0x000000000000024b       0x19 /Users/keith/pebble-dev/PebbleSDK-2.0-BETA7/arm-cs-tools/bin/../lib/gcc/arm-none-eabi/4.7.2/thumb2/crtn.o

.comment        0x0000000000000000       0x4e
 .comment       0x0000000000000000       0x4e /Users/keith/pebble-dev/PebbleSDK-2.0-BETA7/arm-cs-tools/bin/../lib/gcc/arm-none-eabi/4.7.2/thumb2/crtbegin.o
                                         0x4f (size before relaxing)
 .comment       0x0000000000000000       0x4f src/alarm.c.22.o
 .comment       0x0000000000000000       0x4f src/main.c.22.o
 .comment       0x0000000000000000       0x4f src/memoryandcalc.c.22.o
 .comment       0x0000000000000000       0x4f src/morpheuz.c.22.o
 .comment       0x0000000000000000       0x4f src/powernap.c.22.o
 .comment       0x0000000000000000       0x4f appinfo.auto.c.22.o
 .comment       0x0000000000000000       0x4f /Users/keith/pebble-dev/PebbleSDK-2.0-BETA7/arm-cs-tools/bin/../lib/gcc/arm-none-eabi/4.7.2/../../../../arm-none-eabi/lib/thumb2/libc.a(lib_a-memcmp.o)
 .comment       0x0000000000000000       0x4f /Users/keith/pebble-dev/PebbleSDK-2.0-BETA7/arm-cs-tools/bin/../lib/gcc/arm-none-eabi/4.7.2/thumb2/crtend.o

.debug_info     0x0000000000000000     0x5a6c
 .debug_info    0x0000000000000000      0x382 src/alarm.c.22.o
 .debug_info    0x0000000000000382     0x241a src/main.c.22.o
 .debug_info    0x000000000000279c      0xdcc src/memoryandcalc.c.22.o
 .debug_info    0x0000000000003568     0x1751 src/morpheuz.c.22.o
 .debug_info    0x0000000000004cb9      0x65b src/powernap.c.22.o
 .debug_info    0x0000000000005314      0x37c appinfo.auto.c.22.o
 .debug_info    0x0000000000005690       0xb9 /Users/keith/pebble-dev/PebbleSDK-2.0-BETA7/arm-cs-tools/bin/../lib/gcc/arm-none-eabi/4.7.2/thumb2/libgcc.a(_arm_addsubdf3.o)
 .debug_info    0x0000000000005749       0xb9 /Users/keith/pebble-dev/PebbleSDK-2.0-BETA7/arm-cs-tools/bin/../lib/gcc/arm-none-eabi/4.7.2/thumb2/libgcc.a(_arm_muldivdf3.o)
 .debug_info    0x0000000000005802       0xb9 /Users/keith/pebble-dev/PebbleSDK-2.0-BETA7/arm-cs-tools/bin/../lib/gcc/arm-none-eabi/4.7.2/thumb2/libgcc.a(_arm_fixdfsi.o)
 .debug_info    0x00000000000058bb       0xb9 /Users/keith/pebble-dev/PebbleSDK-2.0-BETA7/arm-cs-tools/bin/../lib/gcc/arm-none-eabi/4.7.2/thumb2/libgcc.a(_arm_fixunsdfsi.o)
 .debug_info    0x0000000000005974       0xf8 /Users/keith/pebble-dev/PebbleSDK-2.0-BETA7/arm-cs-tools/bin/../lib/gcc/arm-none-eabi/4.7.2/../../../../arm-none-eabi/lib/thumb2/libc.a(lib_a-memcmp.o)

.debug_abbrev   0x0000000000000000     0x133f
 .debug_abbrev  0x0000000000000000      0x1e1 src/alarm.c.22.o
 .debug_abbrev  0x00000000000001e1      0x4c7 src/main.c.22.o
 .debug_abbrev  0x00000000000006a8      0x3bf src/memoryandcalc.c.22.o
 .debug_abbrev  0x0000000000000a67      0x4c3 src/morpheuz.c.22.o
 .debug_abbrev  0x0000000000000f2a      0x28a src/powernap.c.22.o
 .debug_abbrev  0x00000000000011b4       0xab appinfo.auto.c.22.o
 .debug_abbrev  0x000000000000125f       0x14 /Users/keith/pebble-dev/PebbleSDK-2.0-BETA7/arm-cs-tools/bin/../lib/gcc/arm-none-eabi/4.7.2/thumb2/libgcc.a(_arm_addsubdf3.o)
 .debug_abbrev  0x0000000000001273       0x14 /Users/keith/pebble-dev/PebbleSDK-2.0-BETA7/arm-cs-tools/bin/../lib/gcc/arm-none-eabi/4.7.2/thumb2/libgcc.a(_arm_muldivdf3.o)
 .debug_abbrev  0x0000000000001287       0x14 /Users/keith/pebble-dev/PebbleSDK-2.0-BETA7/arm-cs-tools/bin/../lib/gcc/arm-none-eabi/4.7.2/thumb2/libgcc.a(_arm_fixdfsi.o)
 .debug_abbrev  0x000000000000129b       0x14 /Users/keith/pebble-dev/PebbleSDK-2.0-BETA7/arm-cs-tools/bin/../lib/gcc/arm-none-eabi/4.7.2/thumb2/libgcc.a(_arm_fixunsdfsi.o)
 .debug_abbrev  0x00000000000012af       0x90 /Users/keith/pebble-dev/PebbleSDK-2.0-BETA7/arm-cs-tools/bin/../lib/gcc/arm-none-eabi/4.7.2/../../../../arm-none-eabi/lib/thumb2/libc.a(lib_a-memcmp.o)

.debug_loc      0x0000000000000000     0x1823
 .debug_loc     0x0000000000000000       0xa1 src/alarm.c.22.o
 .debug_loc     0x00000000000000a1      0x61e src/main.c.22.o
 .debug_loc     0x00000000000006bf      0x553 src/memoryandcalc.c.22.o
 .debug_loc     0x0000000000000c12      0x8ff src/morpheuz.c.22.o
 .debug_loc     0x0000000000001511      0x27f src/powernap.c.22.o
 .debug_loc     0x0000000000001790       0x93 /Users/keith/pebble-dev/PebbleSDK-2.0-BETA7/arm-cs-tools/bin/../lib/gcc/arm-none-eabi/4.7.2/../../../../arm-none-eabi/lib/thumb2/libc.a(lib_a-memcmp.o)

.debug_aranges  0x0000000000000000      0x330
 .debug_aranges
                0x0000000000000000       0x40 src/alarm.c.22.o
 .debug_aranges
                0x0000000000000040       0xb0 src/main.c.22.o
 .debug_aranges
                0x00000000000000f0       0x80 src/memoryandcalc.c.22.o
 .debug_aranges
                0x0000000000000170       0x90 src/morpheuz.c.22.o
 .debug_aranges
                0x0000000000000200       0x78 src/powernap.c.22.o
 .debug_aranges
                0x0000000000000278       0x18 appinfo.auto.c.22.o
 .debug_aranges
                0x0000000000000290       0x20 /Users/keith/pebble-dev/PebbleSDK-2.0-BETA7/arm-cs-tools/bin/../lib/gcc/arm-none-eabi/4.7.2/thumb2/libgcc.a(_arm_addsubdf3.o)
 .debug_aranges
                0x00000000000002b0       0x20 /Users/keith/pebble-dev/PebbleSDK-2.0-BETA7/arm-cs-tools/bin/../lib/gcc/arm-none-eabi/4.7.2/thumb2/libgcc.a(_arm_muldivdf3.o)
 .debug_aranges
                0x00000000000002d0       0x20 /Users/keith/pebble-dev/PebbleSDK-2.0-BETA7/arm-cs-tools/bin/../lib/gcc/arm-none-eabi/4.7.2/thumb2/libgcc.a(_arm_fixdfsi.o)
 .debug_aranges
                0x00000000000002f0       0x20 /Users/keith/pebble-dev/PebbleSDK-2.0-BETA7/arm-cs-tools/bin/../lib/gcc/arm-none-eabi/4.7.2/thumb2/libgcc.a(_arm_fixunsdfsi.o)
 .debug_aranges
                0x0000000000000310       0x20 /Users/keith/pebble-dev/PebbleSDK-2.0-BETA7/arm-cs-tools/bin/../lib/gcc/arm-none-eabi/4.7.2/../../../../arm-none-eabi/lib/thumb2/libc.a(lib_a-memcmp.o)

.debug_ranges   0x0000000000000000      0x448
 .debug_ranges  0x0000000000000000       0x60 src/alarm.c.22.o
 .debug_ranges  0x0000000000000060       0xa0 src/main.c.22.o
 .debug_ranges  0x0000000000000100       0x88 src/memoryandcalc.c.22.o
 .debug_ranges  0x0000000000000188      0x248 src/morpheuz.c.22.o
 .debug_ranges  0x00000000000003d0       0x68 src/powernap.c.22.o
 .debug_ranges  0x0000000000000438       0x10 /Users/keith/pebble-dev/PebbleSDK-2.0-BETA7/arm-cs-tools/bin/../lib/gcc/arm-none-eabi/4.7.2/../../../../arm-none-eabi/lib/thumb2/libc.a(lib_a-memcmp.o)

.debug_line     0x0000000000000000     0x1a9e
 .debug_line    0x0000000000000000      0x1cf src/alarm.c.22.o
 .debug_line    0x00000000000001cf      0x552 src/main.c.22.o
 .debug_line    0x0000000000000721      0x452 src/memoryandcalc.c.22.o
 .debug_line    0x0000000000000b73      0x4e4 src/morpheuz.c.22.o
 .debug_line    0x0000000000001057      0x2b9 src/powernap.c.22.o
 .debug_line    0x0000000000001310      0x124 appinfo.auto.c.22.o
 .debug_line    0x0000000000001434      0x20a /Users/keith/pebble-dev/PebbleSDK-2.0-BETA7/arm-cs-tools/bin/../lib/gcc/arm-none-eabi/4.7.2/thumb2/libgcc.a(_arm_addsubdf3.o)
 .debug_line    0x000000000000163e      0x226 /Users/keith/pebble-dev/PebbleSDK-2.0-BETA7/arm-cs-tools/bin/../lib/gcc/arm-none-eabi/4.7.2/thumb2/libgcc.a(_arm_muldivdf3.o)
 .debug_line    0x0000000000001864       0x86 /Users/keith/pebble-dev/PebbleSDK-2.0-BETA7/arm-cs-tools/bin/../lib/gcc/arm-none-eabi/4.7.2/thumb2/libgcc.a(_arm_fixdfsi.o)
 .debug_line    0x00000000000018ea       0x82 /Users/keith/pebble-dev/PebbleSDK-2.0-BETA7/arm-cs-tools/bin/../lib/gcc/arm-none-eabi/4.7.2/thumb2/libgcc.a(_arm_fixunsdfsi.o)
 .debug_line    0x000000000000196c      0x132 /Users/keith/pebble-dev/PebbleSDK-2.0-BETA7/arm-cs-tools/bin/../lib/gcc/arm-none-eabi/4.7.2/../../../../arm-none-eabi/lib/thumb2/libc.a(lib_a-memcmp.o)

.debug_str      0x0000000000000000     0x1ef8
 .debug_str     0x0000000000000000      0x1cc src/alarm.c.22.o
                                        0x20a (size before relaxing)
 .debug_str     0x00000000000001cc      0xf82 src/main.c.22.o
                                       0x11b0 (size before relaxing)
 .debug_str     0x000000000000114e      0x220 src/memoryandcalc.c.22.o
                                        0x580 (size before relaxing)
 .debug_str     0x000000000000136e      0x7c3 src/morpheuz.c.22.o
                                        0xbbf (size before relaxing)
 .debug_str     0x0000000000001b31      0x1dd src/powernap.c.22.o
                                        0x3ca (size before relaxing)
 .debug_str     0x0000000000001d0e      0x14f appinfo.auto.c.22.o
                                        0x3ea (size before relaxing)
 .debug_str     0x0000000000001e5d       0x9b /Users/keith/pebble-dev/PebbleSDK-2.0-BETA7/arm-cs-tools/bin/../lib/gcc/arm-none-eabi/4.7.2/../../../../arm-none-eabi/lib/thumb2/libc.a(lib_a-memcmp.o)
                                        0x147 (size before relaxing)

.debug_frame    0x0000000000000000      0x6dc
 .debug_frame   0x0000000000000000       0x80 src/alarm.c.22.o
 .debug_frame   0x0000000000000080      0x228 src/main.c.22.o
 .debug_frame   0x00000000000002a8      0x168 src/memoryandcalc.c.22.o
 .debug_frame   0x0000000000000410      0x1a0 src/morpheuz.c.22.o
 .debug_frame   0x00000000000005b0      0x100 src/powernap.c.22.o
 .debug_frame   0x00000000000006b0       0x2c /Users/keith/pebble-dev/PebbleSDK-2.0-BETA7/arm-cs-tools/bin/../lib/gcc/arm-none-eabi/4.7.2/../../../../arm-none-eabi/lib/thumb2/libc.a(lib_a-memcmp.o)
