Archive member included because of file (symbol)

/Users/keith/pebble-dev/PebbleSDK-2.0-BETA7/Pebble/lib/libpebble.a(tmpW5b3swpebble.o)
                              src/morpheuz.c.18.o (accel_data_service_unsubscribe)
/Users/keith/pebble-dev/PebbleSDK-2.0-BETA7/arm-cs-tools/bin/../lib/gcc/arm-none-eabi/4.7.2/thumb2/libgcc.a(_arm_addsubdf3.o)
                              src/memoryandcalc.c.18.o (__aeabi_ui2d)
/Users/keith/pebble-dev/PebbleSDK-2.0-BETA7/arm-cs-tools/bin/../lib/gcc/arm-none-eabi/4.7.2/thumb2/libgcc.a(_arm_muldivdf3.o)
                              src/main.c.18.o (__aeabi_dmul)
/Users/keith/pebble-dev/PebbleSDK-2.0-BETA7/arm-cs-tools/bin/../lib/gcc/arm-none-eabi/4.7.2/thumb2/libgcc.a(_arm_fixdfsi.o)
                              src/memoryandcalc.c.18.o (__aeabi_d2iz)
/Users/keith/pebble-dev/PebbleSDK-2.0-BETA7/arm-cs-tools/bin/../lib/gcc/arm-none-eabi/4.7.2/thumb2/libgcc.a(_arm_fixunsdfsi.o)
                              src/main.c.18.o (__aeabi_d2uiz)
/Users/keith/pebble-dev/PebbleSDK-2.0-BETA7/arm-cs-tools/bin/../lib/gcc/arm-none-eabi/4.7.2/../../../../arm-none-eabi/lib/thumb2/libc.a(lib_a-memcmp.o)
                              src/memoryandcalc.c.18.o (memcmp)

Discarded input sections

 .text          0x0000000000000000        0x0 /Users/keith/pebble-dev/PebbleSDK-2.0-BETA7/arm-cs-tools/bin/../lib/gcc/arm-none-eabi/4.7.2/thumb2/crti.o
 .bss           0x0000000000000000        0x0 /Users/keith/pebble-dev/PebbleSDK-2.0-BETA7/arm-cs-tools/bin/../lib/gcc/arm-none-eabi/4.7.2/thumb2/crti.o
 .init          0x0000000000000000        0x4 /Users/keith/pebble-dev/PebbleSDK-2.0-BETA7/arm-cs-tools/bin/../lib/gcc/arm-none-eabi/4.7.2/thumb2/crti.o
 .fini          0x0000000000000000        0x4 /Users/keith/pebble-dev/PebbleSDK-2.0-BETA7/arm-cs-tools/bin/../lib/gcc/arm-none-eabi/4.7.2/thumb2/crti.o
 .text          0x0000000000000000       0xc8 /Users/keith/pebble-dev/PebbleSDK-2.0-BETA7/arm-cs-tools/bin/../lib/gcc/arm-none-eabi/4.7.2/thumb2/crtbegin.o
 .bss           0x0000000000000000       0x1c /Users/keith/pebble-dev/PebbleSDK-2.0-BETA7/arm-cs-tools/bin/../lib/gcc/arm-none-eabi/4.7.2/thumb2/crtbegin.o
 .init_array    0x0000000000000000        0x4 /Users/keith/pebble-dev/PebbleSDK-2.0-BETA7/arm-cs-tools/bin/../lib/gcc/arm-none-eabi/4.7.2/thumb2/crtbegin.o
 .fini_array    0x0000000000000000        0x4 /Users/keith/pebble-dev/PebbleSDK-2.0-BETA7/arm-cs-tools/bin/../lib/gcc/arm-none-eabi/4.7.2/thumb2/crtbegin.o
 .eh_frame      0x0000000000000000        0x0 /Users/keith/pebble-dev/PebbleSDK-2.0-BETA7/arm-cs-tools/bin/../lib/gcc/arm-none-eabi/4.7.2/thumb2/crtbegin.o
 .jcr           0x0000000000000000        0x0 /Users/keith/pebble-dev/PebbleSDK-2.0-BETA7/arm-cs-tools/bin/../lib/gcc/arm-none-eabi/4.7.2/thumb2/crtbegin.o
 .tm_clone_table
                0x0000000000000000        0x0 /Users/keith/pebble-dev/PebbleSDK-2.0-BETA7/arm-cs-tools/bin/../lib/gcc/arm-none-eabi/4.7.2/thumb2/crtbegin.o
 .text          0x0000000000000000        0x0 src/main.c.18.o
 .bss           0x0000000000000000        0x0 src/main.c.18.o
 .text          0x0000000000000000        0x0 src/memoryandcalc.c.18.o
 .bss           0x0000000000000000        0x0 src/memoryandcalc.c.18.o
 .text          0x0000000000000000        0x0 src/morpheuz.c.18.o
 .bss           0x0000000000000000        0x0 src/morpheuz.c.18.o
 .text          0x0000000000000000        0x0 src/powernap.c.18.o
 .bss           0x0000000000000000        0x0 src/powernap.c.18.o
 .text          0x0000000000000000        0x0 appinfo.auto.c.18.o
 .bss           0x0000000000000000        0x0 appinfo.auto.c.18.o
 .bss           0x0000000000000000        0x0 /Users/keith/pebble-dev/PebbleSDK-2.0-BETA7/Pebble/lib/libpebble.a(tmpW5b3swpebble.o)
 .text.accel_data_service_subscribe__deprecated
                0x0000000000000000        0xc /Users/keith/pebble-dev/PebbleSDK-2.0-BETA7/Pebble/lib/libpebble.a(tmpW5b3swpebble.o)
 .text.accel_service_peek
                0x0000000000000000        0xc /Users/keith/pebble-dev/PebbleSDK-2.0-BETA7/Pebble/lib/libpebble.a(tmpW5b3swpebble.o)
 .text.accel_service_set_samples_per_update
                0x0000000000000000        0xc /Users/keith/pebble-dev/PebbleSDK-2.0-BETA7/Pebble/lib/libpebble.a(tmpW5b3swpebble.o)
 .text.accel_tap_service_subscribe
                0x0000000000000000        0xc /Users/keith/pebble-dev/PebbleSDK-2.0-BETA7/Pebble/lib/libpebble.a(tmpW5b3swpebble.o)
 .text.accel_tap_service_unsubscribe
                0x0000000000000000        0xc /Users/keith/pebble-dev/PebbleSDK-2.0-BETA7/Pebble/lib/libpebble.a(tmpW5b3swpebble.o)
 .text.action_bar_layer_add_to_window
                0x0000000000000000        0xc /Users/keith/pebble-dev/PebbleSDK-2.0-BETA7/Pebble/lib/libpebble.a(tmpW5b3swpebble.o)
 .text.action_bar_layer_clear_icon
                0x0000000000000000        0xc /Users/keith/pebble-dev/PebbleSDK-2.0-BETA7/Pebble/lib/libpebble.a(tmpW5b3swpebble.o)
 .text.action_bar_layer_create
                0x0000000000000000        0xc /Users/keith/pebble-dev/PebbleSDK-2.0-BETA7/Pebble/lib/libpebble.a(tmpW5b3swpebble.o)
 .text.action_bar_layer_destroy
                0x0000000000000000        0xc /Users/keith/pebble-dev/PebbleSDK-2.0-BETA7/Pebble/lib/libpebble.a(tmpW5b3swpebble.o)
 .text.action_bar_layer_get_layer
                0x0000000000000000        0xc /Users/keith/pebble-dev/PebbleSDK-2.0-BETA7/Pebble/lib/libpebble.a(tmpW5b3swpebble.o)
 .text.action_bar_layer_remove_from_window
                0x0000000000000000        0xc /Users/keith/pebble-dev/PebbleSDK-2.0-BETA7/Pebble/lib/libpebble.a(tmpW5b3swpebble.o)
 .text.action_bar_layer_set_background_color
                0x0000000000000000        0xc /Users/keith/pebble-dev/PebbleSDK-2.0-BETA7/Pebble/lib/libpebble.a(tmpW5b3swpebble.o)
 .text.action_bar_layer_set_click_config_provider
                0x0000000000000000        0xc /Users/keith/pebble-dev/PebbleSDK-2.0-BETA7/Pebble/lib/libpebble.a(tmpW5b3swpebble.o)
 .text.action_bar_layer_set_context
                0x0000000000000000        0xc /Users/keith/pebble-dev/PebbleSDK-2.0-BETA7/Pebble/lib/libpebble.a(tmpW5b3swpebble.o)
 .text.action_bar_layer_set_icon
                0x0000000000000000        0xc /Users/keith/pebble-dev/PebbleSDK-2.0-BETA7/Pebble/lib/libpebble.a(tmpW5b3swpebble.o)
 .text.animation_create
                0x0000000000000000        0xc /Users/keith/pebble-dev/PebbleSDK-2.0-BETA7/Pebble/lib/libpebble.a(tmpW5b3swpebble.o)
 .text.animation_destroy
                0x0000000000000000        0xc /Users/keith/pebble-dev/PebbleSDK-2.0-BETA7/Pebble/lib/libpebble.a(tmpW5b3swpebble.o)
 .text.animation_get_context
                0x0000000000000000        0xc /Users/keith/pebble-dev/PebbleSDK-2.0-BETA7/Pebble/lib/libpebble.a(tmpW5b3swpebble.o)
 .text.animation_is_scheduled
                0x0000000000000000        0xc /Users/keith/pebble-dev/PebbleSDK-2.0-BETA7/Pebble/lib/libpebble.a(tmpW5b3swpebble.o)
 .text.animation_schedule
                0x0000000000000000        0xc /Users/keith/pebble-dev/PebbleSDK-2.0-BETA7/Pebble/lib/libpebble.a(tmpW5b3swpebble.o)
 .text.animation_set_curve
                0x0000000000000000        0xc /Users/keith/pebble-dev/PebbleSDK-2.0-BETA7/Pebble/lib/libpebble.a(tmpW5b3swpebble.o)
 .text.animation_set_delay
                0x0000000000000000        0xc /Users/keith/pebble-dev/PebbleSDK-2.0-BETA7/Pebble/lib/libpebble.a(tmpW5b3swpebble.o)
 .text.animation_set_duration
                0x0000000000000000        0xc /Users/keith/pebble-dev/PebbleSDK-2.0-BETA7/Pebble/lib/libpebble.a(tmpW5b3swpebble.o)
 .text.animation_set_handlers
                0x0000000000000000        0xc /Users/keith/pebble-dev/PebbleSDK-2.0-BETA7/Pebble/lib/libpebble.a(tmpW5b3swpebble.o)
 .text.animation_set_implementation
                0x0000000000000000        0xc /Users/keith/pebble-dev/PebbleSDK-2.0-BETA7/Pebble/lib/libpebble.a(tmpW5b3swpebble.o)
 .text.animation_unschedule
                0x0000000000000000        0xc /Users/keith/pebble-dev/PebbleSDK-2.0-BETA7/Pebble/lib/libpebble.a(tmpW5b3swpebble.o)
 .text.animation_unschedule_all
                0x0000000000000000        0xc /Users/keith/pebble-dev/PebbleSDK-2.0-BETA7/Pebble/lib/libpebble.a(tmpW5b3swpebble.o)
 .text.app_comm_get_sniff_interval
                0x0000000000000000        0xc /Users/keith/pebble-dev/PebbleSDK-2.0-BETA7/Pebble/lib/libpebble.a(tmpW5b3swpebble.o)
 .text.app_comm_set_sniff_interval
                0x0000000000000000        0xc /Users/keith/pebble-dev/PebbleSDK-2.0-BETA7/Pebble/lib/libpebble.a(tmpW5b3swpebble.o)
 .text.app_message_deregister_callbacks
                0x0000000000000000        0xc /Users/keith/pebble-dev/PebbleSDK-2.0-BETA7/Pebble/lib/libpebble.a(tmpW5b3swpebble.o)
 .text.app_sync_deinit
                0x0000000000000000        0xc /Users/keith/pebble-dev/PebbleSDK-2.0-BETA7/Pebble/lib/libpebble.a(tmpW5b3swpebble.o)
 .text.app_sync_get
                0x0000000000000000        0xc /Users/keith/pebble-dev/PebbleSDK-2.0-BETA7/Pebble/lib/libpebble.a(tmpW5b3swpebble.o)
 .text.app_sync_init
                0x0000000000000000        0xc /Users/keith/pebble-dev/PebbleSDK-2.0-BETA7/Pebble/lib/libpebble.a(tmpW5b3swpebble.o)
 .text.app_sync_set
                0x0000000000000000        0xc /Users/keith/pebble-dev/PebbleSDK-2.0-BETA7/Pebble/lib/libpebble.a(tmpW5b3swpebble.o)
 .text.app_timer_cancel
                0x0000000000000000        0xc /Users/keith/pebble-dev/PebbleSDK-2.0-BETA7/Pebble/lib/libpebble.a(tmpW5b3swpebble.o)
 .text.app_timer_reschedule
                0x0000000000000000        0xc /Users/keith/pebble-dev/PebbleSDK-2.0-BETA7/Pebble/lib/libpebble.a(tmpW5b3swpebble.o)
 .text.atan2_lookup
                0x0000000000000000        0xc /Users/keith/pebble-dev/PebbleSDK-2.0-BETA7/Pebble/lib/libpebble.a(tmpW5b3swpebble.o)
 .text.atoi     0x0000000000000000        0xc /Users/keith/pebble-dev/PebbleSDK-2.0-BETA7/Pebble/lib/libpebble.a(tmpW5b3swpebble.o)
 .text.atol     0x0000000000000000        0xc /Users/keith/pebble-dev/PebbleSDK-2.0-BETA7/Pebble/lib/libpebble.a(tmpW5b3swpebble.o)
 .text.bitmap_layer_destroy
                0x0000000000000000        0xc /Users/keith/pebble-dev/PebbleSDK-2.0-BETA7/Pebble/lib/libpebble.a(tmpW5b3swpebble.o)
 .text.bitmap_layer_set_alignment
                0x0000000000000000        0xc /Users/keith/pebble-dev/PebbleSDK-2.0-BETA7/Pebble/lib/libpebble.a(tmpW5b3swpebble.o)
 .text.bitmap_layer_set_background_color
                0x0000000000000000        0xc /Users/keith/pebble-dev/PebbleSDK-2.0-BETA7/Pebble/lib/libpebble.a(tmpW5b3swpebble.o)
 .text.bitmap_layer_set_compositing_mode
                0x0000000000000000        0xc /Users/keith/pebble-dev/PebbleSDK-2.0-BETA7/Pebble/lib/libpebble.a(tmpW5b3swpebble.o)
 .text.click_number_of_clicks_counted
                0x0000000000000000        0xc /Users/keith/pebble-dev/PebbleSDK-2.0-BETA7/Pebble/lib/libpebble.a(tmpW5b3swpebble.o)
 .text.click_recognizer_get_button_id
                0x0000000000000000        0xc /Users/keith/pebble-dev/PebbleSDK-2.0-BETA7/Pebble/lib/libpebble.a(tmpW5b3swpebble.o)
 .text.clock_is_24h_style
                0x0000000000000000        0xc /Users/keith/pebble-dev/PebbleSDK-2.0-BETA7/Pebble/lib/libpebble.a(tmpW5b3swpebble.o)
 .text.cos_lookup
                0x0000000000000000        0xc /Users/keith/pebble-dev/PebbleSDK-2.0-BETA7/Pebble/lib/libpebble.a(tmpW5b3swpebble.o)
 .text.data_logging_create
                0x0000000000000000        0xc /Users/keith/pebble-dev/PebbleSDK-2.0-BETA7/Pebble/lib/libpebble.a(tmpW5b3swpebble.o)
 .text.data_logging_finish
                0x0000000000000000        0xc /Users/keith/pebble-dev/PebbleSDK-2.0-BETA7/Pebble/lib/libpebble.a(tmpW5b3swpebble.o)
 .text.data_logging_log
                0x0000000000000000        0xc /Users/keith/pebble-dev/PebbleSDK-2.0-BETA7/Pebble/lib/libpebble.a(tmpW5b3swpebble.o)
 .text.dict_calc_buffer_size
                0x0000000000000000        0xc /Users/keith/pebble-dev/PebbleSDK-2.0-BETA7/Pebble/lib/libpebble.a(tmpW5b3swpebble.o)
 .text.dict_merge
                0x0000000000000000        0xc /Users/keith/pebble-dev/PebbleSDK-2.0-BETA7/Pebble/lib/libpebble.a(tmpW5b3swpebble.o)
 .text.dict_read_begin_from_buffer
                0x0000000000000000        0xc /Users/keith/pebble-dev/PebbleSDK-2.0-BETA7/Pebble/lib/libpebble.a(tmpW5b3swpebble.o)
 .text.dict_read_first
                0x0000000000000000        0xc /Users/keith/pebble-dev/PebbleSDK-2.0-BETA7/Pebble/lib/libpebble.a(tmpW5b3swpebble.o)
 .text.dict_read_next
                0x0000000000000000        0xc /Users/keith/pebble-dev/PebbleSDK-2.0-BETA7/Pebble/lib/libpebble.a(tmpW5b3swpebble.o)
 .text.dict_serialize_tuplets
                0x0000000000000000        0xc /Users/keith/pebble-dev/PebbleSDK-2.0-BETA7/Pebble/lib/libpebble.a(tmpW5b3swpebble.o)
 .text.dict_serialize_tuplets_to_buffer__deprecated
                0x0000000000000000        0xc /Users/keith/pebble-dev/PebbleSDK-2.0-BETA7/Pebble/lib/libpebble.a(tmpW5b3swpebble.o)
 .text.dict_serialize_tuplets_to_buffer_with_iter
                0x0000000000000000        0xc /Users/keith/pebble-dev/PebbleSDK-2.0-BETA7/Pebble/lib/libpebble.a(tmpW5b3swpebble.o)
 .text.dict_write_begin
                0x0000000000000000        0xc /Users/keith/pebble-dev/PebbleSDK-2.0-BETA7/Pebble/lib/libpebble.a(tmpW5b3swpebble.o)
 .text.dict_write_cstring
                0x0000000000000000        0xc /Users/keith/pebble-dev/PebbleSDK-2.0-BETA7/Pebble/lib/libpebble.a(tmpW5b3swpebble.o)
 .text.dict_write_data
                0x0000000000000000        0xc /Users/keith/pebble-dev/PebbleSDK-2.0-BETA7/Pebble/lib/libpebble.a(tmpW5b3swpebble.o)
 .text.dict_write_int
                0x0000000000000000        0xc /Users/keith/pebble-dev/PebbleSDK-2.0-BETA7/Pebble/lib/libpebble.a(tmpW5b3swpebble.o)
 .text.dict_write_int16
                0x0000000000000000        0xc /Users/keith/pebble-dev/PebbleSDK-2.0-BETA7/Pebble/lib/libpebble.a(tmpW5b3swpebble.o)
 .text.dict_write_int32
                0x0000000000000000        0xc /Users/keith/pebble-dev/PebbleSDK-2.0-BETA7/Pebble/lib/libpebble.a(tmpW5b3swpebble.o)
 .text.dict_write_int8
                0x0000000000000000        0xc /Users/keith/pebble-dev/PebbleSDK-2.0-BETA7/Pebble/lib/libpebble.a(tmpW5b3swpebble.o)
 .text.dict_write_uint16
                0x0000000000000000        0xc /Users/keith/pebble-dev/PebbleSDK-2.0-BETA7/Pebble/lib/libpebble.a(tmpW5b3swpebble.o)
 .text.dict_write_uint32
                0x0000000000000000        0xc /Users/keith/pebble-dev/PebbleSDK-2.0-BETA7/Pebble/lib/libpebble.a(tmpW5b3swpebble.o)
 .text.dict_write_uint8
                0x0000000000000000        0xc /Users/keith/pebble-dev/PebbleSDK-2.0-BETA7/Pebble/lib/libpebble.a(tmpW5b3swpebble.o)
 .text.fonts_unload_custom_font
                0x0000000000000000        0xc /Users/keith/pebble-dev/PebbleSDK-2.0-BETA7/Pebble/lib/libpebble.a(tmpW5b3swpebble.o)
 .text.free     0x0000000000000000        0xc /Users/keith/pebble-dev/PebbleSDK-2.0-BETA7/Pebble/lib/libpebble.a(tmpW5b3swpebble.o)
 .text.gbitmap_create_as_sub_bitmap
                0x0000000000000000        0xc /Users/keith/pebble-dev/PebbleSDK-2.0-BETA7/Pebble/lib/libpebble.a(tmpW5b3swpebble.o)
 .text.gbitmap_create_with_data
                0x0000000000000000        0xc /Users/keith/pebble-dev/PebbleSDK-2.0-BETA7/Pebble/lib/libpebble.a(tmpW5b3swpebble.o)
 .text.gmtime   0x0000000000000000        0xc /Users/keith/pebble-dev/PebbleSDK-2.0-BETA7/Pebble/lib/libpebble.a(tmpW5b3swpebble.o)
 .text.gpath_create
                0x0000000000000000        0xc /Users/keith/pebble-dev/PebbleSDK-2.0-BETA7/Pebble/lib/libpebble.a(tmpW5b3swpebble.o)
 .text.gpath_destroy
                0x0000000000000000        0xc /Users/keith/pebble-dev/PebbleSDK-2.0-BETA7/Pebble/lib/libpebble.a(tmpW5b3swpebble.o)
 .text.gpath_draw_filled
                0x0000000000000000        0xc /Users/keith/pebble-dev/PebbleSDK-2.0-BETA7/Pebble/lib/libpebble.a(tmpW5b3swpebble.o)
 .text.gpath_draw_outline
                0x0000000000000000        0xc /Users/keith/pebble-dev/PebbleSDK-2.0-BETA7/Pebble/lib/libpebble.a(tmpW5b3swpebble.o)
 .text.gpath_move_to
                0x0000000000000000        0xc /Users/keith/pebble-dev/PebbleSDK-2.0-BETA7/Pebble/lib/libpebble.a(tmpW5b3swpebble.o)
 .text.gpath_rotate_to
                0x0000000000000000        0xc /Users/keith/pebble-dev/PebbleSDK-2.0-BETA7/Pebble/lib/libpebble.a(tmpW5b3swpebble.o)
 .text.gpoint_equal
                0x0000000000000000        0xc /Users/keith/pebble-dev/PebbleSDK-2.0-BETA7/Pebble/lib/libpebble.a(tmpW5b3swpebble.o)
 .text.graphics_context_set_text_color
                0x0000000000000000        0xc /Users/keith/pebble-dev/PebbleSDK-2.0-BETA7/Pebble/lib/libpebble.a(tmpW5b3swpebble.o)
 .text.graphics_draw_circle
                0x0000000000000000        0xc /Users/keith/pebble-dev/PebbleSDK-2.0-BETA7/Pebble/lib/libpebble.a(tmpW5b3swpebble.o)
 .text.graphics_draw_line
                0x0000000000000000        0xc /Users/keith/pebble-dev/PebbleSDK-2.0-BETA7/Pebble/lib/libpebble.a(tmpW5b3swpebble.o)
 .text.graphics_draw_pixel
                0x0000000000000000        0xc /Users/keith/pebble-dev/PebbleSDK-2.0-BETA7/Pebble/lib/libpebble.a(tmpW5b3swpebble.o)
 .text.graphics_draw_rect
                0x0000000000000000        0xc /Users/keith/pebble-dev/PebbleSDK-2.0-BETA7/Pebble/lib/libpebble.a(tmpW5b3swpebble.o)
 .text.graphics_draw_round_rect
                0x0000000000000000        0xc /Users/keith/pebble-dev/PebbleSDK-2.0-BETA7/Pebble/lib/libpebble.a(tmpW5b3swpebble.o)
 .text.graphics_fill_circle
                0x0000000000000000        0xc /Users/keith/pebble-dev/PebbleSDK-2.0-BETA7/Pebble/lib/libpebble.a(tmpW5b3swpebble.o)
 .text.graphics_text_layout_get_max_used_size
                0x0000000000000000        0xc /Users/keith/pebble-dev/PebbleSDK-2.0-BETA7/Pebble/lib/libpebble.a(tmpW5b3swpebble.o)
 .text.grect_align
                0x0000000000000000        0xc /Users/keith/pebble-dev/PebbleSDK-2.0-BETA7/Pebble/lib/libpebble.a(tmpW5b3swpebble.o)
 .text.grect_center_point
                0x0000000000000000        0xc /Users/keith/pebble-dev/PebbleSDK-2.0-BETA7/Pebble/lib/libpebble.a(tmpW5b3swpebble.o)
 .text.grect_clip
                0x0000000000000000        0xc /Users/keith/pebble-dev/PebbleSDK-2.0-BETA7/Pebble/lib/libpebble.a(tmpW5b3swpebble.o)
 .text.grect_contains_point
                0x0000000000000000        0xc /Users/keith/pebble-dev/PebbleSDK-2.0-BETA7/Pebble/lib/libpebble.a(tmpW5b3swpebble.o)
 .text.grect_crop
                0x0000000000000000        0xc /Users/keith/pebble-dev/PebbleSDK-2.0-BETA7/Pebble/lib/libpebble.a(tmpW5b3swpebble.o)
 .text.grect_equal
                0x0000000000000000        0xc /Users/keith/pebble-dev/PebbleSDK-2.0-BETA7/Pebble/lib/libpebble.a(tmpW5b3swpebble.o)
 .text.grect_is_empty
                0x0000000000000000        0xc /Users/keith/pebble-dev/PebbleSDK-2.0-BETA7/Pebble/lib/libpebble.a(tmpW5b3swpebble.o)
 .text.grect_standardize
                0x0000000000000000        0xc /Users/keith/pebble-dev/PebbleSDK-2.0-BETA7/Pebble/lib/libpebble.a(tmpW5b3swpebble.o)
 .text.gsize_equal
                0x0000000000000000        0xc /Users/keith/pebble-dev/PebbleSDK-2.0-BETA7/Pebble/lib/libpebble.a(tmpW5b3swpebble.o)
 .text.inverter_layer_destroy
                0x0000000000000000        0xc /Users/keith/pebble-dev/PebbleSDK-2.0-BETA7/Pebble/lib/libpebble.a(tmpW5b3swpebble.o)
 .text.layer_create_with_data
                0x0000000000000000        0xc /Users/keith/pebble-dev/PebbleSDK-2.0-BETA7/Pebble/lib/libpebble.a(tmpW5b3swpebble.o)
 .text.layer_destroy
                0x0000000000000000        0xc /Users/keith/pebble-dev/PebbleSDK-2.0-BETA7/Pebble/lib/libpebble.a(tmpW5b3swpebble.o)
 .text.layer_get_clips
                0x0000000000000000        0xc /Users/keith/pebble-dev/PebbleSDK-2.0-BETA7/Pebble/lib/libpebble.a(tmpW5b3swpebble.o)
 .text.layer_get_data
                0x0000000000000000        0xc /Users/keith/pebble-dev/PebbleSDK-2.0-BETA7/Pebble/lib/libpebble.a(tmpW5b3swpebble.o)
 .text.layer_get_frame
                0x0000000000000000        0xc /Users/keith/pebble-dev/PebbleSDK-2.0-BETA7/Pebble/lib/libpebble.a(tmpW5b3swpebble.o)
 .text.layer_get_window
                0x0000000000000000        0xc /Users/keith/pebble-dev/PebbleSDK-2.0-BETA7/Pebble/lib/libpebble.a(tmpW5b3swpebble.o)
 .text.layer_insert_above_sibling
                0x0000000000000000        0xc /Users/keith/pebble-dev/PebbleSDK-2.0-BETA7/Pebble/lib/libpebble.a(tmpW5b3swpebble.o)
 .text.layer_insert_below_sibling
                0x0000000000000000        0xc /Users/keith/pebble-dev/PebbleSDK-2.0-BETA7/Pebble/lib/libpebble.a(tmpW5b3swpebble.o)
 .text.layer_remove_child_layers
                0x0000000000000000        0xc /Users/keith/pebble-dev/PebbleSDK-2.0-BETA7/Pebble/lib/libpebble.a(tmpW5b3swpebble.o)
 .text.layer_remove_from_parent
                0x0000000000000000        0xc /Users/keith/pebble-dev/PebbleSDK-2.0-BETA7/Pebble/lib/libpebble.a(tmpW5b3swpebble.o)
 .text.layer_set_bounds
                0x0000000000000000        0xc /Users/keith/pebble-dev/PebbleSDK-2.0-BETA7/Pebble/lib/libpebble.a(tmpW5b3swpebble.o)
 .text.layer_set_clips
                0x0000000000000000        0xc /Users/keith/pebble-dev/PebbleSDK-2.0-BETA7/Pebble/lib/libpebble.a(tmpW5b3swpebble.o)
 .text.layer_set_frame
                0x0000000000000000        0xc /Users/keith/pebble-dev/PebbleSDK-2.0-BETA7/Pebble/lib/libpebble.a(tmpW5b3swpebble.o)
 .text.light_enable
                0x0000000000000000        0xc /Users/keith/pebble-dev/PebbleSDK-2.0-BETA7/Pebble/lib/libpebble.a(tmpW5b3swpebble.o)
 .text.light_enable_interaction
                0x0000000000000000        0xc /Users/keith/pebble-dev/PebbleSDK-2.0-BETA7/Pebble/lib/libpebble.a(tmpW5b3swpebble.o)
 .text.malloc   0x0000000000000000        0xc /Users/keith/pebble-dev/PebbleSDK-2.0-BETA7/Pebble/lib/libpebble.a(tmpW5b3swpebble.o)
 .text.memmove  0x0000000000000000        0xc /Users/keith/pebble-dev/PebbleSDK-2.0-BETA7/Pebble/lib/libpebble.a(tmpW5b3swpebble.o)
 .text.menu_cell_basic_draw
                0x0000000000000000        0xc /Users/keith/pebble-dev/PebbleSDK-2.0-BETA7/Pebble/lib/libpebble.a(tmpW5b3swpebble.o)
 .text.menu_cell_basic_header_draw
                0x0000000000000000        0xc /Users/keith/pebble-dev/PebbleSDK-2.0-BETA7/Pebble/lib/libpebble.a(tmpW5b3swpebble.o)
 .text.menu_cell_title_draw
                0x0000000000000000        0xc /Users/keith/pebble-dev/PebbleSDK-2.0-BETA7/Pebble/lib/libpebble.a(tmpW5b3swpebble.o)
 .text.menu_index_compare
                0x0000000000000000        0xc /Users/keith/pebble-dev/PebbleSDK-2.0-BETA7/Pebble/lib/libpebble.a(tmpW5b3swpebble.o)
 .text.menu_layer_create
                0x0000000000000000        0xc /Users/keith/pebble-dev/PebbleSDK-2.0-BETA7/Pebble/lib/libpebble.a(tmpW5b3swpebble.o)
 .text.menu_layer_destroy
                0x0000000000000000        0xc /Users/keith/pebble-dev/PebbleSDK-2.0-BETA7/Pebble/lib/libpebble.a(tmpW5b3swpebble.o)
 .text.menu_layer_get_layer
                0x0000000000000000        0xc /Users/keith/pebble-dev/PebbleSDK-2.0-BETA7/Pebble/lib/libpebble.a(tmpW5b3swpebble.o)
 .text.menu_layer_get_scroll_layer
                0x0000000000000000        0xc /Users/keith/pebble-dev/PebbleSDK-2.0-BETA7/Pebble/lib/libpebble.a(tmpW5b3swpebble.o)
 .text.menu_layer_get_selected_index
                0x0000000000000000        0xc /Users/keith/pebble-dev/PebbleSDK-2.0-BETA7/Pebble/lib/libpebble.a(tmpW5b3swpebble.o)
 .text.menu_layer_reload_data
                0x0000000000000000        0xc /Users/keith/pebble-dev/PebbleSDK-2.0-BETA7/Pebble/lib/libpebble.a(tmpW5b3swpebble.o)
 .text.menu_layer_set_callbacks
                0x0000000000000000        0xc /Users/keith/pebble-dev/PebbleSDK-2.0-BETA7/Pebble/lib/libpebble.a(tmpW5b3swpebble.o)
 .text.menu_layer_set_click_config_onto_window
                0x0000000000000000        0xc /Users/keith/pebble-dev/PebbleSDK-2.0-BETA7/Pebble/lib/libpebble.a(tmpW5b3swpebble.o)
 .text.menu_layer_set_selected_index
                0x0000000000000000        0xc /Users/keith/pebble-dev/PebbleSDK-2.0-BETA7/Pebble/lib/libpebble.a(tmpW5b3swpebble.o)
 .text.menu_layer_set_selected_next
                0x0000000000000000        0xc /Users/keith/pebble-dev/PebbleSDK-2.0-BETA7/Pebble/lib/libpebble.a(tmpW5b3swpebble.o)
 .text.number_window_create
                0x0000000000000000        0xc /Users/keith/pebble-dev/PebbleSDK-2.0-BETA7/Pebble/lib/libpebble.a(tmpW5b3swpebble.o)
 .text.number_window_destroy
                0x0000000000000000        0xc /Users/keith/pebble-dev/PebbleSDK-2.0-BETA7/Pebble/lib/libpebble.a(tmpW5b3swpebble.o)
 .text.number_window_get_value
                0x0000000000000000        0xc /Users/keith/pebble-dev/PebbleSDK-2.0-BETA7/Pebble/lib/libpebble.a(tmpW5b3swpebble.o)
 .text.number_window_set_label
                0x0000000000000000        0xc /Users/keith/pebble-dev/PebbleSDK-2.0-BETA7/Pebble/lib/libpebble.a(tmpW5b3swpebble.o)
 .text.number_window_set_max
                0x0000000000000000        0xc /Users/keith/pebble-dev/PebbleSDK-2.0-BETA7/Pebble/lib/libpebble.a(tmpW5b3swpebble.o)
 .text.number_window_set_min
                0x0000000000000000        0xc /Users/keith/pebble-dev/PebbleSDK-2.0-BETA7/Pebble/lib/libpebble.a(tmpW5b3swpebble.o)
 .text.number_window_set_step_size
                0x0000000000000000        0xc /Users/keith/pebble-dev/PebbleSDK-2.0-BETA7/Pebble/lib/libpebble.a(tmpW5b3swpebble.o)
 .text.number_window_set_value
                0x0000000000000000        0xc /Users/keith/pebble-dev/PebbleSDK-2.0-BETA7/Pebble/lib/libpebble.a(tmpW5b3swpebble.o)
 .text.persist_delete
                0x0000000000000000        0xc /Users/keith/pebble-dev/PebbleSDK-2.0-BETA7/Pebble/lib/libpebble.a(tmpW5b3swpebble.o)
 .text.persist_get_size
                0x0000000000000000        0xc /Users/keith/pebble-dev/PebbleSDK-2.0-BETA7/Pebble/lib/libpebble.a(tmpW5b3swpebble.o)
 .text.persist_read_bool
                0x0000000000000000        0xc /Users/keith/pebble-dev/PebbleSDK-2.0-BETA7/Pebble/lib/libpebble.a(tmpW5b3swpebble.o)
 .text.persist_read_data__deprecated
                0x0000000000000000        0xc /Users/keith/pebble-dev/PebbleSDK-2.0-BETA7/Pebble/lib/libpebble.a(tmpW5b3swpebble.o)
 .text.persist_read_int
                0x0000000000000000        0xc /Users/keith/pebble-dev/PebbleSDK-2.0-BETA7/Pebble/lib/libpebble.a(tmpW5b3swpebble.o)
 .text.persist_read_string__deprecated
                0x0000000000000000        0xc /Users/keith/pebble-dev/PebbleSDK-2.0-BETA7/Pebble/lib/libpebble.a(tmpW5b3swpebble.o)
 .text.persist_write_bool
                0x0000000000000000        0xc /Users/keith/pebble-dev/PebbleSDK-2.0-BETA7/Pebble/lib/libpebble.a(tmpW5b3swpebble.o)
 .text.persist_write_data__deprecated
                0x0000000000000000        0xc /Users/keith/pebble-dev/PebbleSDK-2.0-BETA7/Pebble/lib/libpebble.a(tmpW5b3swpebble.o)
 .text.persist_write_int
                0x0000000000000000        0xc /Users/keith/pebble-dev/PebbleSDK-2.0-BETA7/Pebble/lib/libpebble.a(tmpW5b3swpebble.o)
 .text.persist_write_string
                0x0000000000000000        0xc /Users/keith/pebble-dev/PebbleSDK-2.0-BETA7/Pebble/lib/libpebble.a(tmpW5b3swpebble.o)
 .text.property_animation_create
                0x0000000000000000        0xc /Users/keith/pebble-dev/PebbleSDK-2.0-BETA7/Pebble/lib/libpebble.a(tmpW5b3swpebble.o)
 .text.property_animation_create_layer_frame
                0x0000000000000000        0xc /Users/keith/pebble-dev/PebbleSDK-2.0-BETA7/Pebble/lib/libpebble.a(tmpW5b3swpebble.o)
 .text.property_animation_destroy
                0x0000000000000000        0xc /Users/keith/pebble-dev/PebbleSDK-2.0-BETA7/Pebble/lib/libpebble.a(tmpW5b3swpebble.o)
 .text.property_animation_update_gpoint
                0x0000000000000000        0xc /Users/keith/pebble-dev/PebbleSDK-2.0-BETA7/Pebble/lib/libpebble.a(tmpW5b3swpebble.o)
 .text.property_animation_update_grect
                0x0000000000000000        0xc /Users/keith/pebble-dev/PebbleSDK-2.0-BETA7/Pebble/lib/libpebble.a(tmpW5b3swpebble.o)
 .text.property_animation_update_int16
                0x0000000000000000        0xc /Users/keith/pebble-dev/PebbleSDK-2.0-BETA7/Pebble/lib/libpebble.a(tmpW5b3swpebble.o)
 .text.psleep   0x0000000000000000        0xc /Users/keith/pebble-dev/PebbleSDK-2.0-BETA7/Pebble/lib/libpebble.a(tmpW5b3swpebble.o)
 .text.rand     0x0000000000000000        0xc /Users/keith/pebble-dev/PebbleSDK-2.0-BETA7/Pebble/lib/libpebble.a(tmpW5b3swpebble.o)
 .text.resource_load
                0x0000000000000000        0xc /Users/keith/pebble-dev/PebbleSDK-2.0-BETA7/Pebble/lib/libpebble.a(tmpW5b3swpebble.o)
 .text.resource_load_byte_range
                0x0000000000000000        0xc /Users/keith/pebble-dev/PebbleSDK-2.0-BETA7/Pebble/lib/libpebble.a(tmpW5b3swpebble.o)
 .text.resource_size
                0x0000000000000000        0xc /Users/keith/pebble-dev/PebbleSDK-2.0-BETA7/Pebble/lib/libpebble.a(tmpW5b3swpebble.o)
 .text.rot_bitmap_layer_create
                0x0000000000000000        0xc /Users/keith/pebble-dev/PebbleSDK-2.0-BETA7/Pebble/lib/libpebble.a(tmpW5b3swpebble.o)
 .text.rot_bitmap_layer_destroy
                0x0000000000000000        0xc /Users/keith/pebble-dev/PebbleSDK-2.0-BETA7/Pebble/lib/libpebble.a(tmpW5b3swpebble.o)
 .text.rot_bitmap_layer_increment_angle
                0x0000000000000000        0xc /Users/keith/pebble-dev/PebbleSDK-2.0-BETA7/Pebble/lib/libpebble.a(tmpW5b3swpebble.o)
 .text.rot_bitmap_layer_set_angle
                0x0000000000000000        0xc /Users/keith/pebble-dev/PebbleSDK-2.0-BETA7/Pebble/lib/libpebble.a(tmpW5b3swpebble.o)
 .text.rot_bitmap_layer_set_corner_clip_color
                0x0000000000000000        0xc /Users/keith/pebble-dev/PebbleSDK-2.0-BETA7/Pebble/lib/libpebble.a(tmpW5b3swpebble.o)
 .text.rot_bitmap_set_compositing_mode
                0x0000000000000000        0xc /Users/keith/pebble-dev/PebbleSDK-2.0-BETA7/Pebble/lib/libpebble.a(tmpW5b3swpebble.o)
 .text.rot_bitmap_set_src_ic
                0x0000000000000000        0xc /Users/keith/pebble-dev/PebbleSDK-2.0-BETA7/Pebble/lib/libpebble.a(tmpW5b3swpebble.o)
 .text.scroll_layer_add_child
                0x0000000000000000        0xc /Users/keith/pebble-dev/PebbleSDK-2.0-BETA7/Pebble/lib/libpebble.a(tmpW5b3swpebble.o)
 .text.scroll_layer_create
                0x0000000000000000        0xc /Users/keith/pebble-dev/PebbleSDK-2.0-BETA7/Pebble/lib/libpebble.a(tmpW5b3swpebble.o)
 .text.scroll_layer_destroy
                0x0000000000000000        0xc /Users/keith/pebble-dev/PebbleSDK-2.0-BETA7/Pebble/lib/libpebble.a(tmpW5b3swpebble.o)
 .text.scroll_layer_get_content_offset
                0x0000000000000000        0xc /Users/keith/pebble-dev/PebbleSDK-2.0-BETA7/Pebble/lib/libpebble.a(tmpW5b3swpebble.o)
 .text.scroll_layer_get_content_size
                0x0000000000000000        0xc /Users/keith/pebble-dev/PebbleSDK-2.0-BETA7/Pebble/lib/libpebble.a(tmpW5b3swpebble.o)
 .text.scroll_layer_get_layer
                0x0000000000000000        0xc /Users/keith/pebble-dev/PebbleSDK-2.0-BETA7/Pebble/lib/libpebble.a(tmpW5b3swpebble.o)
 .text.scroll_layer_get_shadow_hidden
                0x0000000000000000        0xc /Users/keith/pebble-dev/PebbleSDK-2.0-BETA7/Pebble/lib/libpebble.a(tmpW5b3swpebble.o)
 .text.scroll_layer_scroll_down_click_handler
                0x0000000000000000        0xc /Users/keith/pebble-dev/PebbleSDK-2.0-BETA7/Pebble/lib/libpebble.a(tmpW5b3swpebble.o)
 .text.scroll_layer_scroll_up_click_handler
                0x0000000000000000        0xc /Users/keith/pebble-dev/PebbleSDK-2.0-BETA7/Pebble/lib/libpebble.a(tmpW5b3swpebble.o)
 .text.scroll_layer_set_callbacks
                0x0000000000000000        0xc /Users/keith/pebble-dev/PebbleSDK-2.0-BETA7/Pebble/lib/libpebble.a(tmpW5b3swpebble.o)
 .text.scroll_layer_set_click_config_onto_window
                0x0000000000000000        0xc /Users/keith/pebble-dev/PebbleSDK-2.0-BETA7/Pebble/lib/libpebble.a(tmpW5b3swpebble.o)
 .text.scroll_layer_set_content_offset
                0x0000000000000000        0xc /Users/keith/pebble-dev/PebbleSDK-2.0-BETA7/Pebble/lib/libpebble.a(tmpW5b3swpebble.o)
 .text.scroll_layer_set_content_size
                0x0000000000000000        0xc /Users/keith/pebble-dev/PebbleSDK-2.0-BETA7/Pebble/lib/libpebble.a(tmpW5b3swpebble.o)
 .text.scroll_layer_set_context
                0x0000000000000000        0xc /Users/keith/pebble-dev/PebbleSDK-2.0-BETA7/Pebble/lib/libpebble.a(tmpW5b3swpebble.o)
 .text.scroll_layer_set_frame
                0x0000000000000000        0xc /Users/keith/pebble-dev/PebbleSDK-2.0-BETA7/Pebble/lib/libpebble.a(tmpW5b3swpebble.o)
 .text.scroll_layer_set_shadow_hidden
                0x0000000000000000        0xc /Users/keith/pebble-dev/PebbleSDK-2.0-BETA7/Pebble/lib/libpebble.a(tmpW5b3swpebble.o)
 .text.simple_menu_layer_create
                0x0000000000000000        0xc /Users/keith/pebble-dev/PebbleSDK-2.0-BETA7/Pebble/lib/libpebble.a(tmpW5b3swpebble.o)
 .text.simple_menu_layer_destroy
                0x0000000000000000        0xc /Users/keith/pebble-dev/PebbleSDK-2.0-BETA7/Pebble/lib/libpebble.a(tmpW5b3swpebble.o)
 .text.simple_menu_layer_get_layer
                0x0000000000000000        0xc /Users/keith/pebble-dev/PebbleSDK-2.0-BETA7/Pebble/lib/libpebble.a(tmpW5b3swpebble.o)
 .text.simple_menu_layer_get_selected_index
                0x0000000000000000        0xc /Users/keith/pebble-dev/PebbleSDK-2.0-BETA7/Pebble/lib/libpebble.a(tmpW5b3swpebble.o)
 .text.simple_menu_layer_set_selected_index
                0x0000000000000000        0xc /Users/keith/pebble-dev/PebbleSDK-2.0-BETA7/Pebble/lib/libpebble.a(tmpW5b3swpebble.o)
 .text.sin_lookup
                0x0000000000000000        0xc /Users/keith/pebble-dev/PebbleSDK-2.0-BETA7/Pebble/lib/libpebble.a(tmpW5b3swpebble.o)
 .text.srand    0x0000000000000000        0xc /Users/keith/pebble-dev/PebbleSDK-2.0-BETA7/Pebble/lib/libpebble.a(tmpW5b3swpebble.o)
 .text.strcat   0x0000000000000000        0xc /Users/keith/pebble-dev/PebbleSDK-2.0-BETA7/Pebble/lib/libpebble.a(tmpW5b3swpebble.o)
 .text.strcmp   0x0000000000000000        0xc /Users/keith/pebble-dev/PebbleSDK-2.0-BETA7/Pebble/lib/libpebble.a(tmpW5b3swpebble.o)
 .text.strcpy   0x0000000000000000        0xc /Users/keith/pebble-dev/PebbleSDK-2.0-BETA7/Pebble/lib/libpebble.a(tmpW5b3swpebble.o)
 .text.strlen   0x0000000000000000        0xc /Users/keith/pebble-dev/PebbleSDK-2.0-BETA7/Pebble/lib/libpebble.a(tmpW5b3swpebble.o)
 .text.strncat  0x0000000000000000        0xc /Users/keith/pebble-dev/PebbleSDK-2.0-BETA7/Pebble/lib/libpebble.a(tmpW5b3swpebble.o)
 .text.strncmp  0x0000000000000000        0xc /Users/keith/pebble-dev/PebbleSDK-2.0-BETA7/Pebble/lib/libpebble.a(tmpW5b3swpebble.o)
 .text.text_layer_destroy
                0x0000000000000000        0xc /Users/keith/pebble-dev/PebbleSDK-2.0-BETA7/Pebble/lib/libpebble.a(tmpW5b3swpebble.o)
 .text.text_layer_get_content_size
                0x0000000000000000        0xc /Users/keith/pebble-dev/PebbleSDK-2.0-BETA7/Pebble/lib/libpebble.a(tmpW5b3swpebble.o)
 .text.text_layer_get_text
                0x0000000000000000        0xc /Users/keith/pebble-dev/PebbleSDK-2.0-BETA7/Pebble/lib/libpebble.a(tmpW5b3swpebble.o)
 .text.text_layer_set_overflow_mode
                0x0000000000000000        0xc /Users/keith/pebble-dev/PebbleSDK-2.0-BETA7/Pebble/lib/libpebble.a(tmpW5b3swpebble.o)
 .text.text_layer_set_size
                0x0000000000000000        0xc /Users/keith/pebble-dev/PebbleSDK-2.0-BETA7/Pebble/lib/libpebble.a(tmpW5b3swpebble.o)
 .text.time_ms  0x0000000000000000        0xc /Users/keith/pebble-dev/PebbleSDK-2.0-BETA7/Pebble/lib/libpebble.a(tmpW5b3swpebble.o)
 .text.vibes_cancel
                0x0000000000000000        0xc /Users/keith/pebble-dev/PebbleSDK-2.0-BETA7/Pebble/lib/libpebble.a(tmpW5b3swpebble.o)
 .text.vibes_enqueue_custom_pattern
                0x0000000000000000        0xc /Users/keith/pebble-dev/PebbleSDK-2.0-BETA7/Pebble/lib/libpebble.a(tmpW5b3swpebble.o)
 .text.vibes_short_pulse
                0x0000000000000000        0xc /Users/keith/pebble-dev/PebbleSDK-2.0-BETA7/Pebble/lib/libpebble.a(tmpW5b3swpebble.o)
 .text.window_destroy
                0x0000000000000000        0xc /Users/keith/pebble-dev/PebbleSDK-2.0-BETA7/Pebble/lib/libpebble.a(tmpW5b3swpebble.o)
 .text.window_get_click_config_provider
                0x0000000000000000        0xc /Users/keith/pebble-dev/PebbleSDK-2.0-BETA7/Pebble/lib/libpebble.a(tmpW5b3swpebble.o)
 .text.window_get_fullscreen
                0x0000000000000000        0xc /Users/keith/pebble-dev/PebbleSDK-2.0-BETA7/Pebble/lib/libpebble.a(tmpW5b3swpebble.o)
 .text.window_is_loaded
                0x0000000000000000        0xc /Users/keith/pebble-dev/PebbleSDK-2.0-BETA7/Pebble/lib/libpebble.a(tmpW5b3swpebble.o)
 .text.window_set_click_config_provider_with_context
                0x0000000000000000        0xc /Users/keith/pebble-dev/PebbleSDK-2.0-BETA7/Pebble/lib/libpebble.a(tmpW5b3swpebble.o)
 .text.window_set_status_bar_icon
                0x0000000000000000        0xc /Users/keith/pebble-dev/PebbleSDK-2.0-BETA7/Pebble/lib/libpebble.a(tmpW5b3swpebble.o)
 .text.window_set_window_handlers
                0x0000000000000000        0xc /Users/keith/pebble-dev/PebbleSDK-2.0-BETA7/Pebble/lib/libpebble.a(tmpW5b3swpebble.o)
 .text.window_stack_contains_window
                0x0000000000000000        0xc /Users/keith/pebble-dev/PebbleSDK-2.0-BETA7/Pebble/lib/libpebble.a(tmpW5b3swpebble.o)
 .text.window_stack_get_top_window
                0x0000000000000000        0xc /Users/keith/pebble-dev/PebbleSDK-2.0-BETA7/Pebble/lib/libpebble.a(tmpW5b3swpebble.o)
 .text.window_stack_pop
                0x0000000000000000        0xc /Users/keith/pebble-dev/PebbleSDK-2.0-BETA7/Pebble/lib/libpebble.a(tmpW5b3swpebble.o)
 .text.window_stack_pop_all
                0x0000000000000000        0xc /Users/keith/pebble-dev/PebbleSDK-2.0-BETA7/Pebble/lib/libpebble.a(tmpW5b3swpebble.o)
 .text.window_stack_remove
                0x0000000000000000        0xc /Users/keith/pebble-dev/PebbleSDK-2.0-BETA7/Pebble/lib/libpebble.a(tmpW5b3swpebble.o)
 .text.app_focus_service_subscribe
                0x0000000000000000        0xc /Users/keith/pebble-dev/PebbleSDK-2.0-BETA7/Pebble/lib/libpebble.a(tmpW5b3swpebble.o)
 .text.window_get_user_data
                0x0000000000000000        0xc /Users/keith/pebble-dev/PebbleSDK-2.0-BETA7/Pebble/lib/libpebble.a(tmpW5b3swpebble.o)
 .text.window_set_user_data
                0x0000000000000000        0xc /Users/keith/pebble-dev/PebbleSDK-2.0-BETA7/Pebble/lib/libpebble.a(tmpW5b3swpebble.o)
 .text.app_message_get_context
                0x0000000000000000        0xc /Users/keith/pebble-dev/PebbleSDK-2.0-BETA7/Pebble/lib/libpebble.a(tmpW5b3swpebble.o)
 .text.app_message_inbox_size_maximum
                0x0000000000000000        0xc /Users/keith/pebble-dev/PebbleSDK-2.0-BETA7/Pebble/lib/libpebble.a(tmpW5b3swpebble.o)
 .text.app_message_outbox_size_maximum
                0x0000000000000000        0xc /Users/keith/pebble-dev/PebbleSDK-2.0-BETA7/Pebble/lib/libpebble.a(tmpW5b3swpebble.o)
 .text.window_multi_click_subscribe
                0x0000000000000000        0xc /Users/keith/pebble-dev/PebbleSDK-2.0-BETA7/Pebble/lib/libpebble.a(tmpW5b3swpebble.o)
 .text.window_raw_click_subscribe
                0x0000000000000000        0xc /Users/keith/pebble-dev/PebbleSDK-2.0-BETA7/Pebble/lib/libpebble.a(tmpW5b3swpebble.o)
 .text.window_set_click_context
                0x0000000000000000        0xc /Users/keith/pebble-dev/PebbleSDK-2.0-BETA7/Pebble/lib/libpebble.a(tmpW5b3swpebble.o)
 .text.window_single_click_subscribe
                0x0000000000000000        0xc /Users/keith/pebble-dev/PebbleSDK-2.0-BETA7/Pebble/lib/libpebble.a(tmpW5b3swpebble.o)
 .text.window_single_repeating_click_subscribe
                0x0000000000000000        0xc /Users/keith/pebble-dev/PebbleSDK-2.0-BETA7/Pebble/lib/libpebble.a(tmpW5b3swpebble.o)
 .text.graphics_draw_text
                0x0000000000000000        0xc /Users/keith/pebble-dev/PebbleSDK-2.0-BETA7/Pebble/lib/libpebble.a(tmpW5b3swpebble.o)
 .text.dict_serialize_tuplets_to_buffer
                0x0000000000000000        0xc /Users/keith/pebble-dev/PebbleSDK-2.0-BETA7/Pebble/lib/libpebble.a(tmpW5b3swpebble.o)
 .text.persist_read_string
                0x0000000000000000        0xc /Users/keith/pebble-dev/PebbleSDK-2.0-BETA7/Pebble/lib/libpebble.a(tmpW5b3swpebble.o)
 .text.dict_size
                0x0000000000000000        0xc /Users/keith/pebble-dev/PebbleSDK-2.0-BETA7/Pebble/lib/libpebble.a(tmpW5b3swpebble.o)
 .text.graphics_text_layout_get_content_size
                0x0000000000000000        0xc /Users/keith/pebble-dev/PebbleSDK-2.0-BETA7/Pebble/lib/libpebble.a(tmpW5b3swpebble.o)
 .text.simple_menu_layer_get_menu_layer
                0x0000000000000000        0xc /Users/keith/pebble-dev/PebbleSDK-2.0-BETA7/Pebble/lib/libpebble.a(tmpW5b3swpebble.o)
 .text.calloc   0x0000000000000000        0xc /Users/keith/pebble-dev/PebbleSDK-2.0-BETA7/Pebble/lib/libpebble.a(tmpW5b3swpebble.o)
 .text.bitmap_layer_get_bitmap
                0x0000000000000000        0xc /Users/keith/pebble-dev/PebbleSDK-2.0-BETA7/Pebble/lib/libpebble.a(tmpW5b3swpebble.o)
 .bss           0x0000000000000000        0x0 /Users/keith/pebble-dev/PebbleSDK-2.0-BETA7/arm-cs-tools/bin/../lib/gcc/arm-none-eabi/4.7.2/thumb2/libgcc.a(_arm_addsubdf3.o)
 .bss           0x0000000000000000        0x0 /Users/keith/pebble-dev/PebbleSDK-2.0-BETA7/arm-cs-tools/bin/../lib/gcc/arm-none-eabi/4.7.2/thumb2/libgcc.a(_arm_muldivdf3.o)
 .bss           0x0000000000000000        0x0 /Users/keith/pebble-dev/PebbleSDK-2.0-BETA7/arm-cs-tools/bin/../lib/gcc/arm-none-eabi/4.7.2/thumb2/libgcc.a(_arm_fixdfsi.o)
 .bss           0x0000000000000000        0x0 /Users/keith/pebble-dev/PebbleSDK-2.0-BETA7/arm-cs-tools/bin/../lib/gcc/arm-none-eabi/4.7.2/thumb2/libgcc.a(_arm_fixunsdfsi.o)
 .text          0x0000000000000000        0x0 /Users/keith/pebble-dev/PebbleSDK-2.0-BETA7/arm-cs-tools/bin/../lib/gcc/arm-none-eabi/4.7.2/../../../../arm-none-eabi/lib/thumb2/libc.a(lib_a-memcmp.o)
 .bss           0x0000000000000000        0x0 /Users/keith/pebble-dev/PebbleSDK-2.0-BETA7/arm-cs-tools/bin/../lib/gcc/arm-none-eabi/4.7.2/../../../../arm-none-eabi/lib/thumb2/libc.a(lib_a-memcmp.o)
 .text          0x0000000000000000        0x0 /Users/keith/pebble-dev/PebbleSDK-2.0-BETA7/arm-cs-tools/bin/../lib/gcc/arm-none-eabi/4.7.2/thumb2/crtend.o
 .bss           0x0000000000000000        0x0 /Users/keith/pebble-dev/PebbleSDK-2.0-BETA7/arm-cs-tools/bin/../lib/gcc/arm-none-eabi/4.7.2/thumb2/crtend.o
 .eh_frame      0x0000000000000000        0x4 /Users/keith/pebble-dev/PebbleSDK-2.0-BETA7/arm-cs-tools/bin/../lib/gcc/arm-none-eabi/4.7.2/thumb2/crtend.o
 .jcr           0x0000000000000000        0x4 /Users/keith/pebble-dev/PebbleSDK-2.0-BETA7/arm-cs-tools/bin/../lib/gcc/arm-none-eabi/4.7.2/thumb2/crtend.o
 .tm_clone_table
                0x0000000000000000        0x0 /Users/keith/pebble-dev/PebbleSDK-2.0-BETA7/arm-cs-tools/bin/../lib/gcc/arm-none-eabi/4.7.2/thumb2/crtend.o
 .text          0x0000000000000000        0x0 /Users/keith/pebble-dev/PebbleSDK-2.0-BETA7/arm-cs-tools/bin/../lib/gcc/arm-none-eabi/4.7.2/thumb2/crtn.o
 .bss           0x0000000000000000        0x0 /Users/keith/pebble-dev/PebbleSDK-2.0-BETA7/arm-cs-tools/bin/../lib/gcc/arm-none-eabi/4.7.2/thumb2/crtn.o
 .init          0x0000000000000000        0x8 /Users/keith/pebble-dev/PebbleSDK-2.0-BETA7/arm-cs-tools/bin/../lib/gcc/arm-none-eabi/4.7.2/thumb2/crtn.o
 .fini          0x0000000000000000        0x8 /Users/keith/pebble-dev/PebbleSDK-2.0-BETA7/arm-cs-tools/bin/../lib/gcc/arm-none-eabi/4.7.2/thumb2/crtn.o

Memory Configuration

Name             Origin             Length             Attributes
APP              0x0000000000000000 0x0000000000006000 xrw
*default*        0x0000000000000000 0xffffffffffffffff

Linker script and memory map

LOAD /Users/keith/pebble-dev/PebbleSDK-2.0-BETA7/arm-cs-tools/bin/../lib/gcc/arm-none-eabi/4.7.2/thumb2/crti.o
LOAD /Users/keith/pebble-dev/PebbleSDK-2.0-BETA7/arm-cs-tools/bin/../lib/gcc/arm-none-eabi/4.7.2/thumb2/crtbegin.o
LOAD src/main.c.18.o
LOAD src/memoryandcalc.c.18.o
LOAD src/morpheuz.c.18.o
LOAD src/powernap.c.18.o
LOAD appinfo.auto.c.18.o
LOAD /Users/keith/pebble-dev/PebbleSDK-2.0-BETA7/Pebble/lib/libpebble.a
START GROUP
LOAD /Users/keith/pebble-dev/PebbleSDK-2.0-BETA7/arm-cs-tools/bin/../lib/gcc/arm-none-eabi/4.7.2/thumb2/libgcc.a
LOAD /Users/keith/pebble-dev/PebbleSDK-2.0-BETA7/arm-cs-tools/bin/../lib/gcc/arm-none-eabi/4.7.2/../../../../arm-none-eabi/lib/thumb2/libc.a
END GROUP
LOAD /Users/keith/pebble-dev/PebbleSDK-2.0-BETA7/arm-cs-tools/bin/../lib/gcc/arm-none-eabi/4.7.2/thumb2/crtend.o
LOAD /Users/keith/pebble-dev/PebbleSDK-2.0-BETA7/arm-cs-tools/bin/../lib/gcc/arm-none-eabi/4.7.2/thumb2/crtn.o

.header         0x0000000000000000       0x82
 *(.pbl_header)
 .pbl_header    0x0000000000000000       0x82 appinfo.auto.c.18.o
                0x0000000000000000                __pbl_app_info

.text           0x0000000000000088     0x253a
 *(.text)
 .text          0x0000000000000088       0x14 /Users/keith/pebble-dev/PebbleSDK-2.0-BETA7/Pebble/lib/libpebble.a(tmpW5b3swpebble.o)
 .text          0x000000000000009c      0x370 /Users/keith/pebble-dev/PebbleSDK-2.0-BETA7/arm-cs-tools/bin/../lib/gcc/arm-none-eabi/4.7.2/thumb2/libgcc.a(_arm_addsubdf3.o)
                0x000000000000009c                __aeabi_drsub
                0x00000000000000a4                __subdf3
                0x00000000000000a4                __aeabi_dsub
                0x00000000000000a8                __aeabi_dadd
                0x00000000000000a8                __adddf3
                0x0000000000000320                __aeabi_ui2d
                0x0000000000000320                __floatunsidf
                0x0000000000000340                __floatsidf
                0x0000000000000340                __aeabi_i2d
                0x0000000000000364                __extendsfdf2
                0x0000000000000364                __aeabi_f2d
                0x00000000000003a0                __aeabi_ul2d
                0x00000000000003a0                __floatundidf
                0x00000000000003b0                __aeabi_l2d
                0x00000000000003b0                __floatdidf
 .text          0x000000000000040c      0x424 /Users/keith/pebble-dev/PebbleSDK-2.0-BETA7/arm-cs-tools/bin/../lib/gcc/arm-none-eabi/4.7.2/thumb2/libgcc.a(_arm_muldivdf3.o)
                0x000000000000040c                __aeabi_dmul
                0x000000000000040c                __muldf3
                0x0000000000000660                __aeabi_ddiv
                0x0000000000000660                __divdf3
 .text          0x0000000000000830       0x50 /Users/keith/pebble-dev/PebbleSDK-2.0-BETA7/arm-cs-tools/bin/../lib/gcc/arm-none-eabi/4.7.2/thumb2/libgcc.a(_arm_fixdfsi.o)
                0x0000000000000830                __fixdfsi
                0x0000000000000830                __aeabi_d2iz
 .text          0x0000000000000880       0x40 /Users/keith/pebble-dev/PebbleSDK-2.0-BETA7/arm-cs-tools/bin/../lib/gcc/arm-none-eabi/4.7.2/thumb2/libgcc.a(_arm_fixunsdfsi.o)
                0x0000000000000880                __fixunsdfsi
                0x0000000000000880                __aeabi_d2uiz
 *(.text.*)
 .text.bluetooth_state_handler
                0x00000000000008c0       0x20 src/main.c.18.o
 .text.hide_version
                0x00000000000008e0       0x1c src/main.c.18.o
                0x00000000000008e0                hide_version
 .text.battery_state_handler
                0x00000000000008fc       0x2c src/main.c.18.o
 .text.show_date
                0x0000000000000928       0x40 src/main.c.18.o
 .text.handle_minute_tick
                0x0000000000000968       0x44 src/main.c.18.o
 .text.zzz_layer_update_callback
                0x00000000000009ac       0x38 src/main.c.18.o
 *fill*         0x00000000000009e4        0x4 
 .text.progress_layer_update_callback
                0x00000000000009e8       0xa0 src/main.c.18.o
 .text.line_layer_update_callback
                0x0000000000000a88       0x28 src/main.c.18.o
 .text.battery_layer_update_callback
                0x0000000000000ab0       0xd4 src/main.c.18.o
 .text.set_smart_status_on_screen
                0x0000000000000b84       0xa0 src/main.c.18.o
                0x0000000000000b84                set_smart_status_on_screen
 .text.show_comms_state
                0x0000000000000c24       0x20 src/main.c.18.o
                0x0000000000000c24                show_comms_state
 .text.set_progress
                0x0000000000000c44       0x18 src/main.c.18.o
                0x0000000000000c44                set_progress
 .text.toggle_zzz
                0x0000000000000c5c       0x24 src/main.c.18.o
                0x0000000000000c5c                toggle_zzz
 .text.show_record
                0x0000000000000c80       0x20 src/main.c.18.o
                0x0000000000000c80                show_record
 .text.invert_screen
                0x0000000000000ca0       0x28 src/main.c.18.o
                0x0000000000000ca0                invert_screen
 .text.reset_tick_service
                0x0000000000000cc8       0x3c src/main.c.18.o
                0x0000000000000cc8                reset_tick_service
 .text.startup.main
                0x0000000000000d04      0x518 src/main.c.18.o
                0x0000000000000d04                main
 .text.save_config_data
                0x000000000000121c       0x58 src/memoryandcalc.c.18.o
                0x000000000000121c                save_config_data
 .text.save_internal_data
                0x0000000000001274       0x90 src/memoryandcalc.c.18.o
                0x0000000000001274                save_internal_data
 .text.save_internal_data_timer
                0x0000000000001304       0x20 src/memoryandcalc.c.18.o
 .text.get_internal_data
                0x0000000000001324        0xc src/memoryandcalc.c.18.o
                0x0000000000001324                get_internal_data
 .text.read_config_data
                0x0000000000001330       0x60 src/memoryandcalc.c.18.o
                0x0000000000001330                read_config_data
 .text.get_config_data
                0x0000000000001390        0xc src/memoryandcalc.c.18.o
                0x0000000000001390                get_config_data
 .text.set_config_data
                0x000000000000139c       0x60 src/memoryandcalc.c.18.o
                0x000000000000139c                set_config_data
 .text.set_progress_based_on_persist
                0x00000000000013fc       0x38 src/memoryandcalc.c.18.o
                0x00000000000013fc                set_progress_based_on_persist
 .text.clear_internal_data
                0x0000000000001434       0x2c src/memoryandcalc.c.18.o
 .text.reset_sleep_period
                0x0000000000001460       0x30 src/memoryandcalc.c.18.o
                0x0000000000001460                reset_sleep_period
 .text.read_internal_data
                0x0000000000001490       0x70 src/memoryandcalc.c.18.o
                0x0000000000001490                read_internal_data
 .text.transmit_next_data
                0x0000000000001500       0x58 src/memoryandcalc.c.18.o
                0x0000000000001500                transmit_next_data
 .text.server_processing
                0x0000000000001558      0x16c src/memoryandcalc.c.18.o
                0x0000000000001558                server_processing
 .text.in_dropped_handler
                0x00000000000016c4       0x20 src/morpheuz.c.18.o
 .text.out_sent_handler
                0x00000000000016e4       0x48 src/morpheuz.c.18.o
 .text.out_failed_handler
                0x000000000000172c       0x34 src/morpheuz.c.18.o
 .text.send_to_phone
                0x0000000000001760       0x44 src/morpheuz.c.18.o
 .text.store_sample
                0x00000000000017a4       0x44 src/morpheuz.c.18.o
 .text.accel_data_handler
                0x00000000000017e8      0x13c src/morpheuz.c.18.o
 .text.send_goneoff
                0x0000000000001924       0x60 src/morpheuz.c.18.o
                0x0000000000001924                send_goneoff
 .text.send_version
                0x0000000000001984       0x5c src/morpheuz.c.18.o
                0x0000000000001984                send_version
 .text.fire_alarm
                0x00000000000019e0       0x14 src/morpheuz.c.18.o
                0x00000000000019e0                fire_alarm
 .text.do_alarm
                0x00000000000019f4       0x30 src/morpheuz.c.18.o
                0x00000000000019f4                do_alarm
 .text.set_smart_status
                0x0000000000001a24       0x70 src/morpheuz.c.18.o
                0x0000000000001a24                set_smart_status
 .text.in_received_handler
                0x0000000000001a94      0x144 src/morpheuz.c.18.o
 .text.send_point
                0x0000000000001bd8       0x14 src/morpheuz.c.18.o
                0x0000000000001bd8                send_point
 .text.send_base
                0x0000000000001bec       0x10 src/morpheuz.c.18.o
                0x0000000000001bec                send_base
 .text.self_monitor
                0x0000000000001bfc       0x50 src/morpheuz.c.18.o
                0x0000000000001bfc                self_monitor
 .text.init_morpheuz
                0x0000000000001c4c      0x120 src/morpheuz.c.18.o
                0x0000000000001c4c                init_morpheuz
 .text.deinit_morpheuz
                0x0000000000001d6c        0xe src/morpheuz.c.18.o
                0x0000000000001d6c                deinit_morpheuz
 .text.select_long_up_handler
                0x0000000000001d7a        0x2 src/powernap.c.18.o
 .text.up_long_up_handler
                0x0000000000001d7c        0x2 src/powernap.c.18.o
 .text.up_long_down_handler
                0x0000000000001d7e        0x4 src/powernap.c.18.o
 *fill*         0x0000000000001d82        0x2 
 .text.power_nap_reset
                0x0000000000001d84       0x10 src/powernap.c.18.o
                0x0000000000001d84                power_nap_reset
 .text.select_long_down_handler
                0x0000000000001d94       0x38 src/powernap.c.18.o
 .text.power_nap_check
                0x0000000000001dcc       0x24 src/powernap.c.18.o
                0x0000000000001dcc                power_nap_check
 .text.power_nap_countdown
                0x0000000000001df0       0x50 src/powernap.c.18.o
                0x0000000000001df0                power_nap_countdown
 .text.click_config_provider
                0x0000000000001e40       0x3c src/powernap.c.18.o
                0x0000000000001e40                click_config_provider
 .text.accel_data_service_unsubscribe
                0x0000000000001e7c        0xc /Users/keith/pebble-dev/PebbleSDK-2.0-BETA7/Pebble/lib/libpebble.a(tmpW5b3swpebble.o)
                0x0000000000001e7c                accel_data_service_unsubscribe
 .text.accel_service_set_sampling_rate
                0x0000000000001e88        0xc /Users/keith/pebble-dev/PebbleSDK-2.0-BETA7/Pebble/lib/libpebble.a(tmpW5b3swpebble.o)
                0x0000000000001e88                accel_service_set_sampling_rate
 .text.app_event_loop
                0x0000000000001e94        0xc /Users/keith/pebble-dev/PebbleSDK-2.0-BETA7/Pebble/lib/libpebble.a(tmpW5b3swpebble.o)
                0x0000000000001e94                app_event_loop
 .text.app_log  0x0000000000001ea0        0xc /Users/keith/pebble-dev/PebbleSDK-2.0-BETA7/Pebble/lib/libpebble.a(tmpW5b3swpebble.o)
                0x0000000000001ea0                app_log
 .text.app_message_open
                0x0000000000001eac        0xc /Users/keith/pebble-dev/PebbleSDK-2.0-BETA7/Pebble/lib/libpebble.a(tmpW5b3swpebble.o)
                0x0000000000001eac                app_message_open
 .text.app_timer_register
                0x0000000000001eb8        0xc /Users/keith/pebble-dev/PebbleSDK-2.0-BETA7/Pebble/lib/libpebble.a(tmpW5b3swpebble.o)
                0x0000000000001eb8                app_timer_register
 .text.battery_state_service_peek
                0x0000000000001ec4        0xc /Users/keith/pebble-dev/PebbleSDK-2.0-BETA7/Pebble/lib/libpebble.a(tmpW5b3swpebble.o)
                0x0000000000001ec4                battery_state_service_peek
 .text.battery_state_service_subscribe
                0x0000000000001ed0        0xc /Users/keith/pebble-dev/PebbleSDK-2.0-BETA7/Pebble/lib/libpebble.a(tmpW5b3swpebble.o)
                0x0000000000001ed0                battery_state_service_subscribe
 .text.battery_state_service_unsubscribe
                0x0000000000001edc        0xc /Users/keith/pebble-dev/PebbleSDK-2.0-BETA7/Pebble/lib/libpebble.a(tmpW5b3swpebble.o)
                0x0000000000001edc                battery_state_service_unsubscribe
 .text.bitmap_layer_create
                0x0000000000001ee8        0xc /Users/keith/pebble-dev/PebbleSDK-2.0-BETA7/Pebble/lib/libpebble.a(tmpW5b3swpebble.o)
                0x0000000000001ee8                bitmap_layer_create
 .text.bitmap_layer_get_layer
                0x0000000000001ef4        0xc /Users/keith/pebble-dev/PebbleSDK-2.0-BETA7/Pebble/lib/libpebble.a(tmpW5b3swpebble.o)
                0x0000000000001ef4                bitmap_layer_get_layer
 .text.bitmap_layer_set_bitmap
                0x0000000000001f00        0xc /Users/keith/pebble-dev/PebbleSDK-2.0-BETA7/Pebble/lib/libpebble.a(tmpW5b3swpebble.o)
                0x0000000000001f00                bitmap_layer_set_bitmap
 .text.bluetooth_connection_service_peek
                0x0000000000001f0c        0xc /Users/keith/pebble-dev/PebbleSDK-2.0-BETA7/Pebble/lib/libpebble.a(tmpW5b3swpebble.o)
                0x0000000000001f0c                bluetooth_connection_service_peek
 .text.bluetooth_connection_service_subscribe
                0x0000000000001f18        0xc /Users/keith/pebble-dev/PebbleSDK-2.0-BETA7/Pebble/lib/libpebble.a(tmpW5b3swpebble.o)
                0x0000000000001f18                bluetooth_connection_service_subscribe
 .text.bluetooth_connection_service_unsubscribe
                0x0000000000001f24        0xc /Users/keith/pebble-dev/PebbleSDK-2.0-BETA7/Pebble/lib/libpebble.a(tmpW5b3swpebble.o)
                0x0000000000001f24                bluetooth_connection_service_unsubscribe
 .text.clock_copy_time_string
                0x0000000000001f30        0xc /Users/keith/pebble-dev/PebbleSDK-2.0-BETA7/Pebble/lib/libpebble.a(tmpW5b3swpebble.o)
                0x0000000000001f30                clock_copy_time_string
 .text.dict_calc_buffer_size_from_tuplets
                0x0000000000001f3c        0xc /Users/keith/pebble-dev/PebbleSDK-2.0-BETA7/Pebble/lib/libpebble.a(tmpW5b3swpebble.o)
                0x0000000000001f3c                dict_calc_buffer_size_from_tuplets
 .text.dict_find
                0x0000000000001f48        0xc /Users/keith/pebble-dev/PebbleSDK-2.0-BETA7/Pebble/lib/libpebble.a(tmpW5b3swpebble.o)
                0x0000000000001f48                dict_find
 .text.dict_write_end
                0x0000000000001f54        0xc /Users/keith/pebble-dev/PebbleSDK-2.0-BETA7/Pebble/lib/libpebble.a(tmpW5b3swpebble.o)
                0x0000000000001f54                dict_write_end
 .text.dict_write_tuplet
                0x0000000000001f60        0xc /Users/keith/pebble-dev/PebbleSDK-2.0-BETA7/Pebble/lib/libpebble.a(tmpW5b3swpebble.o)
                0x0000000000001f60                dict_write_tuplet
 .text.fonts_get_system_font
                0x0000000000001f6c        0xc /Users/keith/pebble-dev/PebbleSDK-2.0-BETA7/Pebble/lib/libpebble.a(tmpW5b3swpebble.o)
                0x0000000000001f6c                fonts_get_system_font
 .text.fonts_load_custom_font
                0x0000000000001f78        0xc /Users/keith/pebble-dev/PebbleSDK-2.0-BETA7/Pebble/lib/libpebble.a(tmpW5b3swpebble.o)
                0x0000000000001f78                fonts_load_custom_font
 .text.gbitmap_create_with_resource
                0x0000000000001f84        0xc /Users/keith/pebble-dev/PebbleSDK-2.0-BETA7/Pebble/lib/libpebble.a(tmpW5b3swpebble.o)
                0x0000000000001f84                gbitmap_create_with_resource
 .text.gbitmap_destroy
                0x0000000000001f90        0xc /Users/keith/pebble-dev/PebbleSDK-2.0-BETA7/Pebble/lib/libpebble.a(tmpW5b3swpebble.o)
                0x0000000000001f90                gbitmap_destroy
 .text.graphics_context_set_compositing_mode
                0x0000000000001f9c        0xc /Users/keith/pebble-dev/PebbleSDK-2.0-BETA7/Pebble/lib/libpebble.a(tmpW5b3swpebble.o)
                0x0000000000001f9c                graphics_context_set_compositing_mode
 .text.graphics_context_set_fill_color
                0x0000000000001fa8        0xc /Users/keith/pebble-dev/PebbleSDK-2.0-BETA7/Pebble/lib/libpebble.a(tmpW5b3swpebble.o)
                0x0000000000001fa8                graphics_context_set_fill_color
 .text.graphics_context_set_stroke_color
                0x0000000000001fb4        0xc /Users/keith/pebble-dev/PebbleSDK-2.0-BETA7/Pebble/lib/libpebble.a(tmpW5b3swpebble.o)
                0x0000000000001fb4                graphics_context_set_stroke_color
 .text.graphics_draw_bitmap_in_rect
                0x0000000000001fc0        0xc /Users/keith/pebble-dev/PebbleSDK-2.0-BETA7/Pebble/lib/libpebble.a(tmpW5b3swpebble.o)
                0x0000000000001fc0                graphics_draw_bitmap_in_rect
 .text.graphics_fill_rect
                0x0000000000001fcc        0xc /Users/keith/pebble-dev/PebbleSDK-2.0-BETA7/Pebble/lib/libpebble.a(tmpW5b3swpebble.o)
                0x0000000000001fcc                graphics_fill_rect
 .text.inverter_layer_create
                0x0000000000001fd8        0xc /Users/keith/pebble-dev/PebbleSDK-2.0-BETA7/Pebble/lib/libpebble.a(tmpW5b3swpebble.o)
                0x0000000000001fd8                inverter_layer_create
 .text.inverter_layer_get_layer
                0x0000000000001fe4        0xc /Users/keith/pebble-dev/PebbleSDK-2.0-BETA7/Pebble/lib/libpebble.a(tmpW5b3swpebble.o)
                0x0000000000001fe4                inverter_layer_get_layer
 .text.layer_add_child
                0x0000000000001ff0        0xc /Users/keith/pebble-dev/PebbleSDK-2.0-BETA7/Pebble/lib/libpebble.a(tmpW5b3swpebble.o)
                0x0000000000001ff0                layer_add_child
 .text.layer_create
                0x0000000000001ffc        0xc /Users/keith/pebble-dev/PebbleSDK-2.0-BETA7/Pebble/lib/libpebble.a(tmpW5b3swpebble.o)
                0x0000000000001ffc                layer_create
 .text.layer_get_bounds
                0x0000000000002008        0xc /Users/keith/pebble-dev/PebbleSDK-2.0-BETA7/Pebble/lib/libpebble.a(tmpW5b3swpebble.o)
                0x0000000000002008                layer_get_bounds
 .text.layer_get_hidden
                0x0000000000002014        0xc /Users/keith/pebble-dev/PebbleSDK-2.0-BETA7/Pebble/lib/libpebble.a(tmpW5b3swpebble.o)
                0x0000000000002014                layer_get_hidden
 .text.layer_mark_dirty
                0x0000000000002020        0xc /Users/keith/pebble-dev/PebbleSDK-2.0-BETA7/Pebble/lib/libpebble.a(tmpW5b3swpebble.o)
                0x0000000000002020                layer_mark_dirty
 .text.layer_set_hidden
                0x000000000000202c        0xc /Users/keith/pebble-dev/PebbleSDK-2.0-BETA7/Pebble/lib/libpebble.a(tmpW5b3swpebble.o)
                0x000000000000202c                layer_set_hidden
 .text.layer_set_update_proc
                0x0000000000002038        0xc /Users/keith/pebble-dev/PebbleSDK-2.0-BETA7/Pebble/lib/libpebble.a(tmpW5b3swpebble.o)
                0x0000000000002038                layer_set_update_proc
 .text.localtime
                0x0000000000002044        0xc /Users/keith/pebble-dev/PebbleSDK-2.0-BETA7/Pebble/lib/libpebble.a(tmpW5b3swpebble.o)
                0x0000000000002044                localtime
 .text.memcpy   0x0000000000002050        0xc /Users/keith/pebble-dev/PebbleSDK-2.0-BETA7/Pebble/lib/libpebble.a(tmpW5b3swpebble.o)
                0x0000000000002050                memcpy
 .text.memset   0x000000000000205c        0xc /Users/keith/pebble-dev/PebbleSDK-2.0-BETA7/Pebble/lib/libpebble.a(tmpW5b3swpebble.o)
                0x000000000000205c                memset
 .text.persist_exists
                0x0000000000002068        0xc /Users/keith/pebble-dev/PebbleSDK-2.0-BETA7/Pebble/lib/libpebble.a(tmpW5b3swpebble.o)
                0x0000000000002068                persist_exists
 .text.resource_get_handle
                0x0000000000002074        0xc /Users/keith/pebble-dev/PebbleSDK-2.0-BETA7/Pebble/lib/libpebble.a(tmpW5b3swpebble.o)
                0x0000000000002074                resource_get_handle
 .text.snprintf
                0x0000000000002080        0xc /Users/keith/pebble-dev/PebbleSDK-2.0-BETA7/Pebble/lib/libpebble.a(tmpW5b3swpebble.o)
                0x0000000000002080                snprintf
 .text.strftime
                0x000000000000208c        0xc /Users/keith/pebble-dev/PebbleSDK-2.0-BETA7/Pebble/lib/libpebble.a(tmpW5b3swpebble.o)
                0x000000000000208c                strftime
 .text.strncpy  0x0000000000002098        0xc /Users/keith/pebble-dev/PebbleSDK-2.0-BETA7/Pebble/lib/libpebble.a(tmpW5b3swpebble.o)
                0x0000000000002098                strncpy
 .text.text_layer_create
                0x00000000000020a4        0xc /Users/keith/pebble-dev/PebbleSDK-2.0-BETA7/Pebble/lib/libpebble.a(tmpW5b3swpebble.o)
                0x00000000000020a4                text_layer_create
 .text.text_layer_get_layer
                0x00000000000020b0        0xc /Users/keith/pebble-dev/PebbleSDK-2.0-BETA7/Pebble/lib/libpebble.a(tmpW5b3swpebble.o)
                0x00000000000020b0                text_layer_get_layer
 .text.text_layer_set_background_color
                0x00000000000020bc        0xc /Users/keith/pebble-dev/PebbleSDK-2.0-BETA7/Pebble/lib/libpebble.a(tmpW5b3swpebble.o)
                0x00000000000020bc                text_layer_set_background_color
 .text.text_layer_set_font
                0x00000000000020c8        0xc /Users/keith/pebble-dev/PebbleSDK-2.0-BETA7/Pebble/lib/libpebble.a(tmpW5b3swpebble.o)
                0x00000000000020c8                text_layer_set_font
 .text.text_layer_set_text
                0x00000000000020d4        0xc /Users/keith/pebble-dev/PebbleSDK-2.0-BETA7/Pebble/lib/libpebble.a(tmpW5b3swpebble.o)
                0x00000000000020d4                text_layer_set_text
 .text.text_layer_set_text_alignment
                0x00000000000020e0        0xc /Users/keith/pebble-dev/PebbleSDK-2.0-BETA7/Pebble/lib/libpebble.a(tmpW5b3swpebble.o)
                0x00000000000020e0                text_layer_set_text_alignment
 .text.text_layer_set_text_color
                0x00000000000020ec        0xc /Users/keith/pebble-dev/PebbleSDK-2.0-BETA7/Pebble/lib/libpebble.a(tmpW5b3swpebble.o)
                0x00000000000020ec                text_layer_set_text_color
 .text.tick_timer_service_subscribe
                0x00000000000020f8        0xc /Users/keith/pebble-dev/PebbleSDK-2.0-BETA7/Pebble/lib/libpebble.a(tmpW5b3swpebble.o)
                0x00000000000020f8                tick_timer_service_subscribe
 .text.tick_timer_service_unsubscribe
                0x0000000000002104        0xc /Users/keith/pebble-dev/PebbleSDK-2.0-BETA7/Pebble/lib/libpebble.a(tmpW5b3swpebble.o)
                0x0000000000002104                tick_timer_service_unsubscribe
 .text.time     0x0000000000002110        0xc /Users/keith/pebble-dev/PebbleSDK-2.0-BETA7/Pebble/lib/libpebble.a(tmpW5b3swpebble.o)
                0x0000000000002110                time
 .text.vibes_double_pulse
                0x000000000000211c        0xc /Users/keith/pebble-dev/PebbleSDK-2.0-BETA7/Pebble/lib/libpebble.a(tmpW5b3swpebble.o)
                0x000000000000211c                vibes_double_pulse
 .text.vibes_long_pulse
                0x0000000000002128        0xc /Users/keith/pebble-dev/PebbleSDK-2.0-BETA7/Pebble/lib/libpebble.a(tmpW5b3swpebble.o)
                0x0000000000002128                vibes_long_pulse
 .text.window_create
                0x0000000000002134        0xc /Users/keith/pebble-dev/PebbleSDK-2.0-BETA7/Pebble/lib/libpebble.a(tmpW5b3swpebble.o)
                0x0000000000002134                window_create
 .text.window_get_root_layer
                0x0000000000002140        0xc /Users/keith/pebble-dev/PebbleSDK-2.0-BETA7/Pebble/lib/libpebble.a(tmpW5b3swpebble.o)
                0x0000000000002140                window_get_root_layer
 .text.window_set_background_color
                0x000000000000214c        0xc /Users/keith/pebble-dev/PebbleSDK-2.0-BETA7/Pebble/lib/libpebble.a(tmpW5b3swpebble.o)
                0x000000000000214c                window_set_background_color
 .text.window_set_click_config_provider
                0x0000000000002158        0xc /Users/keith/pebble-dev/PebbleSDK-2.0-BETA7/Pebble/lib/libpebble.a(tmpW5b3swpebble.o)
                0x0000000000002158                window_set_click_config_provider
 .text.window_set_fullscreen
                0x0000000000002164        0xc /Users/keith/pebble-dev/PebbleSDK-2.0-BETA7/Pebble/lib/libpebble.a(tmpW5b3swpebble.o)
                0x0000000000002164                window_set_fullscreen
 .text.window_stack_push
                0x0000000000002170        0xc /Users/keith/pebble-dev/PebbleSDK-2.0-BETA7/Pebble/lib/libpebble.a(tmpW5b3swpebble.o)
                0x0000000000002170                window_stack_push
 .text.app_focus_service_unsubscribe
                0x000000000000217c        0xc /Users/keith/pebble-dev/PebbleSDK-2.0-BETA7/Pebble/lib/libpebble.a(tmpW5b3swpebble.o)
                0x000000000000217c                app_focus_service_unsubscribe
 .text.app_message_outbox_begin
                0x0000000000002188        0xc /Users/keith/pebble-dev/PebbleSDK-2.0-BETA7/Pebble/lib/libpebble.a(tmpW5b3swpebble.o)
                0x0000000000002188                app_message_outbox_begin
 .text.app_message_outbox_send
                0x0000000000002194        0xc /Users/keith/pebble-dev/PebbleSDK-2.0-BETA7/Pebble/lib/libpebble.a(tmpW5b3swpebble.o)
                0x0000000000002194                app_message_outbox_send
 .text.app_message_register_inbox_dropped
                0x00000000000021a0        0xc /Users/keith/pebble-dev/PebbleSDK-2.0-BETA7/Pebble/lib/libpebble.a(tmpW5b3swpebble.o)
                0x00000000000021a0                app_message_register_inbox_dropped
 .text.app_message_register_inbox_received
                0x00000000000021ac        0xc /Users/keith/pebble-dev/PebbleSDK-2.0-BETA7/Pebble/lib/libpebble.a(tmpW5b3swpebble.o)
                0x00000000000021ac                app_message_register_inbox_received
 .text.app_message_register_outbox_failed
                0x00000000000021b8        0xc /Users/keith/pebble-dev/PebbleSDK-2.0-BETA7/Pebble/lib/libpebble.a(tmpW5b3swpebble.o)
                0x00000000000021b8                app_message_register_outbox_failed
 .text.app_message_register_outbox_sent
                0x00000000000021c4        0xc /Users/keith/pebble-dev/PebbleSDK-2.0-BETA7/Pebble/lib/libpebble.a(tmpW5b3swpebble.o)
                0x00000000000021c4                app_message_register_outbox_sent
 .text.app_message_set_context
                0x00000000000021d0        0xc /Users/keith/pebble-dev/PebbleSDK-2.0-BETA7/Pebble/lib/libpebble.a(tmpW5b3swpebble.o)
                0x00000000000021d0                app_message_set_context
 .text.window_long_click_subscribe
                0x00000000000021dc        0xc /Users/keith/pebble-dev/PebbleSDK-2.0-BETA7/Pebble/lib/libpebble.a(tmpW5b3swpebble.o)
                0x00000000000021dc                window_long_click_subscribe
 .text.persist_read_data
                0x00000000000021e8        0xc /Users/keith/pebble-dev/PebbleSDK-2.0-BETA7/Pebble/lib/libpebble.a(tmpW5b3swpebble.o)
                0x00000000000021e8                persist_read_data
 .text.persist_write_data
                0x00000000000021f4        0xc /Users/keith/pebble-dev/PebbleSDK-2.0-BETA7/Pebble/lib/libpebble.a(tmpW5b3swpebble.o)
                0x00000000000021f4                persist_write_data
 .text.accel_data_service_subscribe
                0x0000000000002200        0xc /Users/keith/pebble-dev/PebbleSDK-2.0-BETA7/Pebble/lib/libpebble.a(tmpW5b3swpebble.o)
                0x0000000000002200                accel_data_service_subscribe
 .text.memcmp   0x000000000000220c       0x20 /Users/keith/pebble-dev/PebbleSDK-2.0-BETA7/arm-cs-tools/bin/../lib/gcc/arm-none-eabi/4.7.2/../../../../arm-none-eabi/lib/thumb2/libc.a(lib_a-memcmp.o)
                0x000000000000220c                memcmp
 *(.rodata)
 .rodata        0x000000000000222c       0x80 src/main.c.18.o
 *(.rodata*)
 .rodata.str1.1
                0x00000000000022ac       0x32 src/main.c.18.o
 .rodata.str1.1
                0x00000000000022de      0x1a2 src/memoryandcalc.c.18.o
 .rodata.str1.1
                0x0000000000002480      0x12a src/morpheuz.c.18.o
                                        0x12b (size before relaxing)
 .rodata.str1.1
                0x00000000000025aa       0x18 src/powernap.c.18.o

.glue_7         0x00000000000025c4        0x0
 .glue_7        0x0000000000000000        0x0 linker stubs

.glue_7t        0x00000000000025c4        0x0
 .glue_7t       0x0000000000000000        0x0 linker stubs

.vfp11_veneer   0x00000000000025c4        0x0
 .vfp11_veneer  0x0000000000000000        0x0 linker stubs

.v4_bx          0x00000000000025c4        0x0
 .v4_bx         0x0000000000000000        0x0 linker stubs

.iplt           0x00000000000025c4        0x0
 .iplt          0x0000000000000000        0x0 /Users/keith/pebble-dev/PebbleSDK-2.0-BETA7/arm-cs-tools/bin/../lib/gcc/arm-none-eabi/4.7.2/thumb2/crtbegin.o

.rel.dyn        0x00000000000025c4        0x0
 .rel.iplt      0x0000000000000000        0x0 /Users/keith/pebble-dev/PebbleSDK-2.0-BETA7/arm-cs-tools/bin/../lib/gcc/arm-none-eabi/4.7.2/thumb2/crtbegin.o
 .rel.got       0x0000000000000000        0x0 /Users/keith/pebble-dev/PebbleSDK-2.0-BETA7/arm-cs-tools/bin/../lib/gcc/arm-none-eabi/4.7.2/thumb2/crtbegin.o

.data           0x00000000000025c4       0x32
 *(.data)
 .data          0x00000000000025c4        0x0 /Users/keith/pebble-dev/PebbleSDK-2.0-BETA7/arm-cs-tools/bin/../lib/gcc/arm-none-eabi/4.7.2/thumb2/crti.o
 .data          0x00000000000025c4        0x4 /Users/keith/pebble-dev/PebbleSDK-2.0-BETA7/arm-cs-tools/bin/../lib/gcc/arm-none-eabi/4.7.2/thumb2/crtbegin.o
                0x00000000000025c4                __dso_handle
 .data          0x00000000000025c8        0x0 src/main.c.18.o
 .data          0x00000000000025c8        0x0 src/memoryandcalc.c.18.o
 .data          0x00000000000025c8        0x0 src/morpheuz.c.18.o
 .data          0x00000000000025c8        0x0 src/powernap.c.18.o
 .data          0x00000000000025c8        0x0 appinfo.auto.c.18.o
 .data          0x00000000000025c8        0x0 /Users/keith/pebble-dev/PebbleSDK-2.0-BETA7/Pebble/lib/libpebble.a(tmpW5b3swpebble.o)
 .data          0x00000000000025c8        0x0 /Users/keith/pebble-dev/PebbleSDK-2.0-BETA7/arm-cs-tools/bin/../lib/gcc/arm-none-eabi/4.7.2/thumb2/libgcc.a(_arm_addsubdf3.o)
 .data          0x00000000000025c8        0x0 /Users/keith/pebble-dev/PebbleSDK-2.0-BETA7/arm-cs-tools/bin/../lib/gcc/arm-none-eabi/4.7.2/thumb2/libgcc.a(_arm_muldivdf3.o)
 .data          0x00000000000025c8        0x0 /Users/keith/pebble-dev/PebbleSDK-2.0-BETA7/arm-cs-tools/bin/../lib/gcc/arm-none-eabi/4.7.2/thumb2/libgcc.a(_arm_fixdfsi.o)
 .data          0x00000000000025c8        0x0 /Users/keith/pebble-dev/PebbleSDK-2.0-BETA7/arm-cs-tools/bin/../lib/gcc/arm-none-eabi/4.7.2/thumb2/libgcc.a(_arm_fixunsdfsi.o)
 .data          0x00000000000025c8        0x0 /Users/keith/pebble-dev/PebbleSDK-2.0-BETA7/arm-cs-tools/bin/../lib/gcc/arm-none-eabi/4.7.2/../../../../arm-none-eabi/lib/thumb2/libc.a(lib_a-memcmp.o)
 .data          0x00000000000025c8        0x0 /Users/keith/pebble-dev/PebbleSDK-2.0-BETA7/arm-cs-tools/bin/../lib/gcc/arm-none-eabi/4.7.2/thumb2/crtend.o
 .data          0x00000000000025c8        0x0 /Users/keith/pebble-dev/PebbleSDK-2.0-BETA7/arm-cs-tools/bin/../lib/gcc/arm-none-eabi/4.7.2/thumb2/crtn.o
 *(.data.*)
 .data.version.6590
                0x00000000000025c8        0x4 src/main.c.18.o
 .data.date_text
                0x00000000000025cc       0x10 src/main.c.18.o
 .data.time_text.6566
                0x00000000000025dc        0x6 src/main.c.18.o
 *fill*         0x00000000000025e2        0x2 
 .data.last_to  0x00000000000025e4        0x4 src/morpheuz.c.18.o
 .data.last_from
                0x00000000000025e8        0x4 src/morpheuz.c.18.o
 .data.base_context
                0x00000000000025ec        0x2 src/morpheuz.c.18.o
 .data.clear_context
                0x00000000000025ee        0x2 src/morpheuz.c.18.o
 .data.version_context
                0x00000000000025f0        0x2 src/morpheuz.c.18.o
 .data.goneoff_context
                0x00000000000025f2        0x2 src/morpheuz.c.18.o
 .data.point_context
                0x00000000000025f4        0x2 src/morpheuz.c.18.o

.igot.plt       0x00000000000025f8        0x0
 .igot.plt      0x0000000000000000        0x0 /Users/keith/pebble-dev/PebbleSDK-2.0-BETA7/arm-cs-tools/bin/../lib/gcc/arm-none-eabi/4.7.2/thumb2/crtbegin.o

.got            0x00000000000025f8        0xc
 .got           0x00000000000025f8        0xc /Users/keith/pebble-dev/PebbleSDK-2.0-BETA7/arm-cs-tools/bin/../lib/gcc/arm-none-eabi/4.7.2/thumb2/crtbegin.o

.got.plt        0x0000000000002604        0xc
 .got.plt       0x0000000000002604        0xc /Users/keith/pebble-dev/PebbleSDK-2.0-BETA7/arm-cs-tools/bin/../lib/gcc/arm-none-eabi/4.7.2/thumb2/crtbegin.o
                0x0000000000002604                _GLOBAL_OFFSET_TABLE_

.bss            0x0000000000002610      0x198
 *(.bss)
 *(.bss.*)
 .bss.bluetooth_bitmap
                0x0000000000002610        0x4 src/main.c.18.o
 .bss.record_bitmap
                0x0000000000002614        0x4 src/main.c.18.o
 .bss.text_date_layer
                0x0000000000002618        0x4 src/main.c.18.o
 .bss.icon_battery_charge
                0x000000000000261c        0x4 src/main.c.18.o
 .bss.logo_layer
                0x0000000000002620        0x4 src/main.c.18.o
 .bss.image_progress
                0x0000000000002624        0x4 src/main.c.18.o
 .bss.zzz_layer
                0x0000000000002628        0x4 src/main.c.18.o
 .bss.bluetooth_layer
                0x000000000000262c        0x4 src/main.c.18.o
 .bss.alarm_bitmap
                0x0000000000002630        0x4 src/main.c.18.o
 .bss.g_show_special_text
                0x0000000000002634        0x1 src/main.c.18.o
 *fill*         0x0000000000002635        0x3 
 .bss.battery_layer
                0x0000000000002638        0x4 src/main.c.18.o
 .bss.battery_plugged
                0x000000000000263c        0x1 src/main.c.18.o
 *fill*         0x000000000000263d        0x3 
 .bss.window    0x0000000000002640        0x4 src/main.c.18.o
 .bss.comms_bitmap
                0x0000000000002644        0x4 src/main.c.18.o
 .bss.alarm_layer
                0x0000000000002648        0x4 src/main.c.18.o
 .bss.line_layer
                0x000000000000264c        0x4 src/main.c.18.o
 .bss.text_version_layer
                0x0000000000002650        0x4 src/main.c.18.o
 .bss.record_layer
                0x0000000000002654        0x4 src/main.c.18.o
 .bss.progress_layer
                0x0000000000002658        0x4 src/main.c.18.o
 .bss.battery_level
                0x000000000000265c        0x1 src/main.c.18.o
 *fill*         0x000000000000265d        0x3 
 .bss.comms_layer
                0x0000000000002660        0x4 src/main.c.18.o
 .bss.logo_bitmap
                0x0000000000002664        0x4 src/main.c.18.o
 .bss.g_second  0x0000000000002668        0x1 src/main.c.18.o
 *fill*         0x0000000000002669        0x3 
 .bss.zzz_icon  0x000000000000266c        0x4 src/main.c.18.o
 .bss.icon_battery
                0x0000000000002670        0x4 src/main.c.18.o
 .bss.full_inverse_layer
                0x0000000000002674        0x4 src/main.c.18.o
 .bss.progress_level
                0x0000000000002678        0x1 src/main.c.18.o
 *fill*         0x0000000000002679        0x3 
 .bss.text_time_layer
                0x000000000000267c        0x4 src/main.c.18.o
 .bss.config_data
                0x0000000000002680       0x10 src/memoryandcalc.c.18.o
 .bss.internal_data
                0x0000000000002690       0x78 src/memoryandcalc.c.18.o
 .bss.save_config_requested
                0x0000000000002708        0x1 src/memoryandcalc.c.18.o
                0x0000000000002708                save_config_requested
 *fill*         0x0000000000002709        0x3 
 .bss.orig_internal_data
                0x000000000000270c       0x78 src/memoryandcalc.c.18.o
 .bss.last_accel
                0x0000000000002784        0x4 src/morpheuz.c.18.o
 .bss.inbound_size
                0x0000000000002788        0x4 src/morpheuz.c.18.o
 .bss.outbound_size
                0x000000000000278c        0x4 src/morpheuz.c.18.o
 .bss.alarm_count
                0x0000000000002790        0x1 src/morpheuz.c.18.o
 .bss.last_invert
                0x0000000000002791        0x1 src/morpheuz.c.18.o
 .bss.status_text.6534
                0x0000000000002792        0xf src/morpheuz.c.18.o
 .bss.sample_sets
                0x00000000000027a1        0x1 src/morpheuz.c.18.o
 .bss.two_minute_biggest
                0x00000000000027a2        0x2 src/morpheuz.c.18.o
 .bss.power_nap_settle_count
                0x00000000000027a4        0x1 src/powernap.c.18.o
 .bss.power_nap_mode
                0x00000000000027a5        0x1 src/powernap.c.18.o
 .bss.power_nap_minute_count
                0x00000000000027a6        0x2 src/powernap.c.18.o

DISCARD
 libc.a(*)
 libm.a(*)
 libgcc.a(*)
 *(.eh_frame)
OUTPUT(/Users/keith/morpheuz20/build/pebble-app.elf elf32-littlearm)

.ARM.attributes
                0x0000000000000000       0x27
 .ARM.attributes
                0x0000000000000000       0x19 /Users/keith/pebble-dev/PebbleSDK-2.0-BETA7/arm-cs-tools/bin/../lib/gcc/arm-none-eabi/4.7.2/thumb2/crti.o
 .ARM.attributes
                0x0000000000000019       0x29 /Users/keith/pebble-dev/PebbleSDK-2.0-BETA7/arm-cs-tools/bin/../lib/gcc/arm-none-eabi/4.7.2/thumb2/crtbegin.o
 .ARM.attributes
                0x0000000000000042       0x33 src/main.c.18.o
 .ARM.attributes
                0x0000000000000075       0x33 src/memoryandcalc.c.18.o
 .ARM.attributes
                0x00000000000000a8       0x33 src/morpheuz.c.18.o
 .ARM.attributes
                0x00000000000000db       0x33 src/powernap.c.18.o
 .ARM.attributes
                0x000000000000010e       0x33 appinfo.auto.c.18.o
 .ARM.attributes
                0x0000000000000141       0x21 /Users/keith/pebble-dev/PebbleSDK-2.0-BETA7/Pebble/lib/libpebble.a(tmpW5b3swpebble.o)
 .ARM.attributes
                0x0000000000000162       0x19 /Users/keith/pebble-dev/PebbleSDK-2.0-BETA7/arm-cs-tools/bin/../lib/gcc/arm-none-eabi/4.7.2/thumb2/libgcc.a(_arm_addsubdf3.o)
 .ARM.attributes
                0x000000000000017b       0x19 /Users/keith/pebble-dev/PebbleSDK-2.0-BETA7/arm-cs-tools/bin/../lib/gcc/arm-none-eabi/4.7.2/thumb2/libgcc.a(_arm_muldivdf3.o)
 .ARM.attributes
                0x0000000000000194       0x19 /Users/keith/pebble-dev/PebbleSDK-2.0-BETA7/arm-cs-tools/bin/../lib/gcc/arm-none-eabi/4.7.2/thumb2/libgcc.a(_arm_fixdfsi.o)
 .ARM.attributes
                0x00000000000001ad       0x19 /Users/keith/pebble-dev/PebbleSDK-2.0-BETA7/arm-cs-tools/bin/../lib/gcc/arm-none-eabi/4.7.2/thumb2/libgcc.a(_arm_fixunsdfsi.o)
 .ARM.attributes
                0x00000000000001c6       0x29 /Users/keith/pebble-dev/PebbleSDK-2.0-BETA7/arm-cs-tools/bin/../lib/gcc/arm-none-eabi/4.7.2/../../../../arm-none-eabi/lib/thumb2/libc.a(lib_a-memcmp.o)
 .ARM.attributes
                0x00000000000001ef       0x29 /Users/keith/pebble-dev/PebbleSDK-2.0-BETA7/arm-cs-tools/bin/../lib/gcc/arm-none-eabi/4.7.2/thumb2/crtend.o
 .ARM.attributes
                0x0000000000000218       0x19 /Users/keith/pebble-dev/PebbleSDK-2.0-BETA7/arm-cs-tools/bin/../lib/gcc/arm-none-eabi/4.7.2/thumb2/crtn.o

.comment        0x0000000000000000       0x4e
 .comment       0x0000000000000000       0x4e /Users/keith/pebble-dev/PebbleSDK-2.0-BETA7/arm-cs-tools/bin/../lib/gcc/arm-none-eabi/4.7.2/thumb2/crtbegin.o
                                         0x4f (size before relaxing)
 .comment       0x0000000000000000       0x4f src/main.c.18.o
 .comment       0x0000000000000000       0x4f src/memoryandcalc.c.18.o
 .comment       0x0000000000000000       0x4f src/morpheuz.c.18.o
 .comment       0x0000000000000000       0x4f src/powernap.c.18.o
 .comment       0x0000000000000000       0x4f appinfo.auto.c.18.o
 .comment       0x0000000000000000       0x4f /Users/keith/pebble-dev/PebbleSDK-2.0-BETA7/arm-cs-tools/bin/../lib/gcc/arm-none-eabi/4.7.2/../../../../arm-none-eabi/lib/thumb2/libc.a(lib_a-memcmp.o)
 .comment       0x0000000000000000       0x4f /Users/keith/pebble-dev/PebbleSDK-2.0-BETA7/arm-cs-tools/bin/../lib/gcc/arm-none-eabi/4.7.2/thumb2/crtend.o

.debug_info     0x0000000000000000     0x4ccd
 .debug_info    0x0000000000000000     0x1bbc src/main.c.18.o
 .debug_info    0x0000000000001bbc      0xd68 src/memoryandcalc.c.18.o
 .debug_info    0x0000000000002924     0x17eb src/morpheuz.c.18.o
 .debug_info    0x000000000000410f      0x47e src/powernap.c.18.o
 .debug_info    0x000000000000458d      0x364 appinfo.auto.c.18.o
 .debug_info    0x00000000000048f1       0xb9 /Users/keith/pebble-dev/PebbleSDK-2.0-BETA7/arm-cs-tools/bin/../lib/gcc/arm-none-eabi/4.7.2/thumb2/libgcc.a(_arm_addsubdf3.o)
 .debug_info    0x00000000000049aa       0xb9 /Users/keith/pebble-dev/PebbleSDK-2.0-BETA7/arm-cs-tools/bin/../lib/gcc/arm-none-eabi/4.7.2/thumb2/libgcc.a(_arm_muldivdf3.o)
 .debug_info    0x0000000000004a63       0xb9 /Users/keith/pebble-dev/PebbleSDK-2.0-BETA7/arm-cs-tools/bin/../lib/gcc/arm-none-eabi/4.7.2/thumb2/libgcc.a(_arm_fixdfsi.o)
 .debug_info    0x0000000000004b1c       0xb9 /Users/keith/pebble-dev/PebbleSDK-2.0-BETA7/arm-cs-tools/bin/../lib/gcc/arm-none-eabi/4.7.2/thumb2/libgcc.a(_arm_fixunsdfsi.o)
 .debug_info    0x0000000000004bd5       0xf8 /Users/keith/pebble-dev/PebbleSDK-2.0-BETA7/arm-cs-tools/bin/../lib/gcc/arm-none-eabi/4.7.2/../../../../arm-none-eabi/lib/thumb2/libc.a(lib_a-memcmp.o)

.debug_abbrev   0x0000000000000000     0x10c5
 .debug_abbrev  0x0000000000000000      0x456 src/main.c.18.o
 .debug_abbrev  0x0000000000000456      0x3bf src/memoryandcalc.c.18.o
 .debug_abbrev  0x0000000000000815      0x4db src/morpheuz.c.18.o
 .debug_abbrev  0x0000000000000cf0      0x24a src/powernap.c.18.o
 .debug_abbrev  0x0000000000000f3a       0xab appinfo.auto.c.18.o
 .debug_abbrev  0x0000000000000fe5       0x14 /Users/keith/pebble-dev/PebbleSDK-2.0-BETA7/arm-cs-tools/bin/../lib/gcc/arm-none-eabi/4.7.2/thumb2/libgcc.a(_arm_addsubdf3.o)
 .debug_abbrev  0x0000000000000ff9       0x14 /Users/keith/pebble-dev/PebbleSDK-2.0-BETA7/arm-cs-tools/bin/../lib/gcc/arm-none-eabi/4.7.2/thumb2/libgcc.a(_arm_muldivdf3.o)
 .debug_abbrev  0x000000000000100d       0x14 /Users/keith/pebble-dev/PebbleSDK-2.0-BETA7/arm-cs-tools/bin/../lib/gcc/arm-none-eabi/4.7.2/thumb2/libgcc.a(_arm_fixdfsi.o)
 .debug_abbrev  0x0000000000001021       0x14 /Users/keith/pebble-dev/PebbleSDK-2.0-BETA7/arm-cs-tools/bin/../lib/gcc/arm-none-eabi/4.7.2/thumb2/libgcc.a(_arm_fixunsdfsi.o)
 .debug_abbrev  0x0000000000001035       0x90 /Users/keith/pebble-dev/PebbleSDK-2.0-BETA7/arm-cs-tools/bin/../lib/gcc/arm-none-eabi/4.7.2/../../../../arm-none-eabi/lib/thumb2/libc.a(lib_a-memcmp.o)

.debug_loc      0x0000000000000000     0x158e
 .debug_loc     0x0000000000000000      0x55b src/main.c.18.o
 .debug_loc     0x000000000000055b      0x553 src/memoryandcalc.c.18.o
 .debug_loc     0x0000000000000aae      0x936 src/morpheuz.c.18.o
 .debug_loc     0x00000000000013e4      0x117 src/powernap.c.18.o
 .debug_loc     0x00000000000014fb       0x93 /Users/keith/pebble-dev/PebbleSDK-2.0-BETA7/arm-cs-tools/bin/../lib/gcc/arm-none-eabi/4.7.2/../../../../arm-none-eabi/lib/thumb2/libc.a(lib_a-memcmp.o)

.debug_aranges  0x0000000000000000      0x2d0
 .debug_aranges
                0x0000000000000000       0xa0 src/main.c.18.o
 .debug_aranges
                0x00000000000000a0       0x80 src/memoryandcalc.c.18.o
 .debug_aranges
                0x0000000000000120       0xa0 src/morpheuz.c.18.o
 .debug_aranges
                0x00000000000001c0       0x58 src/powernap.c.18.o
 .debug_aranges
                0x0000000000000218       0x18 appinfo.auto.c.18.o
 .debug_aranges
                0x0000000000000230       0x20 /Users/keith/pebble-dev/PebbleSDK-2.0-BETA7/arm-cs-tools/bin/../lib/gcc/arm-none-eabi/4.7.2/thumb2/libgcc.a(_arm_addsubdf3.o)
 .debug_aranges
                0x0000000000000250       0x20 /Users/keith/pebble-dev/PebbleSDK-2.0-BETA7/arm-cs-tools/bin/../lib/gcc/arm-none-eabi/4.7.2/thumb2/libgcc.a(_arm_muldivdf3.o)
 .debug_aranges
                0x0000000000000270       0x20 /Users/keith/pebble-dev/PebbleSDK-2.0-BETA7/arm-cs-tools/bin/../lib/gcc/arm-none-eabi/4.7.2/thumb2/libgcc.a(_arm_fixdfsi.o)
 .debug_aranges
                0x0000000000000290       0x20 /Users/keith/pebble-dev/PebbleSDK-2.0-BETA7/arm-cs-tools/bin/../lib/gcc/arm-none-eabi/4.7.2/thumb2/libgcc.a(_arm_fixunsdfsi.o)
 .debug_aranges
                0x00000000000002b0       0x20 /Users/keith/pebble-dev/PebbleSDK-2.0-BETA7/arm-cs-tools/bin/../lib/gcc/arm-none-eabi/4.7.2/../../../../arm-none-eabi/lib/thumb2/libc.a(lib_a-memcmp.o)

.debug_ranges   0x0000000000000000      0x3f8
 .debug_ranges  0x0000000000000000       0x90 src/main.c.18.o
 .debug_ranges  0x0000000000000090       0x88 src/memoryandcalc.c.18.o
 .debug_ranges  0x0000000000000118      0x258 src/morpheuz.c.18.o
 .debug_ranges  0x0000000000000370       0x78 src/powernap.c.18.o
 .debug_ranges  0x00000000000003e8       0x10 /Users/keith/pebble-dev/PebbleSDK-2.0-BETA7/arm-cs-tools/bin/../lib/gcc/arm-none-eabi/4.7.2/../../../../arm-none-eabi/lib/thumb2/libc.a(lib_a-memcmp.o)

.debug_line     0x0000000000000000     0x17c8
 .debug_line    0x0000000000000000      0x47f src/main.c.18.o
 .debug_line    0x000000000000047f      0x441 src/memoryandcalc.c.18.o
 .debug_line    0x00000000000008c0      0x510 src/morpheuz.c.18.o
 .debug_line    0x0000000000000dd0      0x26a src/powernap.c.18.o
 .debug_line    0x000000000000103a      0x124 appinfo.auto.c.18.o
 .debug_line    0x000000000000115e      0x20a /Users/keith/pebble-dev/PebbleSDK-2.0-BETA7/arm-cs-tools/bin/../lib/gcc/arm-none-eabi/4.7.2/thumb2/libgcc.a(_arm_addsubdf3.o)
 .debug_line    0x0000000000001368      0x226 /Users/keith/pebble-dev/PebbleSDK-2.0-BETA7/arm-cs-tools/bin/../lib/gcc/arm-none-eabi/4.7.2/thumb2/libgcc.a(_arm_muldivdf3.o)
 .debug_line    0x000000000000158e       0x86 /Users/keith/pebble-dev/PebbleSDK-2.0-BETA7/arm-cs-tools/bin/../lib/gcc/arm-none-eabi/4.7.2/thumb2/libgcc.a(_arm_fixdfsi.o)
 .debug_line    0x0000000000001614       0x82 /Users/keith/pebble-dev/PebbleSDK-2.0-BETA7/arm-cs-tools/bin/../lib/gcc/arm-none-eabi/4.7.2/thumb2/libgcc.a(_arm_fixunsdfsi.o)
 .debug_line    0x0000000000001696      0x132 /Users/keith/pebble-dev/PebbleSDK-2.0-BETA7/arm-cs-tools/bin/../lib/gcc/arm-none-eabi/4.7.2/../../../../arm-none-eabi/lib/thumb2/libc.a(lib_a-memcmp.o)

.debug_str      0x0000000000000000     0x1bea
 .debug_str     0x0000000000000000      0xdcb src/main.c.18.o
                                        0xe8f (size before relaxing)
 .debug_str     0x0000000000000dcb      0x2a1 src/memoryandcalc.c.18.o
                                        0x562 (size before relaxing)
 .debug_str     0x000000000000106c      0x83d src/morpheuz.c.18.o
                                        0xc17 (size before relaxing)
 .debug_str     0x00000000000018a9      0x157 src/powernap.c.18.o
                                        0x310 (size before relaxing)
 .debug_str     0x0000000000001a00      0x14f appinfo.auto.c.18.o
                                        0x37d (size before relaxing)
 .debug_str     0x0000000000001b4f       0x9b /Users/keith/pebble-dev/PebbleSDK-2.0-BETA7/arm-cs-tools/bin/../lib/gcc/arm-none-eabi/4.7.2/../../../../arm-none-eabi/lib/thumb2/libc.a(lib_a-memcmp.o)
                                        0x147 (size before relaxing)

.debug_frame    0x0000000000000000      0x5e4
 .debug_frame   0x0000000000000000      0x1d8 src/main.c.18.o
 .debug_frame   0x00000000000001d8      0x168 src/memoryandcalc.c.18.o
 .debug_frame   0x0000000000000340      0x1d0 src/morpheuz.c.18.o
 .debug_frame   0x0000000000000510       0xa8 src/powernap.c.18.o
 .debug_frame   0x00000000000005b8       0x2c /Users/keith/pebble-dev/PebbleSDK-2.0-BETA7/arm-cs-tools/bin/../lib/gcc/arm-none-eabi/4.7.2/../../../../arm-none-eabi/lib/thumb2/libc.a(lib_a-memcmp.o)
